Component: ARM Compiler 5.06 update 6 (build 750) Tool: armlink [4d35ed]

==============================================================================

Section Cross References

    main.o(.text) refers to init.o(.text) for Init
    main.o(.text) refers to mission.o(.text) for mission_temp
    main.o(.text) refers to delay.o(.text) for delay_ms
    system_stm32f4xx.o(.text) refers to system_stm32f4xx.o(.data) for SystemCoreClock
    startup_stm32f40_41xxx.o(STACK) refers (Special) to heapauxi.o(.text) for __use_two_region_memory
    startup_stm32f40_41xxx.o(HEAP) refers (Special) to heapauxi.o(.text) for __use_two_region_memory
    startup_stm32f40_41xxx.o(RESET) refers (Special) to heapauxi.o(.text) for __use_two_region_memory
    startup_stm32f40_41xxx.o(RESET) refers to startup_stm32f40_41xxx.o(STACK) for __initial_sp
    startup_stm32f40_41xxx.o(RESET) refers to startup_stm32f40_41xxx.o(.text) for Reset_Handler
    startup_stm32f40_41xxx.o(RESET) refers to stm32f4xx_it.o(.text) for NMI_Handler
    startup_stm32f40_41xxx.o(RESET) refers to interrupt.o(.text) for CAN1_RX0_IRQHandler
    startup_stm32f40_41xxx.o(.text) refers (Special) to heapauxi.o(.text) for __use_two_region_memory
    startup_stm32f40_41xxx.o(.text) refers to system_stm32f4xx.o(.text) for SystemInit
    startup_stm32f40_41xxx.o(.text) refers to __main.o(!!!main) for __main
    startup_stm32f40_41xxx.o(.text) refers to startup_stm32f40_41xxx.o(HEAP) for Heap_Mem
    startup_stm32f40_41xxx.o(.text) refers to startup_stm32f40_41xxx.o(STACK) for Stack_Mem
    stm32f4xx_adc.o(.text) refers to stm32f4xx_rcc.o(.text) for RCC_APB2PeriphResetCmd
    stm32f4xx_can.o(.text) refers to stm32f4xx_rcc.o(.text) for RCC_APB1PeriphResetCmd
    stm32f4xx_cryp.o(.text) refers to stm32f4xx_rcc.o(.text) for RCC_AHB2PeriphResetCmd
    stm32f4xx_cryp_aes.o(.text) refers to stm32f4xx_cryp.o(.text) for CRYP_KeyStructInit
    stm32f4xx_cryp_des.o(.text) refers to stm32f4xx_cryp.o(.text) for CRYP_KeyStructInit
    stm32f4xx_cryp_tdes.o(.text) refers to stm32f4xx_cryp.o(.text) for CRYP_KeyStructInit
    stm32f4xx_dac.o(.text) refers to stm32f4xx_rcc.o(.text) for RCC_APB1PeriphResetCmd
    stm32f4xx_dma2d.o(.text) refers to stm32f4xx_rcc.o(.text) for RCC_AHB1PeriphResetCmd
    stm32f4xx_fsmc.o(.text) refers to stm32f4xx_fsmc.o(.constdata) for FSMC_DefaultTimingStruct
    stm32f4xx_gpio.o(.text) refers to stm32f4xx_rcc.o(.text) for RCC_AHB1PeriphResetCmd
    stm32f4xx_hash.o(.text) refers to stm32f4xx_rcc.o(.text) for RCC_AHB2PeriphResetCmd
    stm32f4xx_hash_md5.o(.text) refers to stm32f4xx_hash.o(.text) for HASH_DeInit
    stm32f4xx_hash_sha1.o(.text) refers to stm32f4xx_hash.o(.text) for HASH_DeInit
    stm32f4xx_i2c.o(.text) refers to stm32f4xx_rcc.o(.text) for RCC_APB1PeriphResetCmd
    stm32f4xx_ltdc.o(.text) refers to stm32f4xx_rcc.o(.text) for RCC_APB2PeriphResetCmd
    stm32f4xx_pwr.o(.text) refers to stm32f4xx_rcc.o(.text) for RCC_APB1PeriphResetCmd
    stm32f4xx_rcc.o(.text) refers to stm32f4xx_rcc.o(.data) for APBAHBPrescTable
    stm32f4xx_rng.o(.text) refers to stm32f4xx_rcc.o(.text) for RCC_AHB2PeriphResetCmd
    stm32f4xx_sai.o(.text) refers to stm32f4xx_rcc.o(.text) for RCC_APB2PeriphResetCmd
    stm32f4xx_sdio.o(.text) refers to stm32f4xx_rcc.o(.text) for RCC_APB2PeriphResetCmd
    stm32f4xx_spi.o(.text) refers to stm32f4xx_rcc.o(.text) for RCC_APB2PeriphResetCmd
    stm32f4xx_syscfg.o(.text) refers to stm32f4xx_rcc.o(.text) for RCC_APB2PeriphResetCmd
    stm32f4xx_tim.o(.text) refers to stm32f4xx_rcc.o(.text) for RCC_APB2PeriphResetCmd
    stm32f4xx_usart.o(.text) refers to stm32f4xx_rcc.o(.text) for RCC_APB2PeriphResetCmd
    stm32f4xx_wwdg.o(.text) refers to stm32f4xx_rcc.o(.text) for RCC_APB1PeriphResetCmd
    delay.o(.text) refers to misc.o(.text) for SysTick_CLKSourceConfig
    delay.o(.text) refers to delay.o(.data) for fac_us
    usart.o(.rev16_text) refers (Special) to use_no_semi_2.o(.text) for __use_no_semihosting
    usart.o(.revsh_text) refers (Special) to use_no_semi_2.o(.text) for __use_no_semihosting
    usart.o(.text) refers (Special) to use_no_semi_2.o(.text) for __use_no_semihosting
    usart.o(.text) refers to stm32f4xx_rcc.o(.text) for RCC_AHB1PeriphClockCmd
    usart.o(.text) refers to stm32f4xx_gpio.o(.text) for GPIO_PinAFConfig
    usart.o(.text) refers to stm32f4xx_usart.o(.text) for USART_Init
    usart.o(.text) refers to misc.o(.text) for NVIC_Init
    usart.o(.bss) refers (Special) to use_no_semi_2.o(.text) for __use_no_semihosting
    usart.o(.data) refers (Special) to use_no_semi_2.o(.text) for __use_no_semihosting
    init.o(.text) refers to stm32f4xx_gpio.o(.text) for GPIO_SetBits
    init.o(.text) refers to delay.o(.text) for delay_ms
    init.o(.text) refers to gyro.o(.text) for GYRO_Init
    init.o(.text) refers to elmo.o(.text) for ELMO_Init
    init.o(.text) refers to pid_control.o(.text) for m3508_PID_Para_Init
    init.o(.text) refers to misc.o(.text) for NVIC_PriorityGroupConfig
[...]
    .text                                    0x08000270   Section        0  main.o(.text)
    .text                                    0x08000284   Section        0  stm32f4xx_it.o(.text)
    .text                                    0x080002a0   Section        0  system_stm32f4xx.o(.text)
    SetSysClock                              0x080002a1   Thumb Code   220  system_stm32f4xx.o(.text)
    .text                                    0x080004b0   Section       64  startup_stm32f40_41xxx.o(.text)
    $v0                                      0x080004b0   Number         0  startup_stm32f40_41xxx.o(.text)
    .text                                    0x080004f0   Section        0  misc.o(.text)
    .text                                    0x080005d0   Section        0  stm32f4xx_can.o(.text)
    CheckITStatus                            0x08000dd3   Thumb Code    18  stm32f4xx_can.o(.text)
    .text                                    0x08000fc0   Section        0  stm32f4xx_gpio.o(.text)
    .text                                    0x08001254   Section        0  stm32f4xx_rcc.o(.text)
    .text                                    0x080018b0   Section        0  stm32f4xx_tim.o(.text)
    TI4_Config                               0x0800204f   Thumb Code    80  stm32f4xx_tim.o(.text)
    TI3_Config                               0x080020b1   Thumb Code    72  stm32f4xx_tim.o(.text)
    TI2_Config                               0x08002113   Thumb Code    90  stm32f4xx_tim.o(.text)
    TI1_Config                               0x0800217f   Thumb Code    58  stm32f4xx_tim.o(.text)
    .text                                    0x08002554   Section        0  stm32f4xx_usart.o(.text)
    .text                                    0x080029a8   Section        0  delay.o(.text)
    .text                                    0x08002aac   Section        0  usart.o(.text)
    .text                                    0x08002b74   Section        0  init.o(.text)
    .text                                    0x0800310c   Section        0  interrupt.o(.text)
    .text                                    0x08003430   Section        0  elmo.o(.text)
    .text                                    0x0800384c   Section        0  sensor.o(.text)
    .text                                    0x08003cf4   Section        0  gyro.o(.text)
    GYRO_Reset_Module                        0x08003ded   Thumb Code    48  gyro.o(.text)
    .text                                    0x08003e78   Section        0  m3508_control.o(.text)
    .text                                    0x080048fc   Section        0  basial_move.o(.text)
    .text                                    0x080050f4   Section        0  pid_control.o(.text)
    .text                                    0x080053a4   Section        0  mission.o(.text)
    .text                                    0x080054a8   Section        2  use_no_semi_2.o(.text)
    .text                                    0x080054ac   Section        0  noretval__2printf.o(.text)
    .text                                    0x080054c4   Section        0  __printf.o(.text)
    .text                                    0x0800552c   Section        0  _printf_dec.o(.text)
    .text                                    0x080055a4   Section        0  heapauxi.o(.text)
    .text                                    0x080055aa   Section        2  use_no_semi.o(.text)
    .text                                    0x080055ac   Section        0  _rserrno.o(.text)
    .text                                    0x080055c2   Section        0  _printf_intcommon.o(.text)
    .text                                    0x08005674   Section        0  _printf_char_file.o(.text)
    .text                                    0x08005698   Section        8  rt_errno_addr_intlibspace.o(.text)
    .text                                    0x080056a0   Section        0  _printf_char_common.o(.text)
    _printf_input_char                       0x080056a1   Thumb Code    10  _printf_char_common.o(.text)
    .text                                    0x080056d0   Section        0  ferror.o(.text)
    .text                                    0x080056d8   Section        8  libspace.o(.text)
    .text                                    0x080056e0   Section       74  sys_stackheap_outer.o(.text)
    .text                                    0x0800572a   Section        0  exit.o(.text)
    i.__ARM_fpclassifyf                      0x0800573c   Section        0  fpclassifyf.o(i.__ARM_fpclassifyf)
    i.__hardfp_cosf                          0x08005764   Section        0  cosf.o(i.__hardfp_cosf)
    i.__hardfp_sinf                          0x080058b4   Section        0  sinf.o(i.__hardfp_sinf)
    i.__mathlib_flt_infnan                   0x08005a44   Section        0  funder.o(i.__mathlib_flt_infnan)
    i.__mathlib_flt_invalid                  0x08005a4c   Section        0  funder.o(i.__mathlib_flt_invalid)
    i.__mathlib_flt_underflow                0x08005a5c   Section        0  funder.o(i.__mathlib_flt_underflow)
    i.__mathlib_rredf2                       0x08005a6c   Section        0  rredf.o(i.__mathlib_rredf2)
    x$fpl$basic                              0x08005bc0   Section       24  basic.o(x$fpl$basic)
    $v0                                      0x08005bc0   Number         0  basic.o(x$fpl$basic)
    x$fpl$d2f                                0x08005bd8   Section       98  d2f.o(x$fpl$d2f)
    $v0                                      0x08005bd8   Number         0  d2f.o(x$fpl$d2f)
    x$fpl$dadd                               0x08005c3c   Section      336  daddsub_clz.o(x$fpl$dadd)
    $v0                                      0x08005c3c   Number         0  daddsub_clz.o(x$fpl$dadd)
    _dadd1                                   0x08005c4d   Thumb Code     0  daddsub_clz.o(x$fpl$dadd)
    x$fpl$dcmpinf                            0x08005d8c   Section       24  dcmpi.o(x$fpl$dcmpinf)
    $v0                                      0x08005d8c   Number         0  dcmpi.o(x$fpl$dcmpinf)
    x$fpl$ddiv                               0x08005da4   Section      688  ddiv.o(x$fpl$ddiv)
    $v0                                      0x08005da4   Number         0  ddiv.o(x$fpl$ddiv)
    ddiv_entry                               0x08005dab   Thumb Code     0  ddiv.o(x$fpl$ddiv)
    x$fpl$dfix                               0x08006054   Section       94  dfix.o(x$fpl$dfix)
    $v0                                      0x08006054   Number         0  dfix.o(x$fpl$dfix)
    x$fpl$dflt                               0x080060b2   Section       46  dflt_clz.o(x$fpl$dflt)
    $v0                                      0x080060b2   Number         0  dflt_clz.o(x$fpl$dflt)
    x$fpl$dfltll                             0x080060e0   Section      162  dfltll_clz.o(x$fpl$dfltll)
    $v0                                      0x080060e0   Number         0  dfltll_clz.o(x$fpl$dfltll)
    x$fpl$dleqf                              0x08006184   Section      120  dleqf.o(x$fpl$dleqf)
    $v0                                      0x08006184   Number         0  dleqf.o(x$fpl$dleqf)
    x$fpl$dmul                               0x080061fc   Section      340  dmul.o(x$fpl$dmul)
    $v0                                      0x080061fc   Number         0  dmul.o(x$fpl$dmul)
    x$fpl$dnaninf                            0x08006350   Section      156  dnaninf.o(x$fpl$dnaninf)
    $v0                                      0x08006350   Number         0  dnaninf.o(x$fpl$dnaninf)
    x$fpl$dretinf                            0x080063ec   Section       12  dretinf.o(x$fpl$dretinf)
    $v0                                      0x080063ec   Number         0  dretinf.o(x$fpl$dretinf)
    x$fpl$drleqf                             0x080063f8   Section      108  drleqf.o(x$fpl$drleqf)
    $v0                                      0x080063f8   Number         0  drleqf.o(x$fpl$drleqf)
    x$fpl$dsub                               0x08006464   Section      468  daddsub_clz.o(x$fpl$dsub)
    $v0                                      0x08006464   Number         0  daddsub_clz.o(x$fpl$dsub)
    _dsub1                                   0x08006475   Thumb Code     0  daddsub_clz.o(x$fpl$dsub)
    x$fpl$f2d                                0x08006638   Section       86  f2d.o(x$fpl$f2d)
    $v0                                      0x08006638   Number         0  f2d.o(x$fpl$f2d)
    x$fpl$ffltll                             0x0800668e   Section       96  ffltll_clz.o(x$fpl$ffltll)
    $v0                                      0x0800668e   Number         0  ffltll_clz.o(x$fpl$ffltll)
    x$fpl$fnaninf                            0x080066ee   Section      140  fnaninf.o(x$fpl$fnaninf)
    $v0                                      0x080066ee   Number         0  fnaninf.o(x$fpl$fnaninf)
    x$fpl$fpinit                             0x0800677a   Section       10  fpinit.o(x$fpl$fpinit)
    $v0                                      0x0800677a   Number         0  fpinit.o(x$fpl$fpinit)
    x$fpl$fretinf                            0x08006784   Section       10  fretinf.o(x$fpl$fretinf)
    $v0                                      0x08006784   Number         0  fretinf.o(x$fpl$fretinf)
    x$fpl$llsfromd                           0x08006790   Section      194  dfixll.o(x$fpl$llsfromd)
    $v0                                      0x08006790   Number         0  dfixll.o(x$fpl$llsfromd)
    x$fpl$llsfromf                           0x08006854   Section      134  ffixll.o(x$fpl$llsfromf)
    $v0                                      0x08006854   Number         0  ffixll.o(x$fpl$llsfromf)
    x$fpl$usenofp                            0x080068da   Section        0  usenofp.o(x$fpl$usenofp)
    .constdata                               0x080068dc   Section       32  rredf.o(.constdata)
    twooverpi                                0x080068dc   Data          32  rredf.o(.constdata)
    .data                                    0x20000000   Section       20  system_stm32f4xx.o(.data)
    .data                                    0x20000014   Section       16  stm32f4xx_rcc.o(.data)
    APBAHBPrescTable                         0x20000014   Data          16  stm32f4xx_rcc.o(.data)
    .data                                    0x20000024   Section        4  delay.o(.data)
    fac_us                                   0x20000024   Data           1  delay.o(.data)
    fac_ms                                   0x20000026   Data           2  delay.o(.data)
    .data                                    0x20000028   Section        6  usart.o(.data)
    .data                                    0x20000030   Section       48  sensor.o(.data)
    .data                                    0x20000060   Section       40  m3508_control.o(.data)
    .data                                    0x20000088   Section        8  basial_move.o(.data)
    .data                                    0x20000090   Section       12  pid_control.o(.data)
    .data                                    0x2000009c   Section      192  pid_parameter.o(.data)
    .bss                                     0x2000015c   Section       20  elmo.o(.bss)
    .bss                                     0x20000170   Section       12  sensor.o(.bss)
    .bss                                     0x20000180   Section     2544  m3508_control.o(.bss)
    .bss                                     0x20000b70   Section       16  basial_move.o(.bss)
    Static_Wheel_Spd                         0x20000b70   Data          16  basial_move.o(.bss)
    .bss                                     0x20000b80   Section       96  libspace.o(.bss)
    HEAP                                     0x20000be0   Section      512  startup_stm32f40_41xxx.o(HEAP)
    Heap_Mem                                 0x20000be0   Data         512  startup_stm32f40_41xxx.o(HEAP)
    STACK                                    0x20000de0   Section     1024  startup_stm32f40_41xxx.o(STACK)
    Stack_Mem                                0x20000de0   Data        1024  startup_stm32f40_41xxx.o(STACK)
    __initial_sp                             0x200011e0   Data           0  startup_stm32f40_41xxx.o(STACK)

    Global Symbols

    Symbol Name                              Value     Ov Type        Size  Object(Section)

    BuildAttributes$$THM_ISAv4$E$P$D$K$B$S$7EM$VFPi3$EXTD16$VFPS$VFMA$PE$A:L22UL41UL21$X:L11$S22US41US21$IEEE1$IW$USESV6$~STKCKD$USESV7$~SHL$OTIME$ROPI$IEEEX$EBA8$UX$STANDARDLIB$REQ8$PRES8$EABIv2 0x00000000   Number         0  anon$$obj.o ABSOLUTE
    __ARM_use_no_argv                        0x00000000   Number         0  main.o ABSOLUTE
    __ARM_exceptions_init                     - Undefined Weak Reference
    __alloca_initialize                       - Undefined Weak Reference
    __arm_preinit_                            - Undefined Weak Reference
    __cpp_initialize__aeabi_                  - Undefined Weak Reference
    __cxa_finalize                            - Undefined Weak Reference
    __rt_locale                               - Undefined Weak Reference
    __sigvec_lookup                           - Undefined Weak Reference
    _atexit_init                              - Undefined Weak Reference
    _call_atexit_fns                          - Undefined Weak Reference
    _clock_init                               - Undefined Weak Reference
    _fp_trap_init                             - Undefined Weak Reference
    _fp_trap_shutdown                         - Undefined Weak Reference
    _get_lc_collate                           - Undefined Weak Reference
    _get_lc_ctype                             - Undefined Weak Reference
    _get_lc_monetary                          - Undefined Weak Reference
    _get_lc_numeric                           - Undefined Weak Reference
    _get_lc_time                              - Undefined Weak Reference
    _getenv_init                              - Undefined Weak Reference
    _handle_redirection                       - Undefined Weak Reference
    _init_alloc                               - Undefined Weak Reference
    _init_user_alloc                          - Undefined Weak Reference
    _initio                                   - Undefined Weak Reference
    _mutex_acquire                            - Undefined Weak Reference
    _mutex_release                            - Undefined Weak Reference
    _printf_post_padding                      - Undefined Weak Reference
    _printf_pre_padding                       - Undefined Weak Reference
    _printf_truncate_signed                   - Undefined Weak Reference
    _printf_truncate_unsigned                 - Undefined Weak Reference
    _rand_init                                - Undefined Weak Reference
    _signal_finish                            - Undefined Weak Reference
    _signal_init                              - Undefined Weak Reference
    _terminate_alloc                          - Undefined Weak Reference
    _terminate_user_alloc                     - Undefined Weak Reference
    _terminateio                              - Undefined Weak Reference
    __Vectors_Size                           0x00000188   Number         0  startup_stm32f40_41xxx.o ABSOLUTE
    __Vectors                                0x08000000   Data           4  startup_stm32f40_41xxx.o(RESET)
    __Vectors_End                            0x08000188   Data           0  startup_stm32f40_41xxx.o(RESET)
    __main                                   0x08000189   Thumb Code     8  __main.o(!!!main)
    __scatterload                            0x08000191   Thumb Code     0  __scatter.o(!!!scatter)
    __scatterload_rt2                        0x08000191   Thumb Code    44  __scatter.o(!!!scatter)
    __scatterload_rt2_thumb_only             0x08000191   Thumb Code     0  __scatter.o(!!!scatter)
    __scatterload_null                       0x0800019f   Thumb Code     0  __scatter.o(!!!scatter)
    __decompress                             0x080001c5   Thumb Code    90  __dczerorl2.o(!!dczerorl2)
    __decompress1                            0x080001c5   Thumb Code     0  __dczerorl2.o(!!dczerorl2)
    __scatterload_zeroinit                   0x08000221   Thumb Code    28  __scatter_zi.o(!!handler_zi)
    _printf_d                                0x0800023d   Thumb Code     0  _printf_d.o(.ARM.Collect$$_printf_percent$$00000009)
    _printf_percent                          0x0800023d   Thumb Code     0  _printf_percent.o(.ARM.Collect$$_printf_percent$$00000000)
    _printf_percent_end                      0x08000243   Thumb Code     0  _printf_percent_end.o(.ARM.Collect$$_printf_percent$$00000017)
    __rt_lib_init                            0x08000247   Thumb Code     0  libinit.o(.ARM.Collect$$libinit$$00000000)
    __rt_lib_init_fp_1                       0x08000249   Thumb Code     0  libinit2.o(.ARM.Collect$$libinit$$00000001)
    __rt_lib_init_alloca_1                   0x0800024d   Thumb Code     0  libinit2.o(.ARM.Collect$$libinit$$0000002E)
    __rt_lib_init_argv_1                     0x0800024d   Thumb Code     0  libinit2.o(.ARM.Collect$$libinit$$0000002C)
    __rt_lib_init_atexit_1                   0x0800024d   Thumb Code     0  libinit2.o(.ARM.Collect$$libinit$$0000001B)
    __rt_lib_init_clock_1                    0x0800024d   Thumb Code     0  libinit2.o(.ARM.Collect$$libinit$$00000021)
    __rt_lib_init_cpp_1                      0x0800024d   Thumb Code     0  libinit2.o(.ARM.Collect$$libinit$$00000032)
    __rt_lib_init_exceptions_1               0x0800024d   Thumb Code     0  libinit2.o(.ARM.Collect$$libinit$$00000030)
    __rt_lib_init_fp_trap_1                  0x0800024d   Thumb Code     0  libinit2.o(.ARM.Collect$$libinit$$0000001F)
    __rt_lib_init_getenv_1                   0x0800024d   Thumb Code     0  libinit2.o(.ARM.Collect$$libinit$$00000023)
    __rt_lib_init_heap_1                     0x0800024d   Thumb Code     0  libinit2.o(.ARM.Collect$$libinit$$0000000A)
    __rt_lib_init_lc_collate_1               0x0800024d   Thumb Code     0  libinit2.o(.ARM.Collect$$libinit$$00000011)
    __rt_lib_init_lc_ctype_1                 0x0800024d   Thumb Code     0  libinit2.o(.ARM.Collect$$libinit$$00000013)
    __rt_lib_init_lc_monetary_1              0x0800024d   Thumb Code     0  libinit2.o(.ARM.Collect$$libinit$$00000015)
    __rt_lib_init_lc_numeric_1               0x0800024d   Thumb Code     0  libinit2.o(.ARM.Collect$$libinit$$00000017)
    __rt_lib_init_lc_time_1                  0x0800024d   Thumb Code     0  libinit2.o(.ARM.Collect$$libinit$$00000019)
    __rt_lib_init_preinit_1                  0x0800024d   Thumb Code     0  libinit2.o(.ARM.Collect$$libinit$$00000004)
    __rt_lib_init_rand_1                     0x0800024d   Thumb Code     0  libinit2.o(.ARM.Collect$$libinit$$0000000E)
    __rt_lib_init_return                     0x0800024d   Thumb Code     0  libinit2.o(.ARM.Collect$$libinit$$00000033)
    __rt_lib_init_signal_1                   0x0800024d   Thumb Code     0  libinit2.o(.ARM.Collect$$libinit$$0000001D)
    __rt_lib_init_stdio_1                    0x0800024d   Thumb Code     0  libinit2.o(.ARM.Collect$$libinit$$00000025)
    __rt_lib_init_user_alloc_1               0x0800024d   Thumb Code     0  libinit2.o(.ARM.Collect$$libinit$$0000000C)
    __rt_lib_shutdown                        0x0800024f   Thumb Code     0  libshutdown.o(.ARM.Collect$$libshutdown$$00000000)
    __rt_lib_shutdown_cpp_1                  0x08000251   Thumb Code     0  libshutdown2.o(.ARM.Collect$$libshutdown$$00000002)
    __rt_lib_shutdown_fp_trap_1              0x08000251   Thumb Code     0  libshutdown2.o(.ARM.Collect$$libshutdown$$00000007)
    __rt_lib_shutdown_heap_1                 0x08000251   Thumb Code     0  libshutdown2.o(.ARM.Collect$$libshutdown$$0000000F)
    __rt_lib_shutdown_return                 0x08000251   Thumb Code     0  libshutdown2.o(.ARM.Collect$$libshutdown$$00000010)
    __rt_lib_shutdown_signal_1               0x08000251   Thumb Code     0  libshutdown2.o(.ARM.Collect$$libshutdown$$0000000A)
    __rt_lib_shutdown_stdio_1                0x08000251   Thumb Code     0  libshutdown2.o(.ARM.Collect$$libshutdown$$00000004)
    __rt_lib_shutdown_user_alloc_1           0x08000251   Thumb Code     0  libshutdown2.o(.ARM.Collect$$libshutdown$$0000000C)
    __rt_entry                               0x08000253   Thumb Code     0  __rtentry.o(.ARM.Collect$$rtentry$$00000000)
    __rt_entry_presh_1                       0x08000253   Thumb Code     0  __rtentry2.o(.ARM.Collect$$rtentry$$00000002)
    __rt_entry_sh                            0x08000253   Thumb Code     0  __rtentry4.o(.ARM.Collect$$rtentry$$00000004)
    __rt_entry_li                            0x08000259   Thumb Code     0  __rtentry2.o(.ARM.Collect$$rtentry$$0000000A)
    __rt_entry_postsh_1                      0x08000259   Thumb Code     0  __rtentry2.o(.ARM.Collect$$rtentry$$00000009)
    __rt_entry_main                          0x0800025d   Thumb Code     0  __rtentry2.o(.ARM.Collect$$rtentry$$0000000D)
    __rt_entry_postli_1                      0x0800025d   Thumb Code     0  __rtentry2.o(.ARM.Collect$$rtentry$$0000000C)
    __rt_exit                                0x08000265   Thumb Code     0  rtexit.o(.ARM.Collect$$rtexit$$00000000)
    __rt_exit_ls                             0x08000267   Thumb Code     0  rtexit2.o(.ARM.Collect$$rtexit$$00000003)
    __rt_exit_prels_1                        0x08000267   Thumb Code     0  rtexit2.o(.ARM.Collect$$rtexit$$00000002)
    __rt_exit_exit                           0x0800026b   Thumb Code     0  rtexit2.o(.ARM.Collect$$rtexit$$00000004)
    main                                     0x08000271   Thumb Code    20  main.o(.text)
    NMI_Handler                              0x08000285   Thumb Code     2  stm32f4xx_it.o(.text)
    HardFault_Handler                        0x08000287   Thumb Code     4  stm32f4xx_it.o(.text)
    MemManage_Handler                        0x0800028b   Thumb Code     4  stm32f4xx_it.o(.text)
    BusFault_Handler                         0x0800028f   Thumb Code     4  stm32f4xx_it.o(.text)
    UsageFault_Handler                       0x08000293   Thumb Code     4  stm32f4xx_it.o(.text)
    SVC_Handler                              0x08000297   Thumb Code     2  stm32f4xx_it.o(.text)
    DebugMon_Handler                         0x08000299   Thumb Code     2  stm32f4xx_it.o(.text)
    PendSV_Handler                           0x0800029b   Thumb Code     2  stm32f4xx_it.o(.text)
    SysTick_Handler                          0x0800029d   Thumb Code     2  stm32f4xx_it.o(.text)
    SystemInit                               0x0800037d   Thumb Code    88  system_stm32f4xx.o(.text)
    SystemCoreClockUpdate                    0x080003d5   Thumb Code   174  system_stm32f4xx.o(.text)
    Reset_Handler                            0x080004b1   Thumb Code     8  startup_stm32f40_41xxx.o(.text)
    ADC_IRQHandler                           0x080004cb   Thumb Code     0  startup_stm32f40_41xxx.o(.text)
    CAN1_RX1_IRQHandler                      0x080004cb   Thumb Code     0  startup_stm32f40_41xxx.o(.text)
    CAN1_SCE_IRQHandler                      0x080004cb   Thumb Code     0  startup_stm32f40_41xxx.o(.text)
    CAN1_TX_IRQHandler                       0x080004cb   Thumb Code     0  startup_stm32f40_41xxx.o(.text)
    CAN2_RX0_IRQHandler                      0x080004cb   Thumb Code     0  startup_stm32f40_41xxx.o(.text)
    CAN2_SCE_IRQHandler                      0x080004cb   Thumb Code     0  startup_stm32f40_41xxx.o(.text)
    CAN2_TX_IRQHandler                       0x080004cb   Thumb Code     0  startup_stm32f40_41xxx.o(.text)
    CRYP_IRQHandler                          0x080004cb   Thumb Code     0  startup_stm32f40_41xxx.o(.text)
    DCMI_IRQHandler                          0x080004cb   Thumb Code     0  startup_stm32f40_41xxx.o(.text)
    DMA1_Stream0_IRQHandler                  0x080004cb   Thumb Code     0  startup_stm32f40_41xxx.o(.text)
    DMA1_Stream1_IRQHandler                  0x080004cb   Thumb Code     0  startup_stm32f40_41xxx.o(.text)
    DMA1_Stream2_IRQHandler                  0x080004cb   Thumb Code     0  startup_stm32f40_41xxx.o(.text)
    DMA1_Stream3_IRQHandler                  0x080004cb   Thumb Code     0  startup_stm32f40_41xxx.o(.text)
    DMA1_Stream4_IRQHandler                  0x080004cb   Thumb Code     0  startup_stm32f40_41xxx.o(.text)
    DMA1_Stream5_IRQHandler                  0x080004cb   Thumb Code     0  startup_stm32f40_41xxx.o(.text)
    DMA1_Stream6_IRQHandler                  0x080004cb   Thumb Code     0  startup_stm32f40_41xxx.o(.text)
    DMA1_Stream7_IRQHandler                  0x080004cb   Thumb Code     0  startup_stm32f40_41xxx.o(.text)
    DMA2_Stream0_IRQHandler                  0x080004cb   Thumb Code     0  startup_stm32f40_41xxx.o(.text)
    DMA2_Stream1_IRQHandler                  0x080004cb   Thumb Code     0  startup_stm32f40_41xxx.o(.text)
    DMA2_Stream2_IRQHandler                  0x080004cb   Thumb Code     0  startup_stm32f40_41xxx.o(.text)
    DMA2_Stream3_IRQHandler                  0x080004cb   Thumb Code     0  startup_stm32f40_41xxx.o(.text)
    DMA2_Stream4_IRQHandler                  0x080004cb   Thumb Code     0  startup_stm32f40_41xxx.o(.text)
    DMA2_Stream5_IRQHandler                  0x080004cb   Thumb Code     0  startup_stm32f40_41xxx.o(.text)
    DMA2_Stream6_IRQHandler                  0x080004cb   Thumb Code     0  startup_stm32f40_41xxx.o(.text)
    DMA2_Stream7_IRQHandler                  0x080004cb   Thumb Code     0  startup_stm32f40_41xxx.o(.text)
    ETH_IRQHandler                           0x080004cb   Thumb Code     0  startup_stm32f40_41xxx.o(.text)
    ETH_WKUP_IRQHandler                      0x080004cb   Thumb Code     0  startup_stm32f40_41xxx.o(.text)
    EXTI0_IRQHandler                         0x080004cb   Thumb Code     0  startup_stm32f40_41xxx.o(.text)
    EXTI15_10_IRQHandler                     0x080004cb   Thumb Code     0  startup_stm32f40_41xxx.o(.text)
    EXTI1_IRQHandler                         0x080004cb   Thumb Code     0  startup_stm32f40_41xxx.o(.text)
    EXTI2_IRQHandler                         0x080004cb   Thumb Code     0  startup_stm32f40_41xxx.o(.text)
    EXTI3_IRQHandler                         0x080004cb   Thumb Code     0  startup_stm32f40_41xxx.o(.text)
    EXTI4_IRQHandler                         0x080004cb   Thumb Code     0  startup_stm32f40_41xxx.o(.text)
    EXTI9_5_IRQHandler                       0x080004cb   Thumb Code     0  startup_stm32f40_41xxx.o(.text)
    FLASH_IRQHandler                         0x080004cb   Thumb Code     0  startup_stm32f40_41xxx.o(.text)
    FPU_IRQHandler                           0x080004cb   Thumb Code     0  startup_stm32f40_41xxx.o(.text)
    FSMC_IRQHandler                          0x080004cb   Thumb Code     0  startup_stm32f40_41xxx.o(.text)
    HASH_RNG_IRQHandler                      0x080004cb   Thumb Code     0  startup_stm32f40_41xxx.o(.text)
    I2C1_ER_IRQHandler                       0x080004cb   Thumb Code     0  startup_stm32f40_41xxx.o(.text)
    I2C1_EV_IRQHandler                       0x080004cb   Thumb Code     0  startup_stm32f40_41xxx.o(.text)
    I2C2_ER_IRQHandler                       0x080004cb   Thumb Code     0  startup_stm32f40_41xxx.o(.text)
    I2C2_EV_IRQHandler                       0x080004cb   Thumb Code     0  startup_stm32f40_41xxx.o(.text)
    I2C3_ER_IRQHandler                       0x080004cb   Thumb Code     0  startup_stm32f40_41xxx.o(.text)
    I2C3_EV_IRQHandler                       0x080004cb   Thumb Code     0  startup_stm32f40_41xxx.o(.text)
    OTG_FS_IRQHandler                        0x080004cb   Thumb Code     0  startup_stm32f40_41xxx.o(.text)
    OTG_FS_WKUP_IRQHandler                   0x080004cb   Thumb Code     0  startup_stm32f40_41xxx.o(.text)
    OTG_HS_EP1_IN_IRQHandler                 0x080004cb   Thumb Code     0  startup_stm32f40_41xxx.o(.text)
    OTG_HS_EP1_OUT_IRQHandler                0x080004cb   Thumb Code     0  startup_stm32f40_41xxx.o(.text)
    OTG_HS_IRQHandler                        0x080004cb   Thumb Code     0  startup_stm32f40_41xxx.o(.text)
    OTG_HS_WKUP_IRQHandler                   0x080004cb   Thumb Code     0  startup_stm32f40_41xxx.o(.text)
    PVD_IRQHandler                           0x080004cb   Thumb Code     0  startup_stm32f40_41xxx.o(.text)
    RCC_IRQHandler                           0x080004cb   Thumb Code     0  startup_stm32f40_41xxx.o(.text)
    RTC_Alarm_IRQHandler                     0x080004cb   Thumb Code     0  startup_stm32f40_41xxx.o(.text)
    RTC_WKUP_IRQHandler                      0x080004cb   Thumb Code     0  startup_stm32f40_41xxx.o(.text)
    SDIO_IRQHandler                          0x080004cb   Thumb Code     0  startup_stm32f40_41xxx.o(.text)
    SPI1_IRQHandler                          0x080004cb   Thumb Code     0  startup_stm32f40_41xxx.o(.text)
    SPI2_IRQHandler                          0x080004cb   Thumb Code     0  startup_stm32f40_41xxx.o(.text)
    SPI3_IRQHandler                          0x080004cb   Thumb Code     0  startup_stm32f40_41xxx.o(.text)
    TAMP_STAMP_IRQHandler                    0x080004cb   Thumb Code     0  startup_stm32f40_41xxx.o(.text)
    TIM1_BRK_TIM9_IRQHandler                 0x080004cb   Thumb Code     0  startup_stm32f40_41xxx.o(.text)
    TIM1_CC_IRQHandler                       0x080004cb   Thumb Code     0  startup_stm32f40_41xxx.o(.text)
    TIM1_TRG_COM_TIM11_IRQHandler            0x080004cb   Thumb Code     0  startup_stm32f40_41xxx.o(.text)
    TIM1_UP_TIM10_IRQHandler                 0x080004cb   Thumb Code     0  startup_stm32f40_41xxx.o(.text)
    TIM2_IRQHandler                          0x080004cb   Thumb Code     0  startup_stm32f40_41xxx.o(.text)
    TIM4_IRQHandler                          0x080004cb   Thumb Code     0  startup_stm32f40_41xxx.o(.text)
    TIM5_IRQHandler                          0x080004cb   Thumb Code     0  startup_stm32f40_41xxx.o(.text)
    TIM6_DAC_IRQHandler                      0x080004cb   Thumb Code     0  startup_stm32f40_41xxx.o(.text)
    TIM7_IRQHandler                          0x080004cb   Thumb Code     0  startup_stm32f40_41xxx.o(.text)
    TIM8_BRK_TIM12_IRQHandler                0x080004cb   Thumb Code     0  startup_stm32f40_41xxx.o(.text)
    TIM8_CC_IRQHandler                       0x080004cb   Thumb Code     0  startup_stm32f40_41xxx.o(.text)
    TIM8_TRG_COM_TIM14_IRQHandler            0x080004cb   Thumb Code     0  startup_stm32f40_41xxx.o(.text)
    TIM8_UP_TIM13_IRQHandler                 0x080004cb   Thumb Code     0  startup_stm32f40_41xxx.o(.text)
    UART4_IRQHandler                         0x080004cb   Thumb Code     0  startup_stm32f40_41xxx.o(.text)
    UART5_IRQHandler                         0x080004cb   Thumb Code     0  startup_stm32f40_41xxx.o(.text)
    USART1_IRQHandler                        0x080004cb   Thumb Code     0  startup_stm32f40_41xxx.o(.text)
    USART2_IRQHandler                        0x080004cb   Thumb Code     0  startup_stm32f40_41xxx.o(.text)
    USART3_IRQHandler                        0x080004cb   Thumb Code     0  startup_stm32f40_41xxx.o(.text)
    USART6_IRQHandler                        0x080004cb   Thumb Code     0  startup_stm32f40_41xxx.o(.text)
    WWDG_IRQHandler                          0x080004cb   Thumb Code     0  startup_stm32f40_41xxx.o(.text)
    __user_initial_stackheap                 0x080004cd   Thumb Code     0  startup_stm32f40_41xxx.o(.text)
    NVIC_PriorityGroupConfig                 0x080004f1   Thumb Code    10  misc.o(.text)
    NVIC_Init                                0x080004fb   Thumb Code   106  misc.o(.text)
    NVIC_SetVectorTable                      0x08000565   Thumb Code    14  misc.o(.text)
    NVIC_SystemLPConfig                      0x08000573   Thumb Code    34  misc.o(.text)
    SysTick_CLKSourceConfig                  0x08000595   Thumb Code    40  misc.o(.text)
    CAN_DeInit                               0x080005d1   Thumb Code    50  stm32f4xx_can.o(.text)
    CAN_Init                                 0x08000603   Thumb Code   276  stm32f4xx_can.o(.text)
    CAN_FilterInit                           0x08000717   Thumb Code   258  stm32f4xx_can.o(.text)
    CAN_StructInit                           0x08000819   Thumb Code    32  stm32f4xx_can.o(.text)
    CAN_SlaveStartBank                       0x08000839   Thumb Code    48  stm32f4xx_can.o(.text)
    CAN_DBGFreeze                            0x08000869   Thumb Code    22  stm32f4xx_can.o(.text)
    CAN_TTComModeCmd                         0x0800087f   Thumb Code   118  stm32f4xx_can.o(.text)
    CAN_Transmit                             0x080008f5   Thumb Code   304  stm32f4xx_can.o(.text)
    CAN_TransmitStatus                       0x08000a25   Thumb Code   138  stm32f4xx_can.o(.text)
    CAN_CancelTransmit                       0x08000aaf   Thumb Code    48  stm32f4xx_can.o(.text)
    CAN_Receive                              0x08000adf   Thumb Code   240  stm32f4xx_can.o(.text)
    CAN_FIFORelease                          0x08000bcf   Thumb Code    22  stm32f4xx_can.o(.text)
    CAN_MessagePending                       0x08000be5   Thumb Code    30  stm32f4xx_can.o(.text)
    CAN_OperatingModeRequest                 0x08000c03   Thumb Code   162  stm32f4xx_can.o(.text)
    CAN_Sleep                                0x08000ca5   Thumb Code    30  stm32f4xx_can.o(.text)
    CAN_WakeUp                               0x08000cc3   Thumb Code    48  stm32f4xx_can.o(.text)
    CAN_GetLastErrorCode                     0x08000cf3   Thumb Code    12  stm32f4xx_can.o(.text)
    CAN_GetReceiveErrorCounter               0x08000cff   Thumb Code    10  stm32f4xx_can.o(.text)
    CAN_GetLSBTransmitErrorCounter           0x08000d09   Thumb Code    12  stm32f4xx_can.o(.text)
    CAN_ITConfig                             0x08000d15   Thumb Code    18  stm32f4xx_can.o(.text)
    CAN_GetFlagStatus                        0x08000d27   Thumb Code   120  stm32f4xx_can.o(.text)
    CAN_ClearFlag                            0x08000d9f   Thumb Code    52  stm32f4xx_can.o(.text)
    CAN_GetITStatus                          0x08000de5   Thumb Code   310  stm32f4xx_can.o(.text)
    CAN_ClearITPendingBit                    0x08000f1b   Thumb Code   162  stm32f4xx_can.o(.text)
    GPIO_DeInit                              0x08000fc1   Thumb Code   268  stm32f4xx_gpio.o(.text)
    GPIO_Init                                0x080010cd   Thumb Code   144  stm32f4xx_gpio.o(.text)
    GPIO_StructInit                          0x0800115d   Thumb Code    18  stm32f4xx_gpio.o(.text)
    GPIO_PinLockConfig                       0x0800116f   Thumb Code    34  stm32f4xx_gpio.o(.text)
    GPIO_ReadInputDataBit                    0x08001191   Thumb Code    18  stm32f4xx_gpio.o(.text)
    GPIO_ReadInputData                       0x080011a3   Thumb Code     8  stm32f4xx_gpio.o(.text)
    GPIO_ReadOutputDataBit                   0x080011ab   Thumb Code    18  stm32f4xx_gpio.o(.text)
    GPIO_ReadOutputData                      0x080011bd   Thumb Code     8  stm32f4xx_gpio.o(.text)
    GPIO_SetBits                             0x080011c5   Thumb Code     4  stm32f4xx_gpio.o(.text)
    GPIO_ResetBits                           0x080011c9   Thumb Code     4  stm32f4xx_gpio.o(.text)
    GPIO_WriteBit                            0x080011cd   Thumb Code    10  stm32f4xx_gpio.o(.text)
    GPIO_Write                               0x080011d7   Thumb Code     4  stm32f4xx_gpio.o(.text)
    GPIO_ToggleBits                          0x080011db   Thumb Code     8  stm32f4xx_gpio.o(.text)
    GPIO_PinAFConfig                         0x080011e3   Thumb Code    70  stm32f4xx_gpio.o(.text)
    RCC_DeInit                               0x08001255   Thumb Code    82  stm32f4xx_rcc.o(.text)
    RCC_HSEConfig                            0x080012a7   Thumb Code    14  stm32f4xx_rcc.o(.text)
    RCC_GetFlagStatus                        0x080012b5   Thumb Code    60  stm32f4xx_rcc.o(.text)
    RCC_WaitForHSEStartUp                    0x080012f1   Thumb Code    56  stm32f4xx_rcc.o(.text)
    RCC_AdjustHSICalibrationValue            0x08001329   Thumb Code    20  stm32f4xx_rcc.o(.text)
    RCC_HSICmd                               0x0800133d   Thumb Code     6  stm32f4xx_rcc.o(.text)
    RCC_LSEConfig                            0x08001343   Thumb Code    46  stm32f4xx_rcc.o(.text)
    RCC_LSICmd                               0x08001371   Thumb Code     6  stm32f4xx_rcc.o(.text)
    RCC_PLLConfig                            0x08001377   Thumb Code    32  stm32f4xx_rcc.o(.text)
    RCC_PLLCmd                               0x08001397   Thumb Code     6  stm32f4xx_rcc.o(.text)
    RCC_PLLI2SConfig                         0x0800139d   Thumb Code    14  stm32f4xx_rcc.o(.text)
    RCC_PLLI2SCmd                            0x080013ab   Thumb Code     6  stm32f4xx_rcc.o(.text)
    RCC_PLLSAIConfig                         0x080013b1   Thumb Code    20  stm32f4xx_rcc.o(.text)
    RCC_PLLSAICmd                            0x080013c5   Thumb Code     6  stm32f4xx_rcc.o(.text)
    RCC_ClockSecuritySystemCmd               0x080013cb   Thumb Code     6  stm32f4xx_rcc.o(.text)
    RCC_MCO1Config                           0x080013d1   Thumb Code    28  stm32f4xx_rcc.o(.text)
    RCC_MCO2Config                           0x080013ed   Thumb Code    28  stm32f4xx_rcc.o(.text)
    RCC_SYSCLKConfig                         0x08001409   Thumb Code    20  stm32f4xx_rcc.o(.text)
    RCC_GetSYSCLKSource                      0x0800141d   Thumb Code    12  stm32f4xx_rcc.o(.text)
    RCC_HCLKConfig                           0x08001429   Thumb Code    20  stm32f4xx_rcc.o(.text)
    RCC_PCLK1Config                          0x0800143d   Thumb Code    20  stm32f4xx_rcc.o(.text)
    RCC_PCLK2Config                          0x08001451   Thumb Code    22  stm32f4xx_rcc.o(.text)
    RCC_GetClocksFreq                        0x08001467   Thumb Code   222  stm32f4xx_rcc.o(.text)
    RCC_RTCCLKConfig                         0x08001545   Thumb Code    54  stm32f4xx_rcc.o(.text)
    RCC_RTCCLKCmd                            0x0800157b   Thumb Code     8  stm32f4xx_rcc.o(.text)
    RCC_BackupResetCmd                       0x08001583   Thumb Code     8  stm32f4xx_rcc.o(.text)
    RCC_I2SCLKConfig                         0x0800158b   Thumb Code     6  stm32f4xx_rcc.o(.text)
    RCC_SAIPLLI2SClkDivConfig                0x08001591   Thumb Code    26  stm32f4xx_rcc.o(.text)
    RCC_SAIPLLSAIClkDivConfig                0x080015ab   Thumb Code    28  stm32f4xx_rcc.o(.text)
    RCC_SAIBlockACLKConfig                   0x080015c7   Thumb Code    20  stm32f4xx_rcc.o(.text)
    RCC_SAIBlockBCLKConfig                   0x080015db   Thumb Code    20  stm32f4xx_rcc.o(.text)
    RCC_LTDCCLKDivConfig                     0x080015ef   Thumb Code    20  stm32f4xx_rcc.o(.text)
    RCC_TIMCLKPresConfig                     0x08001603   Thumb Code     6  stm32f4xx_rcc.o(.text)
    RCC_AHB1PeriphClockCmd                   0x08001609   Thumb Code    34  stm32f4xx_rcc.o(.text)
    RCC_AHB2PeriphClockCmd                   0x0800162b   Thumb Code    78  stm32f4xx_rcc.o(.text)
    RCC_AHB3PeriphClockCmd                   0x08001679   Thumb Code    34  stm32f4xx_rcc.o(.text)
    RCC_APB1PeriphClockCmd                   0x0800169b   Thumb Code    34  stm32f4xx_rcc.o(.text)
    RCC_APB2PeriphClockCmd                   0x080016bd   Thumb Code    34  stm32f4xx_rcc.o(.text)
    RCC_AHB1PeriphResetCmd                   0x080016df   Thumb Code    34  stm32f4xx_rcc.o(.text)
    RCC_AHB2PeriphResetCmd                   0x08001701   Thumb Code    34  stm32f4xx_rcc.o(.text)
    RCC_AHB3PeriphResetCmd                   0x08001723   Thumb Code    34  stm32f4xx_rcc.o(.text)
    RCC_APB1PeriphResetCmd                   0x08001745   Thumb Code    34  stm32f4xx_rcc.o(.text)
    RCC_APB2PeriphResetCmd                   0x08001767   Thumb Code    34  stm32f4xx_rcc.o(.text)
    RCC_AHB1PeriphClockLPModeCmd             0x08001789   Thumb Code    34  stm32f4xx_rcc.o(.text)
    RCC_AHB2PeriphClockLPModeCmd             0x080017ab   Thumb Code    34  stm32f4xx_rcc.o(.text)
    RCC_AHB3PeriphClockLPModeCmd             0x080017cd   Thumb Code    34  stm32f4xx_rcc.o(.text)
    RCC_APB1PeriphClockLPModeCmd             0x080017ef   Thumb Code    34  stm32f4xx_rcc.o(.text)
    RCC_APB2PeriphClockLPModeCmd             0x08001811   Thumb Code    34  stm32f4xx_rcc.o(.text)
    RCC_LSEModeConfig                        0x08001833   Thumb Code    40  stm32f4xx_rcc.o(.text)
    RCC_ITConfig                             0x0800185b   Thumb Code    34  stm32f4xx_rcc.o(.text)
    RCC_ClearFlag                            0x0800187d   Thumb Code    18  stm32f4xx_rcc.o(.text)
    RCC_GetITStatus                          0x0800188f   Thumb Code    22  stm32f4xx_rcc.o(.text)
    RCC_ClearITPendingBit                    0x080018a5   Thumb Code     8  stm32f4xx_rcc.o(.text)
    TIM_DeInit                               0x080018b1   Thumb Code   346  stm32f4xx_tim.o(.text)
    TIM_TimeBaseInit                         0x08001a0b   Thumb Code   104  stm32f4xx_tim.o(.text)
    TIM_TimeBaseStructInit                   0x08001a73   Thumb Code    18  stm32f4xx_tim.o(.text)
    TIM_PrescalerConfig                      0x08001a85   Thumb Code     6  stm32f4xx_tim.o(.text)
    TIM_CounterModeConfig                    0x08001a8b   Thumb Code    18  stm32f4xx_tim.o(.text)
    TIM_SetCounter                           0x08001a9d   Thumb Code     4  stm32f4xx_tim.o(.text)
    TIM_SetAutoreload                        0x08001aa1   Thumb Code     4  stm32f4xx_tim.o(.text)
    TIM_GetCounter                           0x08001aa5   Thumb Code     6  stm32f4xx_tim.o(.text)
    TIM_GetPrescaler                         0x08001aab   Thumb Code     6  stm32f4xx_tim.o(.text)
    TIM_UpdateDisableConfig                  0x08001ab1   Thumb Code    24  stm32f4xx_tim.o(.text)
    TIM_UpdateRequestConfig                  0x08001ac9   Thumb Code    24  stm32f4xx_tim.o(.text)
    TIM_ARRPreloadConfig                     0x08001ae1   Thumb Code    24  stm32f4xx_tim.o(.text)
    TIM_SelectOnePulseMode                   0x08001af9   Thumb Code    18  stm32f4xx_tim.o(.text)
    TIM_SetClockDivision                     0x08001b0b   Thumb Code    18  stm32f4xx_tim.o(.text)
    TIM_Cmd                                  0x08001b1d   Thumb Code    24  stm32f4xx_tim.o(.text)
    TIM_OC1Init                              0x08001b35   Thumb Code   114  stm32f4xx_tim.o(.text)
    TIM_OC2Init                              0x08001ba7   Thumb Code   154  stm32f4xx_tim.o(.text)
    TIM_OC3Init                              0x08001c41   Thumb Code   204  stm32f4xx_tim.o(.text)
    TIM_OC4Init                              0x08001d0d   Thumb Code   112  stm32f4xx_tim.o(.text)
    TIM_OCStructInit                         0x08001d7d   Thumb Code    20  stm32f4xx_tim.o(.text)
    TIM_SelectOCxM                           0x08001d91   Thumb Code    86  stm32f4xx_tim.o(.text)
    TIM_SetCompare1                          0x08001de7   Thumb Code     4  stm32f4xx_tim.o(.text)
    TIM_SetCompare2                          0x08001deb   Thumb Code     4  stm32f4xx_tim.o(.text)
    TIM_SetCompare3                          0x08001def   Thumb Code     4  stm32f4xx_tim.o(.text)
    TIM_SetCompare4                          0x08001df3   Thumb Code     4  stm32f4xx_tim.o(.text)
    TIM_ForcedOC1Config                      0x08001df7   Thumb Code    18  stm32f4xx_tim.o(.text)
    TIM_ForcedOC2Config                      0x08001e09   Thumb Code    26  stm32f4xx_tim.o(.text)
    TIM_ForcedOC3Config                      0x08001e23   Thumb Code    18  stm32f4xx_tim.o(.text)
    TIM_ForcedOC4Config                      0x08001e35   Thumb Code    26  stm32f4xx_tim.o(.text)
    TIM_OC1PreloadConfig                     0x08001e4f   Thumb Code    18  stm32f4xx_tim.o(.text)
    TIM_OC2PreloadConfig                     0x08001e61   Thumb Code    26  stm32f4xx_tim.o(.text)
    TIM_OC3PreloadConfig                     0x08001e7b   Thumb Code    18  stm32f4xx_tim.o(.text)
    TIM_OC4PreloadConfig                     0x08001e8d   Thumb Code    26  stm32f4xx_tim.o(.text)
    TIM_OC1FastConfig                        0x08001ea7   Thumb Code    18  stm32f4xx_tim.o(.text)
    TIM_OC2FastConfig                        0x08001eb9   Thumb Code    26  stm32f4xx_tim.o(.text)
    TIM_OC3FastConfig                        0x08001ed3   Thumb Code    18  stm32f4xx_tim.o(.text)
    TIM_OC4FastConfig                        0x08001ee5   Thumb Code    26  stm32f4xx_tim.o(.text)
    TIM_ClearOC1Ref                          0x08001eff   Thumb Code    18  stm32f4xx_tim.o(.text)
    TIM_ClearOC2Ref                          0x08001f11   Thumb Code    24  stm32f4xx_tim.o(.text)
    TIM_ClearOC3Ref                          0x08001f29   Thumb Code    18  stm32f4xx_tim.o(.text)
    TIM_ClearOC4Ref                          0x08001f3b   Thumb Code    24  stm32f4xx_tim.o(.text)
    TIM_OC1PolarityConfig                    0x08001f53   Thumb Code    18  stm32f4xx_tim.o(.text)
    TIM_OC1NPolarityConfig                   0x08001f65   Thumb Code    18  stm32f4xx_tim.o(.text)
    TIM_OC2PolarityConfig                    0x08001f77   Thumb Code    26  stm32f4xx_tim.o(.text)
    TIM_OC2NPolarityConfig                   0x08001f91   Thumb Code    26  stm32f4xx_tim.o(.text)
    TIM_OC3PolarityConfig                    0x08001fab   Thumb Code    26  stm32f4xx_tim.o(.text)
    TIM_OC3NPolarityConfig                   0x08001fc5   Thumb Code    26  stm32f4xx_tim.o(.text)
    TIM_OC4PolarityConfig                    0x08001fdf   Thumb Code    26  stm32f4xx_tim.o(.text)
    TIM_CCxCmd                               0x08001ff9   Thumb Code    30  stm32f4xx_tim.o(.text)
    TIM_CCxNCmd                              0x08002017   Thumb Code    30  stm32f4xx_tim.o(.text)
    TIM_SetIC4Prescaler                      0x08002035   Thumb Code    26  stm32f4xx_tim.o(.text)
    TIM_SetIC3Prescaler                      0x0800209f   Thumb Code    18  stm32f4xx_tim.o(.text)
    TIM_SetIC2Prescaler                      0x080020f9   Thumb Code    26  stm32f4xx_tim.o(.text)
    TIM_SetIC1Prescaler                      0x0800216d   Thumb Code    18  stm32f4xx_tim.o(.text)
    TIM_ICInit                               0x080021b9   Thumb Code   110  stm32f4xx_tim.o(.text)
    TIM_ICStructInit                         0x08002227   Thumb Code    18  stm32f4xx_tim.o(.text)
    TIM_PWMIConfig                           0x08002239   Thumb Code   124  stm32f4xx_tim.o(.text)
    TIM_GetCapture1                          0x080022b5   Thumb Code     6  stm32f4xx_tim.o(.text)
    TIM_GetCapture2                          0x080022bb   Thumb Code     6  stm32f4xx_tim.o(.text)
    TIM_GetCapture3                          0x080022c1   Thumb Code     6  stm32f4xx_tim.o(.text)
    TIM_GetCapture4                          0x080022c7   Thumb Code     6  stm32f4xx_tim.o(.text)
    TIM_BDTRConfig                           0x080022cd   Thumb Code    32  stm32f4xx_tim.o(.text)
    TIM_BDTRStructInit                       0x080022ed   Thumb Code    18  stm32f4xx_tim.o(.text)
    TIM_CtrlPWMOutputs                       0x080022ff   Thumb Code    30  stm32f4xx_tim.o(.text)
    TIM_SelectCOM                            0x0800231d   Thumb Code    24  stm32f4xx_tim.o(.text)
    TIM_CCPreloadControl                     0x08002335   Thumb Code    24  stm32f4xx_tim.o(.text)
    TIM_ITConfig                             0x0800234d   Thumb Code    18  stm32f4xx_tim.o(.text)
    TIM_GenerateEvent                        0x0800235f   Thumb Code     4  stm32f4xx_tim.o(.text)
    TIM_GetFlagStatus                        0x08002363   Thumb Code    18  stm32f4xx_tim.o(.text)
    TIM_ClearFlag                            0x08002375   Thumb Code     6  stm32f4xx_tim.o(.text)
    TIM_GetITStatus                          0x0800237b   Thumb Code    34  stm32f4xx_tim.o(.text)
    TIM_ClearITPendingBit                    0x0800239d   Thumb Code     6  stm32f4xx_tim.o(.text)
    TIM_DMAConfig                            0x080023a3   Thumb Code    10  stm32f4xx_tim.o(.text)
    TIM_DMACmd                               0x080023ad   Thumb Code    18  stm32f4xx_tim.o(.text)
    TIM_SelectCCDMA                          0x080023bf   Thumb Code    24  stm32f4xx_tim.o(.text)
    TIM_InternalClockConfig                  0x080023d7   Thumb Code    12  stm32f4xx_tim.o(.text)
    TIM_SelectInputTrigger                   0x080023e3   Thumb Code    18  stm32f4xx_tim.o(.text)
    TIM_ITRxExternalClockConfig              0x080023f5   Thumb Code    24  stm32f4xx_tim.o(.text)
    TIM_TIxExternalClockConfig               0x0800240d   Thumb Code    62  stm32f4xx_tim.o(.text)
    TIM_ETRConfig                            0x0800244b   Thumb Code    28  stm32f4xx_tim.o(.text)
    TIM_ETRClockMode1Config                  0x08002467   Thumb Code    54  stm32f4xx_tim.o(.text)
    TIM_ETRClockMode2Config                  0x0800249d   Thumb Code    32  stm32f4xx_tim.o(.text)
    TIM_SelectOutputTrigger                  0x080024bd   Thumb Code    18  stm32f4xx_tim.o(.text)
    TIM_SelectSlaveMode                      0x080024cf   Thumb Code    18  stm32f4xx_tim.o(.text)
    TIM_SelectMasterSlaveMode                0x080024e1   Thumb Code    18  stm32f4xx_tim.o(.text)
    TIM_EncoderInterfaceConfig               0x080024f3   Thumb Code    66  stm32f4xx_tim.o(.text)
    TIM_SelectHallSensor                     0x08002535   Thumb Code    24  stm32f4xx_tim.o(.text)
    TIM_RemapConfig                          0x0800254d   Thumb Code     6  stm32f4xx_tim.o(.text)
    USART_DeInit                             0x08002555   Thumb Code   206  stm32f4xx_usart.o(.text)
    USART_Init                               0x08002623   Thumb Code   204  stm32f4xx_usart.o(.text)
    USART_StructInit                         0x080026ef   Thumb Code    24  stm32f4xx_usart.o(.text)
    USART_ClockInit                          0x08002707   Thumb Code    32  stm32f4xx_usart.o(.text)
    USART_ClockStructInit                    0x08002727   Thumb Code    12  stm32f4xx_usart.o(.text)
    USART_Cmd                                0x08002733   Thumb Code    24  stm32f4xx_usart.o(.text)
    USART_SetPrescaler                       0x0800274b   Thumb Code    16  stm32f4xx_usart.o(.text)
    USART_OverSampling8Cmd                   0x0800275b   Thumb Code    22  stm32f4xx_usart.o(.text)
    USART_OneBitMethodCmd                    0x08002771   Thumb Code    24  stm32f4xx_usart.o(.text)
    USART_SendData                           0x08002789   Thumb Code     8  stm32f4xx_usart.o(.text)
    USART_ReceiveData                        0x08002791   Thumb Code    10  stm32f4xx_usart.o(.text)
    USART_SetAddress                         0x0800279b   Thumb Code    18  stm32f4xx_usart.o(.text)
    USART_ReceiverWakeUpCmd                  0x080027ad   Thumb Code    24  stm32f4xx_usart.o(.text)
    USART_WakeUpConfig                       0x080027c5   Thumb Code    18  stm32f4xx_usart.o(.text)
    USART_LINBreakDetectLengthConfig         0x080027d7   Thumb Code    18  stm32f4xx_usart.o(.text)
    USART_LINCmd                             0x080027e9   Thumb Code    24  stm32f4xx_usart.o(.text)
    USART_SendBreak                          0x08002801   Thumb Code    10  stm32f4xx_usart.o(.text)
    USART_HalfDuplexCmd                      0x0800280b   Thumb Code    24  stm32f4xx_usart.o(.text)
    USART_SetGuardTime                       0x08002823   Thumb Code    16  stm32f4xx_usart.o(.text)
    USART_SmartCardCmd                       0x08002833   Thumb Code    24  stm32f4xx_usart.o(.text)
    USART_SmartCardNACKCmd                   0x0800284b   Thumb Code    24  stm32f4xx_usart.o(.text)
    USART_IrDAConfig                         0x08002863   Thumb Code    18  stm32f4xx_usart.o(.text)
    USART_IrDACmd                            0x08002875   Thumb Code    24  stm32f4xx_usart.o(.text)
    USART_DMACmd                             0x0800288d   Thumb Code    18  stm32f4xx_usart.o(.text)
    USART_ITConfig                           0x0800289f   Thumb Code    74  stm32f4xx_usart.o(.text)
    USART_GetFlagStatus                      0x080028e9   Thumb Code    26  stm32f4xx_usart.o(.text)
    USART_ClearFlag                          0x08002903   Thumb Code    18  stm32f4xx_usart.o(.text)
    USART_GetITStatus                        0x08002915   Thumb Code   118  stm32f4xx_usart.o(.text)
    USART_ClearITPendingBit                  0x0800298b   Thumb Code    30  stm32f4xx_usart.o(.text)
    delay_init                               0x080029a9   Thumb Code    52  delay.o(.text)
    delay_us                                 0x080029dd   Thumb Code    72  delay.o(.text)
    delay_xms                                0x08002a25   Thumb Code    72  delay.o(.text)
    delay_ms                                 0x08002a6d   Thumb Code    56  delay.o(.text)
    _sys_exit                                0x08002aad   Thumb Code     4  usart.o(.text)
    fputc                                    0x08002ab1   Thumb Code    22  usart.o(.text)
    uart_init                                0x08002ac7   Thumb Code   164  usart.o(.text)
    Beep_ms                                  0x08002b75   Thumb Code    28  init.o(.text)
    Driver_Init                              0x08002b91   Thumb Code    48  init.o(.text)
    Periph_Init                              0x08002bc1   Thumb Code   682  init.o(.text)
    GPIO_INIT                                0x08002e6b   Thumb Code   610  init.o(.text)
    Init                                     0x080030cd   Thumb Code    22  init.o(.text)
    Usart_SendByte                           0x080030e3   Thumb Code    30  init.o(.text)
    Interrupt_Enable                         0x0800310d   Thumb Code    10  interrupt.o(.text)
    CAN1_RX0_IRQHandler                      0x08003117   Thumb Code   610  interrupt.o(.text)
    CAN2_RX1_IRQHandler                      0x08003379   Thumb Code     8  interrupt.o(.text)
    TIM3_IRQHandler                          0x08003381   Thumb Code   156  interrupt.o(.text)
    CAN1_SendMsg                             0x08003431   Thumb Code   100  elmo.o(.text)
    ELMO_Single_Enable                       0x08003495   Thumb Code    62  elmo.o(.text)
    ELMO_Single_Init                         0x080034d3   Thumb Code    62  elmo.o(.text)
    ELMO_Single_Disenable                    0x08003511   Thumb Code    62  elmo.o(.text)
    ELMO_Single_STOP                         0x0800354f   Thumb Code    62  elmo.o(.text)
    ELMO_Single_BEGIN                        0x0800358d   Thumb Code    62  elmo.o(.text)
    ELMO_Single_Velocity                     0x080035cb   Thumb Code    88  elmo.o(.text)
    ELMO_Single_PTP_PA                       0x08003623   Thumb Code   104  elmo.o(.text)
    ELMO_Single_PTP_PR                       0x0800368b   Thumb Code   104  elmo.o(.text)
    ELMO_Enable                              0x080036f3   Thumb Code    52  elmo.o(.text)
    ELMO_Init                                0x08003727   Thumb Code    52  elmo.o(.text)
    ELMO_Disenable                           0x0800375b   Thumb Code    52  elmo.o(.text)
    ELMO_STOP                                0x0800378f   Thumb Code    52  elmo.o(.text)
    ELMO_BEGIN                               0x080037c3   Thumb Code    52  elmo.o(.text)
    ELMO_Velocity                            0x080037f7   Thumb Code    84  elmo.o(.text)
    GYRO_Get_Location_Param                  0x0800384d   Thumb Code  1184  sensor.o(.text)
    GYRO_Set_Position                        0x08003cf5   Thumb Code   164  gyro.o(.text)
    GYRO_Set_Angle                           0x08003d99   Thumb Code    84  gyro.o(.text)
    GYRO_Init                                0x08003e1d   Thumb Code    68  gyro.o(.text)
    CAN1_Send_Msg                            0x08003e79   Thumb Code   102  m3508_control.o(.text)
    CAN1_Receive_Msg                         0x08003edf   Thumb Code    60  m3508_control.o(.text)
    m3508_control_cur0_3                     0x08003f1b   Thumb Code    78  m3508_control.o(.text)
    m3508_control_cur4_7                     0x08003f69   Thumb Code    78  m3508_control.o(.text)
    Rotor_Position_Read                      0x08003fb7   Thumb Code   216  m3508_control.o(.text)
    PosPID_Cal                               0x0800408f   Thumb Code   472  m3508_control.o(.text)
    VeloPID_Cal                              0x08004267   Thumb Code   556  m3508_control.o(.text)
    Current_Limit                            0x08004493   Thumb Code    92  m3508_control.o(.text)
    M3508_Pos_Control                        0x080044ef   Thumb Code   202  m3508_control.o(.text)
    M3508_Vel_Control                        0x080045b9   Thumb Code   148  m3508_control.o(.text)
    M3508_Pos_Velo_Control                   0x0800464d   Thumb Code   332  m3508_control.o(.text)
    M3508_Angle_Set                          0x08004799   Thumb Code    98  m3508_control.o(.text)
    M3508_Vel_Set                            0x080047fb   Thumb Code    66  m3508_control.o(.text)
    M3508_Pos_Velo_Set                       0x0800483d   Thumb Code   144  m3508_control.o(.text)
    Move_To_Point_Set                        0x080048fd   Thumb Code   952  basial_move.o(.text)
    MOVE_As_Circle                           0x08004cb5   Thumb Code   120  basial_move.o(.text)
    Print                                    0x08004d2d   Thumb Code   108  basial_move.o(.text)
    Clear_Static_Wheel_Spd                   0x08004d99   Thumb Code    14  basial_move.o(.text)
    STOP                                     0x08004da7   Thumb Code    26  basial_move.o(.text)
    Wheel_Spd_To_Motor                       0x08004dc1   Thumb Code   684  basial_move.o(.text)
    PID_Set_Value_Angle                      0x080050f5   Thumb Code     6  pid_control.o(.text)
    PID_Set_Value_X                          0x080050fb   Thumb Code     6  pid_control.o(.text)
    PID_Set_Value_Y                          0x08005101   Thumb Code     8  pid_control.o(.text)
    PID_Cal                                  0x08005109   Thumb Code   258  pid_control.o(.text)
    PID_Loop_X                               0x0800520b   Thumb Code    56  pid_control.o(.text)
    PID_Loop_Y                               0x08005243   Thumb Code    56  pid_control.o(.text)
    PID_Loop_angle                           0x0800527b   Thumb Code    40  pid_control.o(.text)
    PID_Setup                                0x080052a3   Thumb Code    74  pid_control.o(.text)
    m3508_PID_Para_Init                      0x080052ed   Thumb Code   144  pid_control.o(.text)
    mission_temp                             0x080053a5   Thumb Code   228  mission.o(.text)
    __use_no_semihosting                     0x080054a9   Thumb Code     2  use_no_semi_2.o(.text)
    __2printf                                0x080054ad   Thumb Code    20  noretval__2printf.o(.text)
    __printf                                 0x080054c5   Thumb Code   104  __printf.o(.text)
    _printf_int_dec                          0x0800552d   Thumb Code   104  _printf_dec.o(.text)
    __use_two_region_memory                  0x080055a5   Thumb Code     2  heapauxi.o(.text)
    __rt_heap_escrow$2region                 0x080055a7   Thumb Code     2  heapauxi.o(.text)
    __rt_heap_expand$2region                 0x080055a9   Thumb Code     2  heapauxi.o(.text)
    __I$use$semihosting                      0x080055ab   Thumb Code     0  use_no_semi.o(.text)
    __use_no_semihosting_swi                 0x080055ab   Thumb Code     2  use_no_semi.o(.text)
    __read_errno                             0x080055ad   Thumb Code    10  _rserrno.o(.text)
    __set_errno                              0x080055b7   Thumb Code    12  _rserrno.o(.text)
    _printf_int_common                       0x080055c3   Thumb Code   178  _printf_intcommon.o(.text)
    _printf_char_file                        0x08005675   Thumb Code    32  _printf_char_file.o(.text)
    __aeabi_errno_addr                       0x08005699   Thumb Code     8  rt_errno_addr_intlibspace.o(.text)
    __errno$intlibspace                      0x08005699   Thumb Code     0  rt_errno_addr_intlibspace.o(.text)
    __rt_errno_addr$intlibspace              0x08005699   Thumb Code     0  rt_errno_addr_intlibspace.o(.text)
    _printf_char_common                      0x080056ab   Thumb Code    32  _printf_char_common.o(.text)
    ferror                                   0x080056d1   Thumb Code     8  ferror.o(.text)
    __user_libspace                          0x080056d9   Thumb Code     8  libspace.o(.text)
    __user_perproc_libspace                  0x080056d9   Thumb Code     0  libspace.o(.text)
    __user_perthread_libspace                0x080056d9   Thumb Code     0  libspace.o(.text)
    __user_setup_stackheap                   0x080056e1   Thumb Code    74  sys_stackheap_outer.o(.text)
    exit                                     0x0800572b   Thumb Code    18  exit.o(.text)
    __ARM_fpclassifyf                        0x0800573d   Thumb Code    38  fpclassifyf.o(i.__ARM_fpclassifyf)
    __hardfp_cosf                            0x08005765   Thumb Code   280  cosf.o(i.__hardfp_cosf)
    __hardfp_sinf                            0x080058b5   Thumb Code   344  sinf.o(i.__hardfp_sinf)
    __mathlib_flt_infnan                     0x08005a45   Thumb Code     6  funder.o(i.__mathlib_flt_infnan)
    __mathlib_flt_invalid                    0x08005a4d   Thumb Code    10  funder.o(i.__mathlib_flt_invalid)
    __mathlib_flt_underflow                  0x08005a5d   Thumb Code    10  funder.o(i.__mathlib_flt_underflow)
    __mathlib_rredf2                         0x08005a6d   Thumb Code   316  rredf.o(i.__mathlib_rredf2)
    __aeabi_dneg                             0x08005bc1   Thumb Code     0  basic.o(x$fpl$basic)
    _dneg                                    0x08005bc1   Thumb Code     6  basic.o(x$fpl$basic)
    __aeabi_fneg                             0x08005bc7   Thumb Code     0  basic.o(x$fpl$basic)
    _fneg                                    0x08005bc7   Thumb Code     6  basic.o(x$fpl$basic)
    _dabs                                    0x08005bcd   Thumb Code     6  basic.o(x$fpl$basic)
    _fabs                                    0x08005bd3   Thumb Code     6  basic.o(x$fpl$basic)
    __aeabi_d2f                              0x08005bd9   Thumb Code     0  d2f.o(x$fpl$d2f)
    _d2f                                     0x08005bd9   Thumb Code    98  d2f.o(x$fpl$d2f)
    __aeabi_dadd                             0x08005c3d   Thumb Code     0  daddsub_clz.o(x$fpl$dadd)
    _dadd                                    0x08005c3d   Thumb Code   332  daddsub_clz.o(x$fpl$dadd)
    __fpl_dcmp_Inf                           0x08005d8d   Thumb Code    24  dcmpi.o(x$fpl$dcmpinf)
    __aeabi_ddiv                             0x08005da5   Thumb Code     0  ddiv.o(x$fpl$ddiv)
    _ddiv                                    0x08005da5   Thumb Code   552  ddiv.o(x$fpl$ddiv)
    __aeabi_d2iz                             0x08006055   Thumb Code     0  dfix.o(x$fpl$dfix)
    _dfix                                    0x08006055   Thumb Code    94  dfix.o(x$fpl$dfix)
    __aeabi_i2d                              0x080060b3   Thumb Code     0  dflt_clz.o(x$fpl$dflt)
    _dflt                                    0x080060b3   Thumb Code    46  dflt_clz.o(x$fpl$dflt)
    __aeabi_l2d                              0x080060e1   Thumb Code     0  dfltll_clz.o(x$fpl$dfltll)
    _ll_sto_d                                0x080060e1   Thumb Code   162  dfltll_clz.o(x$fpl$dfltll)
    __aeabi_cdcmple                          0x08006185   Thumb Code     0  dleqf.o(x$fpl$dleqf)
    _dcmple                                  0x08006185   Thumb Code   120  dleqf.o(x$fpl$dleqf)
    __fpl_dcmple_InfNaN                      0x080061e7   Thumb Code     0  dleqf.o(x$fpl$dleqf)
    __aeabi_dmul                             0x080061fd   Thumb Code     0  dmul.o(x$fpl$dmul)
    _dmul                                    0x080061fd   Thumb Code   332  dmul.o(x$fpl$dmul)
    __fpl_dnaninf                            0x08006351   Thumb Code   156  dnaninf.o(x$fpl$dnaninf)
    __fpl_dretinf                            0x080063ed   Thumb Code    12  dretinf.o(x$fpl$dretinf)
    __aeabi_cdrcmple                         0x080063f9   Thumb Code     0  drleqf.o(x$fpl$drleqf)
    _drcmple                                 0x080063f9   Thumb Code   108  drleqf.o(x$fpl$drleqf)
    __aeabi_dsub                             0x08006465   Thumb Code     0  daddsub_clz.o(x$fpl$dsub)
    _dsub                                    0x08006465   Thumb Code   464  daddsub_clz.o(x$fpl$dsub)
    __aeabi_f2d                              0x08006639   Thumb Code     0  f2d.o(x$fpl$f2d)
    _f2d                                     0x08006639   Thumb Code    86  f2d.o(x$fpl$f2d)
    __aeabi_ul2f                             0x0800668f   Thumb Code     0  ffltll_clz.o(x$fpl$ffltll)
    _ll_uto_f                                0x0800668f   Thumb Code     6  ffltll_clz.o(x$fpl$ffltll)
    __aeabi_l2f                              0x08006695   Thumb Code     0  ffltll_clz.o(x$fpl$ffltll)
    _ll_sto_f                                0x08006695   Thumb Code    90  ffltll_clz.o(x$fpl$ffltll)
    __fpl_fnaninf                            0x080066ef   Thumb Code   140  fnaninf.o(x$fpl$fnaninf)
    _fp_init                                 0x0800677b   Thumb Code    10  fpinit.o(x$fpl$fpinit)
    __fplib_config_fpu_vfp                   0x08006783   Thumb Code     0  fpinit.o(x$fpl$fpinit)
    __fplib_config_pureend_doubles           0x08006783   Thumb Code     0  fpinit.o(x$fpl$fpinit)
    __fpl_fretinf                            0x08006785   Thumb Code    10  fretinf.o(x$fpl$fretinf)
    __aeabi_d2lz                             0x08006791   Thumb Code     0  dfixll.o(x$fpl$llsfromd)
    _ll_sfrom_d                              0x08006791   Thumb Code   194  dfixll.o(x$fpl$llsfromd)
    __aeabi_f2lz                             0x08006855   Thumb Code     0  ffixll.o(x$fpl$llsfromf)
    _ll_sfrom_f                              0x08006855   Thumb Code   134  ffixll.o(x$fpl$llsfromf)
    __I$use$fp                               0x080068da   Number         0  usenofp.o(x$fpl$usenofp)
    Region$$Table$$Base                      0x080068fc   Number         0  anon$$obj.o(Region$$Table)
    Region$$Table$$Limit                     0x0800691c   Number         0  anon$$obj.o(Region$$Table)
    SystemCoreClock                          0x20000000   Data           4  system_stm32f4xx.o(.data)
    AHBPrescTable                            0x20000004   Data          16  system_stm32f4xx.o(.data)
    __stdout                                 0x20000028   Data           4  usart.o(.data)
    USART_RX_STA                             0x2000002c   Data           2  usart.o(.data)
    global_gyro_angle_last                   0x20000030   Data           4  sensor.o(.data)
    global_gyro_angle_now                    0x20000034   Data           4  sensor.o(.data)
    global_gyro_angle                        0x20000038   Data           4  sensor.o(.data)
    global_gyro_pulse_x                      0x2000003c   Data           4  sensor.o(.data)
    global_gyro_pulse_y                      0x20000040   Data           4  sensor.o(.data)
    global_enc_x                             0x20000044   Data           4  sensor.o(.data)
    global_enc_y                             0x20000048   Data           4  sensor.o(.data)
    global_enc_dx                            0x2000004c   Data           4  sensor.o(.data)
    global_enc_dy                            0x20000050   Data           4  sensor.o(.data)
    global_DT35_dataA                        0x20000054   Data           4  sensor.o(.data)
    global_DT35_dataB                        0x20000058   Data           4  sensor.o(.data)
    global_DT35_dataC                        0x2000005c   Data           4  sensor.o(.data)
    Limit                                    0x20000060   Data          32  m3508_control.o(.data)
    g_m3508CtrlFlag                          0x20000080   Data           2  m3508_control.o(.data)
    k                                        0x20000084   Data           4  m3508_control.o(.data)
    Stop_flag                                0x20000088   Data           4  basial_move.o(.data)
    Print_Flag                               0x2000008c   Data           4  basial_move.o(.data)
    Global_Target_X                          0x20000090   Data           4  pid_control.o(.data)
    Global_Target_Y                          0x20000094   Data           4  pid_control.o(.data)
    Global_Target_Angle                      0x20000098   Data           4  pid_control.o(.data)
    Global_PID_Parameter                     0x2000009c   Data         192  pid_parameter.o(.data)
    TxMessage                                0x2000015c   Data          20  elmo.o(.bss)
    global_gyro_location                     0x20000170   Data          12  sensor.o(.bss)
    Cur_PID_Cal                              0x20000180   Data         768  m3508_control.o(.bss)
    Velo_PID_Cal                             0x20000480   Data         768  m3508_control.o(.bss)
    Pos_PID_Cal                              0x20000780   Data         768  m3508_control.o(.bss)
    Rotor_Read_Now                           0x20000a80   Data          96  m3508_control.o(.bss)
    Rotor_Pos                                0x20000ae0   Data          64  m3508_control.o(.bss)
    Current                                  0x20000b20   Data          32  m3508_control.o(.bss)
    pos0                                     0x20000b40   Data          16  m3508_control.o(.bss)
    flag                                     0x20000b50   Data          32  m3508_control.o(.bss)
    __libspace_start                         0x20000b80   Data          96  libspace.o(.bss)
    __temporary_stack_top$libspace           0x20000be0   Data           0  libspace.o(.bss)



==============================================================================

Memory Map of the image

  Image Entry point : 0x08000189

  Load Region LR_IROM1 (Base: 0x08000000, Size: 0x00006a78, Max: 0x00100000, ABSOLUTE, COMPRESSED[0x00006960])

    Execution Region ER_IROM1 (Exec base: 0x08000000, Load base: 0x08000000, Size: 0x0000691c, Max: 0x00100000, ABSOLUTE)

    Exec Addr    Load Addr    Size         Type   Attr      Idx    E Section Name        Object

    0x08000000   0x08000000   0x00000188   Data   RO          277    RESET               startup_stm32f40_41xxx.o
    0x08000188   0x08000188   0x00000008   Code   RO         1371  * !!!main             c_w.l(__main.o)
    0x08000190   0x08000190   0x00000034   Code   RO         1648    !!!scatter          c_w.l(__scatter.o)
    0x080001c4   0x080001c4   0x0000005a   Code   RO         1646    !!dczerorl2         c_w.l(__dczerorl2.o)
    0x0800021e   0x0800021e   0x00000002   PAD
    0x08000220   0x08000220   0x0000001c   Code   RO         1650    !!handler_zi        c_w.l(__scatter_zi.o)
    0x0800023c   0x0800023c   0x00000000   Code   RO         1368    .ARM.Collect$$_printf_percent$$00000000  c_w.l(_printf_percent.o)
    0x0800023c   0x0800023c   0x00000006   Code   RO         1367    .ARM.Collect$$_printf_percent$$00000009  c_w.l(_printf_d.o)
    0x08000242   0x08000242   0x00000004   Code   RO         1452    .ARM.Collect$$_printf_percent$$00000017  c_w.l(_printf_percent_end.o)
    0x08000246   0x08000246   0x00000002   Code   RO         1523    .ARM.Collect$$libinit$$00000000  c_w.l(libinit.o)
    0x08000248   0x08000248   0x00000004   Code   RO         1526    .ARM.Collect$$libinit$$00000001  c_w.l(libinit2.o)
    0x0800024c   0x0800024c   0x00000000   Code   RO         1529    .ARM.Collect$$libinit$$00000004  c_w.l(libinit2.o)
    0x0800024c   0x0800024c   0x00000000   Code   RO         1532    .ARM.Collect$$libinit$$0000000A  c_w.l(libinit2.o)
    0x0800024c   0x0800024c   0x00000000   Code   RO         1534    .ARM.Collect$$libinit$$0000000C  c_w.l(libinit2.o)
    0x0800024c   0x0800024c   0x00000000   Code   RO         1536    .ARM.Collect$$libinit$$0000000E  c_w.l(libinit2.o)
    0x0800024c   0x0800024c   0x00000000   Code   RO         1539    .ARM.Collect$$libinit$$00000011  c_w.l(libinit2.o)
    0x0800024c   0x0800024c   0x00000000   Code   RO         1541    .ARM.Collect$$libinit$$00000013  c_w.l(libinit2.o)
    0x0800024c   0x0800024c   0x00000000   Code   RO         1543    .ARM.Collect$$libinit$$00000015  c_w.l(libinit2.o)
    0x0800024c   0x0800024c   0x00000000   Code   RO         1545    .ARM.Collect$$libinit$$00000017  c_w.l(libinit2.o)
    0x0800024c   0x0800024c   0x00000000   Code   RO         1547    .ARM.Collect$$libinit$$00000019  c_w.l(libinit2.o)
    0x0800024c   0x0800024c   0x00000000   Code   RO         1549    .ARM.Collect$$libinit$$0000001B  c_w.l(libinit2.o)
    0x0800024c   0x0800024c   0x00000000   Code   RO         1551    .ARM.Collect$$libinit$$0000001D  c_w.l(libinit2.o)
    0x0800024c   0x0800024c   0x00000000   Code   RO         1553    .ARM.Collect$$libinit$$0000001F  c_w.l(libinit2.o)
    0x0800024c   0x0800024c   0x00000000   Code   RO         1555    .ARM.Collect$$libinit$$00000021  c_w.l(libinit2.o)
    0x0800024c   0x0800024c   0x00000000   Code   RO         1557    .ARM.Collect$$libinit$$00000023  c_w.l(libinit2.o)
    0x0800024c   0x0800024c   0x00000000   Code   RO         1559    .ARM.Collect$$libinit$$00000025  c_w.l(libinit2.o)
    0x0800024c   0x0800024c   0x00000000   Code   RO         1563    .ARM.Collect$$libinit$$0000002C  c_w.l(libinit2.o)
    0x0800024c   0x0800024c   0x00000000   Code   RO         1565    .ARM.Collect$$libinit$$0000002E  c_w.l(libinit2.o)
    0x0800024c   0x0800024c   0x00000000   Code   RO         1567    .ARM.Collect$$libinit$$00000030  c_w.l(libinit2.o)
    0x0800024c   0x0800024c   0x00000000   Code   RO         1569    .ARM.Collect$$libinit$$00000032  c_w.l(libinit2.o)
    0x0800024c   0x0800024c   0x00000002   Code   RO         1570    .ARM.Collect$$libinit$$00000033  c_w.l(libinit2.o)
    0x0800024e   0x0800024e   0x00000002   Code   RO         1588    .ARM.Collect$$libshutdown$$00000000  c_w.l(libshutdown.o)
    0x08000250   0x08000250   0x00000000   Code   RO         1598    .ARM.Collect$$libshutdown$$00000002  c_w.l(libshutdown2.o)
    0x08000250   0x08000250   0x00000000   Code   RO         1600    .ARM.Collect$$libshutdown$$00000004  c_w.l(libshutdown2.o)
    0x08000250   0x08000250   0x00000000   Code   RO         1603    .ARM.Collect$$libshutdown$$00000007  c_w.l(libshutdown2.o)
    0x08000250   0x08000250   0x00000000   Code   RO         1606    .ARM.Collect$$libshutdown$$0000000A  c_w.l(libshutdown2.o)
    0x08000250   0x08000250   0x00000000   Code   RO         1608    .ARM.Collect$$libshutdown$$0000000C  c_w.l(libshutdown2.o)
    0x08000250   0x08000250   0x00000000   Code   RO         1611    .ARM.Collect$$libshutdown$$0000000F  c_w.l(libshutdown2.o)
    0x08000250   0x08000250   0x00000002   Code   RO         1612    .ARM.Collect$$libshutdown$$00000010  c_w.l(libshutdown2.o)
    0x08000252   0x08000252   0x00000000   Code   RO         1445    .ARM.Collect$$rtentry$$00000000  c_w.l(__rtentry.o)
    0x08000252   0x08000252   0x00000000   Code   RO         1484    .ARM.Collect$$rtentry$$00000002  c_w.l(__rtentry2.o)
    0x08000252   0x08000252   0x00000006   Code   RO         1496    .ARM.Collect$$rtentry$$00000004  c_w.l(__rtentry4.o)
    0x08000258   0x08000258   0x00000000   Code   RO         1486    .ARM.Collect$$rtentry$$00000009  c_w.l(__rtentry2.o)
    0x08000258   0x08000258   0x00000004   Code   RO         1487    .ARM.Collect$$rtentry$$0000000A  c_w.l(__rtentry2.o)
    0x0800025c   0x0800025c   0x00000000   Code   RO         1489    .ARM.Collect$$rtentry$$0000000C  c_w.l(__rtentry2.o)
    0x0800025c   0x0800025c   0x00000008   Code   RO         1490    .ARM.Collect$$rtentry$$0000000D  c_w.l(__rtentry2.o)
    0x08000264   0x08000264   0x00000002   Code   RO         1524    .ARM.Collect$$rtexit$$00000000  c_w.l(rtexit.o)
    0x08000266   0x08000266   0x00000000   Code   RO         1572    .ARM.Collect$$rtexit$$00000002  c_w.l(rtexit2.o)
    0x08000266   0x08000266   0x00000004   Code   RO         1573    .ARM.Collect$$rtexit$$00000003  c_w.l(rtexit2.o)
    0x0800026a   0x0800026a   0x00000006   Code   RO         1574    .ARM.Collect$$rtexit$$00000004  c_w.l(rtexit2.o)
    0x08000270   0x08000270   0x00000014   Code   RO            3    .text               main.o
    0x08000284   0x08000284   0x0000001a   Code   RO          202    .text               stm32f4xx_it.o
    0x0800029e   0x0800029e   0x00000002   PAD
    0x080002a0   0x080002a0   0x00000210   Code   RO          251    .text               system_stm32f4xx.o
    0x080004b0   0x080004b0   0x00000040   Code   RO          278    .text               startup_stm32f40_41xxx.o
    0x080004f0   0x080004f0   0x000000e0   Code   RO          284    .text               misc.o
    0x080005d0   0x080005d0   0x000009f0   Code   RO          324    .text               stm32f4xx_can.o
    0x08000fc0   0x08000fc0   0x00000294   Code   RO          633    .text               stm32f4xx_gpio.o
    0x08001254   0x08001254   0x0000065c   Code   RO          796    .text               stm32f4xx_rcc.o
    0x080018b0   0x080018b0   0x00000ca2   Code   RO          941    .text               stm32f4xx_tim.o
    0x08002552   0x08002552   0x00000002   PAD
    0x08002554   0x08002554   0x00000454   Code   RO          961    .text               stm32f4xx_usart.o
    0x080029a8   0x080029a8   0x00000104   Code   RO         1001    .text               delay.o
    0x08002aac   0x08002aac   0x000000c8   Code   RO         1041    .text               usart.o
    0x08002b74   0x08002b74   0x00000598   Code   RO         1072    .text               init.o
    0x0800310c   0x0800310c   0x00000324   Code   RO         1092    .text               interrupt.o
    0x08003430   0x08003430   0x0000041a   Code   RO         1140    .text               elmo.o
    0x0800384a   0x0800384a   0x00000002   PAD
    0x0800384c   0x0800384c   0x000004a8   Code   RO         1163    .text               sensor.o
    0x08003cf4   0x08003cf4   0x00000184   Code   RO         1187    .text               gyro.o
    0x08003e78   0x08003e78   0x00000a84   Code   RO         1210    .text               m3508_control.o
    0x080048fc   0x080048fc   0x000007f8   Code   RO         1237    .text               basial_move.o
    0x080050f4   0x080050f4   0x000002b0   Code   RO         1269    .text               pid_control.o
    0x080053a4   0x080053a4   0x00000104   Code   RO         1313    .text               mission.o
    0x080054a8   0x080054a8   0x00000002   Code   RO         1337    .text               c_w.l(use_no_semi_2.o)
    0x080054aa   0x080054aa   0x00000002   PAD
    0x080054ac   0x080054ac   0x00000018   Code   RO         1341    .text               c_w.l(noretval__2printf.o)
    0x080054c4   0x080054c4   0x00000068   Code   RO         1343    .text               c_w.l(__printf.o)
    0x0800552c   0x0800552c   0x00000078   Code   RO         1345    .text               c_w.l(_printf_dec.o)
    0x080055a4   0x080055a4   0x00000006   Code   RO         1369    .text               c_w.l(heapauxi.o)
    0x080055aa   0x080055aa   0x00000002   Code   RO         1443    .text               c_w.l(use_no_semi.o)
    0x080055ac   0x080055ac   0x00000016   Code   RO         1446    .text               c_w.l(_rserrno.o)
    0x080055c2   0x080055c2   0x000000b2   Code   RO         1448    .text               c_w.l(_printf_intcommon.o)
    0x08005674   0x08005674   0x00000024   Code   RO         1450    .text               c_w.l(_printf_char_file.o)
    0x08005698   0x08005698   0x00000008   Code   RO         1501    .text               c_w.l(rt_errno_addr_intlibspace.o)
    0x080056a0   0x080056a0   0x00000030   Code   RO         1503    .text               c_w.l(_printf_char_common.o)
    0x080056d0   0x080056d0   0x00000008   Code   RO         1505    .text               c_w.l(ferror.o)
    0x080056d8   0x080056d8   0x00000008   Code   RO         1509    .text               c_w.l(libspace.o)
    0x080056e0   0x080056e0   0x0000004a   Code   RO         1512    .text               c_w.l(sys_stackheap_outer.o)
    0x0800572a   0x0800572a   0x00000012   Code   RO         1516    .text               c_w.l(exit.o)
    0x0800573c   0x0800573c   0x00000026   Code   RO         1464    i.__ARM_fpclassifyf  m_wm.l(fpclassifyf.o)
    0x08005762   0x08005762   0x00000002   PAD
    0x08005764   0x08005764   0x00000150   Code   RO         1419    i.__hardfp_cosf     m_wm.l(cosf.o)
    0x080058b4   0x080058b4   0x00000190   Code   RO         1431    i.__hardfp_sinf     m_wm.l(sinf.o)
    0x08005a44   0x08005a44   0x00000006   Code   RO         1467    i.__mathlib_flt_infnan  m_wm.l(funder.o)
    0x08005a4a   0x08005a4a   0x00000002   PAD
    0x08005a4c   0x08005a4c   0x00000010   Code   RO         1469    i.__mathlib_flt_invalid  m_wm.l(funder.o)
    0x08005a5c   0x08005a5c   0x00000010   Code   RO         1472    i.__mathlib_flt_underflow  m_wm.l(funder.o)
    0x08005a6c   0x08005a6c   0x00000154   Code   RO         1480    i.__mathlib_rredf2  m_wm.l(rredf.o)
    0x08005bc0   0x08005bc0   0x00000018   Code   RO         1373    x$fpl$basic         fz_wm.l(basic.o)
    0x08005bd8   0x08005bd8   0x00000062   Code   RO         1375    x$fpl$d2f           fz_wm.l(d2f.o)
    0x08005c3a   0x08005c3a   0x00000002   PAD
    0x08005c3c   0x08005c3c   0x00000150   Code   RO         1377    x$fpl$dadd          fz_wm.l(daddsub_clz.o)
    0x08005d8c   0x08005d8c   0x00000018   Code   RO         1453    x$fpl$dcmpinf       fz_wm.l(dcmpi.o)
    0x08005da4   0x08005da4   0x000002b0   Code   RO         1384    x$fpl$ddiv          fz_wm.l(ddiv.o)
    0x08006054   0x08006054   0x0000005e   Code   RO         1387    x$fpl$dfix          fz_wm.l(dfix.o)
    0x080060b2   0x080060b2   0x0000002e   Code   RO         1396    x$fpl$dflt          fz_wm.l(dflt_clz.o)
    0x080060e0   0x080060e0   0x000000a2   Code   RO         1401    x$fpl$dfltll        fz_wm.l(dfltll_clz.o)
    0x08006182   0x08006182   0x00000002   PAD
    0x08006184   0x08006184   0x00000078   Code   RO         1405    x$fpl$dleqf         fz_wm.l(dleqf.o)
    0x080061fc   0x080061fc   0x00000154   Code   RO         1407    x$fpl$dmul          fz_wm.l(dmul.o)
    0x08006350   0x08006350   0x0000009c   Code   RO         1455    x$fpl$dnaninf       fz_wm.l(dnaninf.o)
    0x080063ec   0x080063ec   0x0000000c   Code   RO         1457    x$fpl$dretinf       fz_wm.l(dretinf.o)
    0x080063f8   0x080063f8   0x0000006c   Code   RO         1409    x$fpl$drleqf        fz_wm.l(drleqf.o)
    0x08006464   0x08006464   0x000001d4   Code   RO         1379    x$fpl$dsub          fz_wm.l(daddsub_clz.o)
    0x08006638   0x08006638   0x00000056   Code   RO         1411    x$fpl$f2d           fz_wm.l(f2d.o)
    0x0800668e   0x0800668e   0x00000060   Code   RO         1417    x$fpl$ffltll        fz_wm.l(ffltll_clz.o)
    0x080066ee   0x080066ee   0x0000008c   Code   RO         1459    x$fpl$fnaninf       fz_wm.l(fnaninf.o)
    0x0800677a   0x0800677a   0x0000000a   Code   RO         1580    x$fpl$fpinit        fz_wm.l(fpinit.o)
    0x08006784   0x08006784   0x0000000a   Code   RO         1461    x$fpl$fretinf       fz_wm.l(fretinf.o)
    0x0800678e   0x0800678e   0x00000002   PAD
    0x08006790   0x08006790   0x000000c2   Code   RO         1391    x$fpl$llsfromd      fz_wm.l(dfixll.o)
    0x08006852   0x08006852   0x00000002   PAD
    0x08006854   0x08006854   0x00000086   Code   RO         1413    x$fpl$llsfromf      fz_wm.l(ffixll.o)
    0x080068da   0x080068da   0x00000000   Code   RO         1463    x$fpl$usenofp       fz_wm.l(usenofp.o)
    0x080068da   0x080068da   0x00000002   PAD
    0x080068dc   0x080068dc   0x00000020   Data   RO         1481    .constdata          m_wm.l(rredf.o)
    0x080068fc   0x080068fc   0x00000020   Data   RO         1644    Region$$Table       anon$$obj.o


    Execution Region RW_IRAM1 (Exec base: 0x20000000, Load base: 0x0800691c, Size: 0x000011e0, Max: 0x00020000, ABSOLUTE, COMPRESSED[0x00000044])

    Exec Addr    Load Addr    Size         Type   Attr      Idx    E Section Name        Object

    0x20000000   COMPRESSED   0x00000014   Data   RW          252    .data               system_stm32f4xx.o
    0x20000014   COMPRESSED   0x00000010   Data   RW          797    .data               stm32f4xx_rcc.o
    0x20000024   COMPRESSED   0x00000004   Data   RW         1002    .data               delay.o
    0x20000028   COMPRESSED   0x00000006   Data   RW         1043    .data               usart.o
    0x2000002e   COMPRESSED   0x00000002   PAD
    0x20000030   COMPRESSED   0x00000030   Data   RW         1165    .data               sensor.o
    0x20000060   COMPRESSED   0x00000028   Data   RW         1212    .data               m3508_control.o
    0x20000088   COMPRESSED   0x00000008   Data   RW         1239    .data               basial_move.o
    0x20000090   COMPRESSED   0x0000000c   Data   RW         1270    .data               pid_control.o
    0x2000009c   COMPRESSED   0x000000c0   Data   RW         1293    .data               pid_parameter.o
    0x2000015c        -       0x00000014   Zero   RW         1141    .bss                elmo.o
    0x20000170        -       0x0000000c   Zero   RW         1164    .bss                sensor.o
    0x2000017c   COMPRESSED   0x00000004   PAD
    0x20000180        -       0x000009f0   Zero   RW         1211    .bss                m3508_control.o
    0x20000b70        -       0x00000010   Zero   RW         1238    .bss                basial_move.o
    0x20000b80        -       0x00000060   Zero   RW         1510    .bss                c_w.l(libspace.o)
    0x20000be0        -       0x00000200   Zero   RW          276    HEAP                startup_stm32f40_41xxx.o
    0x20000de0        -       0x00000400   Zero   RW          275    STACK               startup_stm32f40_41xxx.o


==============================================================================

Image component sizes


      Code (inc. data)   RO Data    RW Data    ZI Data      Debug   Object Name

      2040        186          0          8         16       3911   basial_move.o
       260          8          0          4          0       1493   delay.o
      1050         10          0          0         20       4875   elmo.o
       388         24          0          0          0       1405   gyro.o
      1432         90          0          0          0       2496   init.o
       804         28          0          0          0       1375   interrupt.o
      2692         94          0         40       2544       6830   m3508_control.o
        20          0          0          0          0     292198   main.o
       224         20          0          0          0       1829   misc.o
       260         32          0          0          0        615   mission.o
       688         40          0         12          0       3774   pid_control.o
         0          0          0        192          0        967   pid_parameter.o
      1192        120          0         48         12       2032   sensor.o
        64         26        392          0       1536        836   startup_stm32f40_41xxx.o
      2544         38          0          0          0       8156   stm32f4xx_can.o
       660         44          0          0          0       4169   stm32f4xx_gpio.o
        26          0          0          0          0       1230   stm32f4xx_it.o
      1628         52          0         16          0      13052   stm32f4xx_rcc.o
      3234         60          0          0          0      23028   stm32f4xx_tim.o
      1108         34          0          0          0       7896   stm32f4xx_usart.o
       528         46          0         20          0       1795   system_stm32f4xx.o
       200         10          0          6          0       3112   usart.o

    ----------------------------------------------------------------------
     21048        962        424        348       4132     387074   Object Totals
         0          0         32          0          0          0   (incl. Generated)
         6          0          0          2          4          0   (incl. Padding)

    ----------------------------------------------------------------------

      Code (inc. data)   RO Data    RW Data    ZI Data      Debug   Library Member Name

        90          0          0          0          0          0   __dczerorl2.o
         8          0          0          0          0         68   __main.o
       104          0          0          0          0         84   __printf.o
         0          0          0          0          0          0   __rtentry.o
        12          0          0          0          0          0   __rtentry2.o
         6          0          0          0          0          0   __rtentry4.o
        52          8          0          0          0          0   __scatter.o
        28          0          0          0          0          0   __scatter_zi.o
        48          6          0          0          0         96   _printf_char_common.o
        36          4          0          0          0         80   _printf_char_file.o
         6          0          0          0          0          0   _printf_d.o
       120         16          0          0          0         92   _printf_dec.o
       178          0          0          0          0         88   _printf_intcommon.o
         0          0          0          0          0          0   _printf_percent.o
         4          0          0          0          0          0   _printf_percent_end.o
        22          0          0          0          0        100   _rserrno.o
        18          0          0          0          0         80   exit.o
         8          0          0          0          0         68   ferror.o
         6          0          0          0          0        152   heapauxi.o
         2          0          0          0          0          0   libinit.o
         6          0          0          0          0          0   libinit2.o
         2          0          0          0          0          0   libshutdown.o
         2          0          0          0          0          0   libshutdown2.o
         8          4          0          0         96         68   libspace.o
        24          4          0          0          0         84   noretval__2printf.o
         8          4          0          0          0         68   rt_errno_addr_intlibspace.o
         2          0          0          0          0          0   rtexit.o
        10          0          0          0          0          0   rtexit2.o
        74          0          0          0          0         80   sys_stackheap_outer.o
         2          0          0          0          0         68   use_no_semi.o
         2          0          0          0          0         68   use_no_semi_2.o
        24          0          0          0          0        164   basic.o
        98          4          0          0          0        140   d2f.o
       804         16          0          0          0        368   daddsub_clz.o
        24          0          0          0          0        116   dcmpi.o
       688        140          0          0          0        256   ddiv.o
        94          4          0          0          0        140   dfix.o
       194          4          0          0          0        164   dfixll.o
        46          0          0          0          0        116   dflt_clz.o
       162          0          0          0          0        132   dfltll_clz.o
       120          4          0          0          0        140   dleqf.o
       340         12          0          0          0        152   dmul.o
       156          4          0          0          0        140   dnaninf.o
        12          0          0          0          0        116   dretinf.o
       108          0          0          0          0        128   drleqf.o
        86          4          0          0          0        132   f2d.o
       134          4          0          0          0        132   ffixll.o
        96          0          0          0          0        132   ffltll_clz.o
       140          4          0          0          0        132   fnaninf.o
        10          0          0          0          0        116   fpinit.o
        10          0          0          0          0        116   fretinf.o
         0          0          0          0          0          0   usenofp.o
       336         56          0          0          0        136   cosf.o
        38          0          0          0          0        116   fpclassifyf.o
        38         12          0          0          0        348   funder.o
       340         24         32          0          0        160   rredf.o
       400         56          0          0          0        212   sinf.o

    ----------------------------------------------------------------------
      5404        394         32          0         96       5348   Library Totals
        18          0          0          0          0          0   (incl. Padding)

    ----------------------------------------------------------------------

      Code (inc. data)   RO Data    RW Data    ZI Data      Debug   Library Name

       888         46          0          0         96       1344   c_w.l
      3346        200          0          0          0       3032   fz_wm.l
      1152        148         32          0          0        972   m_wm.l

    ----------------------------------------------------------------------
      5404        394         32          0         96       5348   Library Totals

    ----------------------------------------------------------------------

==============================================================================


      Code (inc. data)   RO Data    RW Data    ZI Data      Debug   

     26452       1356        456        348       4228     385198   Grand Totals
     26452       1356        456         68       4228     385198   ELF Image Totals (compressed)
     26452       1356        456         68          0          0   ROM Totals

==============================================================================

    Total RO  Size (Code + RO Data)                26908 (  26.28kB)
    Total RW  Size (RW Data + ZI Data)              4576 (   4.47kB)
    Total ROM Size (Code + RO Data + RW Data)      26976 (  26.34kB)

==============================================================================

