Component: ARM Compiler 5.06 update 6 (build 750) Tool: armlink [4d35ed]

==============================================================================

Section Cross References

    main.o(.text) refers to delay.o(.text) for delay_init
    main.o(.text) refers to usart.o(.text) for uart_init
    main.o(.text) refers to init.o(.text) for Init
    main.o(.text) refers to os_core.o(.text) for OSInit
    main.o(.text) refers to cpu_a.o(.text) for CPU_SR_Save
    main.o(.text) refers to ucos_init.o(.text) for OS_APP_init
    system_stm32f4xx.o(.text) refers to system_stm32f4xx.o(.data) for SystemCoreClock
    startup_stm32f40_41xxx.o(STACK) refers (Special) to heapauxi.o(.text) for __use_two_region_memory
    startup_stm32f40_41xxx.o(HEAP) refers (Special) to heapauxi.o(.text) for __use_two_region_memory
    startup_stm32f40_41xxx.o(RESET) refers (Special) to heapauxi.o(.text) for __use_two_region_memory
    startup_stm32f40_41xxx.o(RESET) refers to startup_stm32f40_41xxx.o(STACK) for __initial_sp
    startup_stm32f40_41xxx.o(RESET) refers to startup_stm32f40_41xxx.o(.text) for Reset_Handler
    startup_stm32f40_41xxx.o(RESET) refers to stm32f4xx_it.o(.text) for NMI_Handler
    startup_stm32f40_41xxx.o(RESET) refers to os_cpu_a.o(CODE) for PendSV_Handler
    startup_stm32f40_41xxx.o(RESET) refers to delay.o(.text) for SysTick_Handler
    startup_stm32f40_41xxx.o(RESET) refers to interrupt.o(.text) for CAN1_RX0_IRQHandler
    startup_stm32f40_41xxx.o(RESET) refers to usart.o(.text) for USART1_IRQHandler
    startup_stm32f40_41xxx.o(.text) refers (Special) to heapauxi.o(.text) for __use_two_region_memory
    startup_stm32f40_41xxx.o(.text) refers to system_stm32f4xx.o(.text) for SystemInit
    startup_stm32f40_41xxx.o(.text) refers to __main.o(!!!main) for __main
    startup_stm32f40_41xxx.o(.text) refers to startup_stm32f40_41xxx.o(HEAP) for Heap_Mem
    startup_stm32f40_41xxx.o(.text) refers to startup_stm32f40_41xxx.o(STACK) for Stack_Mem
    stm32f4xx_adc.o(.text) refers to stm32f4xx_rcc.o(.text) for RCC_APB2PeriphResetCmd
    stm32f4xx_can.o(.text) refers to stm32f4xx_rcc.o(.text) for RCC_APB1PeriphResetCmd
    stm32f4xx_cryp.o(.text) refers to stm32f4xx_rcc.o(.text) for RCC_AHB2PeriphResetCmd
    stm32f4xx_cryp_aes.o(.text) refers to stm32f4xx_cryp.o(.text) for CRYP_KeyStructInit
    stm32f4xx_cryp_des.o(.text) refers to stm32f4xx_cryp.o(.text) for CRYP_KeyStructInit
    stm32f4xx_cryp_tdes.o(.text) refers to stm32f4xx_cryp.o(.text) for CRYP_KeyStructInit
    stm32f4xx_dac.o(.text) refers to stm32f4xx_rcc.o(.text) for RCC_APB1PeriphResetCmd
    stm32f4xx_dma2d.o(.text) refers to stm32f4xx_rcc.o(.text) for RCC_AHB1PeriphResetCmd
    stm32f4xx_fsmc.o(.text) refers to stm32f4xx_fsmc.o(.constdata) for FSMC_DefaultTimingStruct
    stm32f4xx_gpio.o(.text) refers to stm32f4xx_rcc.o(.text) for RCC_AHB1PeriphResetCmd
    stm32f4xx_hash.o(.text) refers to stm32f4xx_rcc.o(.text) for RCC_AHB2PeriphResetCmd
    stm32f4xx_hash_md5.o(.text) refers to stm32f4xx_hash.o(.text) for HASH_DeInit
    stm32f4xx_hash_sha1.o(.text) refers to stm32f4xx_hash.o(.text) for HASH_DeInit
    stm32f4xx_i2c.o(.text) refers to stm32f4xx_rcc.o(.text) for RCC_APB1PeriphResetCmd
    stm32f4xx_ltdc.o(.text) refers to stm32f4xx_rcc.o(.text) for RCC_APB2PeriphResetCmd
    stm32f4xx_pwr.o(.text) refers to stm32f4xx_rcc.o(.text) for RCC_APB1PeriphResetCmd
    stm32f4xx_rcc.o(.text) refers to stm32f4xx_rcc.o(.data) for APBAHBPrescTable
    stm32f4xx_rng.o(.text) refers to stm32f4xx_rcc.o(.text) for RCC_AHB2PeriphResetCmd
    stm32f4xx_sai.o(.text) refers to stm32f4xx_rcc.o(.text) for RCC_APB2PeriphResetCmd
    stm32f4xx_sdio.o(.text) refers to stm32f4xx_rcc.o(.text) for RCC_APB2PeriphResetCmd
    stm32f4xx_spi.o(.text) refers to stm32f4xx_rcc.o(.text) for RCC_APB2PeriphResetCmd
    stm32f4xx_syscfg.o(.text) refers to stm32f4xx_rcc.o(.text) for RCC_APB2PeriphResetCmd
    stm32f4xx_tim.o(.text) refers to stm32f4xx_rcc.o(.text) for RCC_APB2PeriphResetCmd
    stm32f4xx_usart.o(.text) refers to stm32f4xx_rcc.o(.text) for RCC_APB2PeriphResetCmd
    stm32f4xx_wwdg.o(.text) refers to stm32f4xx_rcc.o(.text) for RCC_APB1PeriphResetCmd
    delay.o(.text) refers to os_core.o(.text) for OSSchedLock
    delay.o(.text) refers to os_time.o(.text) for OSTimeDly
    delay.o(.text) refers to misc.o(.text) for SysTick_CLKSourceConfig
    delay.o(.text) refers to os_var.o(.data) for OSRunning
    delay.o(.text) refers to delay.o(.data) for fac_us
    delay.o(.text) refers to os_cfg_app.o(.constdata) for OSCfg_TickRate_Hz
    usart.o(.rev16_text) refers (Special) to use_no_semi_2.o(.text) for __use_no_semihosting
    usart.o(.revsh_text) refers (Special) to use_no_semi_2.o(.text) for __use_no_semihosting
    usart.o(.text) refers (Special) to use_no_semi_2.o(.text) for __use_no_semihosting
    usart.o(.text) refers to stm32f4xx_rcc.o(.text) for RCC_AHB1PeriphClockCmd
    usart.o(.text) refers to stm32f4xx_gpio.o(.text) for GPIO_PinAFConfig
[...]
    RCC_SYSCLKConfig                         0x08001409   Thumb Code    20  stm32f4xx_rcc.o(.text)
    RCC_GetSYSCLKSource                      0x0800141d   Thumb Code    12  stm32f4xx_rcc.o(.text)
    RCC_HCLKConfig                           0x08001429   Thumb Code    20  stm32f4xx_rcc.o(.text)
    RCC_PCLK1Config                          0x0800143d   Thumb Code    20  stm32f4xx_rcc.o(.text)
    RCC_PCLK2Config                          0x08001451   Thumb Code    22  stm32f4xx_rcc.o(.text)
    RCC_GetClocksFreq                        0x08001467   Thumb Code   222  stm32f4xx_rcc.o(.text)
    RCC_RTCCLKConfig                         0x08001545   Thumb Code    54  stm32f4xx_rcc.o(.text)
    RCC_RTCCLKCmd                            0x0800157b   Thumb Code     8  stm32f4xx_rcc.o(.text)
    RCC_BackupResetCmd                       0x08001583   Thumb Code     8  stm32f4xx_rcc.o(.text)
    RCC_I2SCLKConfig                         0x0800158b   Thumb Code     6  stm32f4xx_rcc.o(.text)
    RCC_SAIPLLI2SClkDivConfig                0x08001591   Thumb Code    26  stm32f4xx_rcc.o(.text)
    RCC_SAIPLLSAIClkDivConfig                0x080015ab   Thumb Code    28  stm32f4xx_rcc.o(.text)
    RCC_SAIBlockACLKConfig                   0x080015c7   Thumb Code    20  stm32f4xx_rcc.o(.text)
    RCC_SAIBlockBCLKConfig                   0x080015db   Thumb Code    20  stm32f4xx_rcc.o(.text)
    RCC_LTDCCLKDivConfig                     0x080015ef   Thumb Code    20  stm32f4xx_rcc.o(.text)
    RCC_TIMCLKPresConfig                     0x08001603   Thumb Code     6  stm32f4xx_rcc.o(.text)
    RCC_AHB1PeriphClockCmd                   0x08001609   Thumb Code    34  stm32f4xx_rcc.o(.text)
    RCC_AHB2PeriphClockCmd                   0x0800162b   Thumb Code    78  stm32f4xx_rcc.o(.text)
    RCC_AHB3PeriphClockCmd                   0x08001679   Thumb Code    34  stm32f4xx_rcc.o(.text)
    RCC_APB1PeriphClockCmd                   0x0800169b   Thumb Code    34  stm32f4xx_rcc.o(.text)
    RCC_APB2PeriphClockCmd                   0x080016bd   Thumb Code    34  stm32f4xx_rcc.o(.text)
    RCC_AHB1PeriphResetCmd                   0x080016df   Thumb Code    34  stm32f4xx_rcc.o(.text)
    RCC_AHB2PeriphResetCmd                   0x08001701   Thumb Code    34  stm32f4xx_rcc.o(.text)
    RCC_AHB3PeriphResetCmd                   0x08001723   Thumb Code    34  stm32f4xx_rcc.o(.text)
    RCC_APB1PeriphResetCmd                   0x08001745   Thumb Code    34  stm32f4xx_rcc.o(.text)
    RCC_APB2PeriphResetCmd                   0x08001767   Thumb Code    34  stm32f4xx_rcc.o(.text)
    RCC_AHB1PeriphClockLPModeCmd             0x08001789   Thumb Code    34  stm32f4xx_rcc.o(.text)
    RCC_AHB2PeriphClockLPModeCmd             0x080017ab   Thumb Code    34  stm32f4xx_rcc.o(.text)
    RCC_AHB3PeriphClockLPModeCmd             0x080017cd   Thumb Code    34  stm32f4xx_rcc.o(.text)
    RCC_APB1PeriphClockLPModeCmd             0x080017ef   Thumb Code    34  stm32f4xx_rcc.o(.text)
    RCC_APB2PeriphClockLPModeCmd             0x08001811   Thumb Code    34  stm32f4xx_rcc.o(.text)
    RCC_LSEModeConfig                        0x08001833   Thumb Code    40  stm32f4xx_rcc.o(.text)
    RCC_ITConfig                             0x0800185b   Thumb Code    34  stm32f4xx_rcc.o(.text)
    RCC_ClearFlag                            0x0800187d   Thumb Code    18  stm32f4xx_rcc.o(.text)
    RCC_GetITStatus                          0x0800188f   Thumb Code    22  stm32f4xx_rcc.o(.text)
    RCC_ClearITPendingBit                    0x080018a5   Thumb Code     8  stm32f4xx_rcc.o(.text)
    TIM_DeInit                               0x080018b1   Thumb Code   346  stm32f4xx_tim.o(.text)
    TIM_TimeBaseInit                         0x08001a0b   Thumb Code   104  stm32f4xx_tim.o(.text)
    TIM_TimeBaseStructInit                   0x08001a73   Thumb Code    18  stm32f4xx_tim.o(.text)
    TIM_PrescalerConfig                      0x08001a85   Thumb Code     6  stm32f4xx_tim.o(.text)
    TIM_CounterModeConfig                    0x08001a8b   Thumb Code    18  stm32f4xx_tim.o(.text)
    TIM_SetCounter                           0x08001a9d   Thumb Code     4  stm32f4xx_tim.o(.text)
    TIM_SetAutoreload                        0x08001aa1   Thumb Code     4  stm32f4xx_tim.o(.text)
    TIM_GetCounter                           0x08001aa5   Thumb Code     6  stm32f4xx_tim.o(.text)
    TIM_GetPrescaler                         0x08001aab   Thumb Code     6  stm32f4xx_tim.o(.text)
    TIM_UpdateDisableConfig                  0x08001ab1   Thumb Code    24  stm32f4xx_tim.o(.text)
    TIM_UpdateRequestConfig                  0x08001ac9   Thumb Code    24  stm32f4xx_tim.o(.text)
    TIM_ARRPreloadConfig                     0x08001ae1   Thumb Code    24  stm32f4xx_tim.o(.text)
    TIM_SelectOnePulseMode                   0x08001af9   Thumb Code    18  stm32f4xx_tim.o(.text)
    TIM_SetClockDivision                     0x08001b0b   Thumb Code    18  stm32f4xx_tim.o(.text)
    TIM_Cmd                                  0x08001b1d   Thumb Code    24  stm32f4xx_tim.o(.text)
    TIM_OC1Init                              0x08001b35   Thumb Code   114  stm32f4xx_tim.o(.text)
    TIM_OC2Init                              0x08001ba7   Thumb Code   154  stm32f4xx_tim.o(.text)
    TIM_OC3Init                              0x08001c41   Thumb Code   204  stm32f4xx_tim.o(.text)
    TIM_OC4Init                              0x08001d0d   Thumb Code   112  stm32f4xx_tim.o(.text)
    TIM_OCStructInit                         0x08001d7d   Thumb Code    20  stm32f4xx_tim.o(.text)
    TIM_SelectOCxM                           0x08001d91   Thumb Code    86  stm32f4xx_tim.o(.text)
    TIM_SetCompare1                          0x08001de7   Thumb Code     4  stm32f4xx_tim.o(.text)
    TIM_SetCompare2                          0x08001deb   Thumb Code     4  stm32f4xx_tim.o(.text)
    TIM_SetCompare3                          0x08001def   Thumb Code     4  stm32f4xx_tim.o(.text)
    TIM_SetCompare4                          0x08001df3   Thumb Code     4  stm32f4xx_tim.o(.text)
    TIM_ForcedOC1Config                      0x08001df7   Thumb Code    18  stm32f4xx_tim.o(.text)
    TIM_ForcedOC2Config                      0x08001e09   Thumb Code    26  stm32f4xx_tim.o(.text)
    TIM_ForcedOC3Config                      0x08001e23   Thumb Code    18  stm32f4xx_tim.o(.text)
    TIM_ForcedOC4Config                      0x08001e35   Thumb Code    26  stm32f4xx_tim.o(.text)
    TIM_OC1PreloadConfig                     0x08001e4f   Thumb Code    18  stm32f4xx_tim.o(.text)
    TIM_OC2PreloadConfig                     0x08001e61   Thumb Code    26  stm32f4xx_tim.o(.text)
    TIM_OC3PreloadConfig                     0x08001e7b   Thumb Code    18  stm32f4xx_tim.o(.text)
    TIM_OC4PreloadConfig                     0x08001e8d   Thumb Code    26  stm32f4xx_tim.o(.text)
    TIM_OC1FastConfig                        0x08001ea7   Thumb Code    18  stm32f4xx_tim.o(.text)
    TIM_OC2FastConfig                        0x08001eb9   Thumb Code    26  stm32f4xx_tim.o(.text)
    TIM_OC3FastConfig                        0x08001ed3   Thumb Code    18  stm32f4xx_tim.o(.text)
    TIM_OC4FastConfig                        0x08001ee5   Thumb Code    26  stm32f4xx_tim.o(.text)
    TIM_ClearOC1Ref                          0x08001eff   Thumb Code    18  stm32f4xx_tim.o(.text)
    TIM_ClearOC2Ref                          0x08001f11   Thumb Code    24  stm32f4xx_tim.o(.text)
    TIM_ClearOC3Ref                          0x08001f29   Thumb Code    18  stm32f4xx_tim.o(.text)
    TIM_ClearOC4Ref                          0x08001f3b   Thumb Code    24  stm32f4xx_tim.o(.text)
    TIM_OC1PolarityConfig                    0x08001f53   Thumb Code    18  stm32f4xx_tim.o(.text)
    TIM_OC1NPolarityConfig                   0x08001f65   Thumb Code    18  stm32f4xx_tim.o(.text)
    TIM_OC2PolarityConfig                    0x08001f77   Thumb Code    26  stm32f4xx_tim.o(.text)
    TIM_OC2NPolarityConfig                   0x08001f91   Thumb Code    26  stm32f4xx_tim.o(.text)
    TIM_OC3PolarityConfig                    0x08001fab   Thumb Code    26  stm32f4xx_tim.o(.text)
    TIM_OC3NPolarityConfig                   0x08001fc5   Thumb Code    26  stm32f4xx_tim.o(.text)
    TIM_OC4PolarityConfig                    0x08001fdf   Thumb Code    26  stm32f4xx_tim.o(.text)
    TIM_CCxCmd                               0x08001ff9   Thumb Code    30  stm32f4xx_tim.o(.text)
    TIM_CCxNCmd                              0x08002017   Thumb Code    30  stm32f4xx_tim.o(.text)
    TIM_SetIC4Prescaler                      0x08002035   Thumb Code    26  stm32f4xx_tim.o(.text)
    TIM_SetIC3Prescaler                      0x0800209f   Thumb Code    18  stm32f4xx_tim.o(.text)
    TIM_SetIC2Prescaler                      0x080020f9   Thumb Code    26  stm32f4xx_tim.o(.text)
    TIM_SetIC1Prescaler                      0x0800216d   Thumb Code    18  stm32f4xx_tim.o(.text)
    TIM_ICInit                               0x080021b9   Thumb Code   110  stm32f4xx_tim.o(.text)
    TIM_ICStructInit                         0x08002227   Thumb Code    18  stm32f4xx_tim.o(.text)
    TIM_PWMIConfig                           0x08002239   Thumb Code   124  stm32f4xx_tim.o(.text)
    TIM_GetCapture1                          0x080022b5   Thumb Code     6  stm32f4xx_tim.o(.text)
    TIM_GetCapture2                          0x080022bb   Thumb Code     6  stm32f4xx_tim.o(.text)
    TIM_GetCapture3                          0x080022c1   Thumb Code     6  stm32f4xx_tim.o(.text)
    TIM_GetCapture4                          0x080022c7   Thumb Code     6  stm32f4xx_tim.o(.text)
    TIM_BDTRConfig                           0x080022cd   Thumb Code    32  stm32f4xx_tim.o(.text)
    TIM_BDTRStructInit                       0x080022ed   Thumb Code    18  stm32f4xx_tim.o(.text)
    TIM_CtrlPWMOutputs                       0x080022ff   Thumb Code    30  stm32f4xx_tim.o(.text)
    TIM_SelectCOM                            0x0800231d   Thumb Code    24  stm32f4xx_tim.o(.text)
    TIM_CCPreloadControl                     0x08002335   Thumb Code    24  stm32f4xx_tim.o(.text)
    TIM_ITConfig                             0x0800234d   Thumb Code    18  stm32f4xx_tim.o(.text)
    TIM_GenerateEvent                        0x0800235f   Thumb Code     4  stm32f4xx_tim.o(.text)
    TIM_GetFlagStatus                        0x08002363   Thumb Code    18  stm32f4xx_tim.o(.text)
    TIM_ClearFlag                            0x08002375   Thumb Code     6  stm32f4xx_tim.o(.text)
    TIM_GetITStatus                          0x0800237b   Thumb Code    34  stm32f4xx_tim.o(.text)
    TIM_ClearITPendingBit                    0x0800239d   Thumb Code     6  stm32f4xx_tim.o(.text)
    TIM_DMAConfig                            0x080023a3   Thumb Code    10  stm32f4xx_tim.o(.text)
    TIM_DMACmd                               0x080023ad   Thumb Code    18  stm32f4xx_tim.o(.text)
    TIM_SelectCCDMA                          0x080023bf   Thumb Code    24  stm32f4xx_tim.o(.text)
    TIM_InternalClockConfig                  0x080023d7   Thumb Code    12  stm32f4xx_tim.o(.text)
    TIM_SelectInputTrigger                   0x080023e3   Thumb Code    18  stm32f4xx_tim.o(.text)
    TIM_ITRxExternalClockConfig              0x080023f5   Thumb Code    24  stm32f4xx_tim.o(.text)
    TIM_TIxExternalClockConfig               0x0800240d   Thumb Code    62  stm32f4xx_tim.o(.text)
    TIM_ETRConfig                            0x0800244b   Thumb Code    28  stm32f4xx_tim.o(.text)
    TIM_ETRClockMode1Config                  0x08002467   Thumb Code    54  stm32f4xx_tim.o(.text)
    TIM_ETRClockMode2Config                  0x0800249d   Thumb Code    32  stm32f4xx_tim.o(.text)
    TIM_SelectOutputTrigger                  0x080024bd   Thumb Code    18  stm32f4xx_tim.o(.text)
    TIM_SelectSlaveMode                      0x080024cf   Thumb Code    18  stm32f4xx_tim.o(.text)
    TIM_SelectMasterSlaveMode                0x080024e1   Thumb Code    18  stm32f4xx_tim.o(.text)
    TIM_EncoderInterfaceConfig               0x080024f3   Thumb Code    66  stm32f4xx_tim.o(.text)
    TIM_SelectHallSensor                     0x08002535   Thumb Code    24  stm32f4xx_tim.o(.text)
    TIM_RemapConfig                          0x0800254d   Thumb Code     6  stm32f4xx_tim.o(.text)
    USART_DeInit                             0x08002555   Thumb Code   206  stm32f4xx_usart.o(.text)
    USART_Init                               0x08002623   Thumb Code   204  stm32f4xx_usart.o(.text)
    USART_StructInit                         0x080026ef   Thumb Code    24  stm32f4xx_usart.o(.text)
    USART_ClockInit                          0x08002707   Thumb Code    32  stm32f4xx_usart.o(.text)
    USART_ClockStructInit                    0x08002727   Thumb Code    12  stm32f4xx_usart.o(.text)
    USART_Cmd                                0x08002733   Thumb Code    24  stm32f4xx_usart.o(.text)
    USART_SetPrescaler                       0x0800274b   Thumb Code    16  stm32f4xx_usart.o(.text)
    USART_OverSampling8Cmd                   0x0800275b   Thumb Code    22  stm32f4xx_usart.o(.text)
    USART_OneBitMethodCmd                    0x08002771   Thumb Code    24  stm32f4xx_usart.o(.text)
    USART_SendData                           0x08002789   Thumb Code     8  stm32f4xx_usart.o(.text)
    USART_ReceiveData                        0x08002791   Thumb Code    10  stm32f4xx_usart.o(.text)
    USART_SetAddress                         0x0800279b   Thumb Code    18  stm32f4xx_usart.o(.text)
    USART_ReceiverWakeUpCmd                  0x080027ad   Thumb Code    24  stm32f4xx_usart.o(.text)
    USART_WakeUpConfig                       0x080027c5   Thumb Code    18  stm32f4xx_usart.o(.text)
    USART_LINBreakDetectLengthConfig         0x080027d7   Thumb Code    18  stm32f4xx_usart.o(.text)
    USART_LINCmd                             0x080027e9   Thumb Code    24  stm32f4xx_usart.o(.text)
    USART_SendBreak                          0x08002801   Thumb Code    10  stm32f4xx_usart.o(.text)
    USART_HalfDuplexCmd                      0x0800280b   Thumb Code    24  stm32f4xx_usart.o(.text)
    USART_SetGuardTime                       0x08002823   Thumb Code    16  stm32f4xx_usart.o(.text)
    USART_SmartCardCmd                       0x08002833   Thumb Code    24  stm32f4xx_usart.o(.text)
    USART_SmartCardNACKCmd                   0x0800284b   Thumb Code    24  stm32f4xx_usart.o(.text)
    USART_IrDAConfig                         0x08002863   Thumb Code    18  stm32f4xx_usart.o(.text)
    USART_IrDACmd                            0x08002875   Thumb Code    24  stm32f4xx_usart.o(.text)
    USART_DMACmd                             0x0800288d   Thumb Code    18  stm32f4xx_usart.o(.text)
    USART_ITConfig                           0x0800289f   Thumb Code    74  stm32f4xx_usart.o(.text)
    USART_GetFlagStatus                      0x080028e9   Thumb Code    26  stm32f4xx_usart.o(.text)
    USART_ClearFlag                          0x08002903   Thumb Code    18  stm32f4xx_usart.o(.text)
    USART_GetITStatus                        0x08002915   Thumb Code   118  stm32f4xx_usart.o(.text)
    USART_ClearITPendingBit                  0x0800298b   Thumb Code    30  stm32f4xx_usart.o(.text)
    delay_osschedlock                        0x080029a9   Thumb Code    10  delay.o(.text)
    delay_osschedunlock                      0x080029b3   Thumb Code    10  delay.o(.text)
    delay_ostimedly                          0x080029bd   Thumb Code    16  delay.o(.text)
    SysTick_Handler                          0x080029cd   Thumb Code    24  delay.o(.text)
    delay_init                               0x080029e5   Thumb Code    94  delay.o(.text)
    delay_us                                 0x08002a43   Thumb Code    84  delay.o(.text)
    delay_ms                                 0x08002a97   Thumb Code    66  delay.o(.text)
    _sys_exit                                0x08002af1   Thumb Code     4  usart.o(.text)
    fputc                                    0x08002af5   Thumb Code    22  usart.o(.text)
    uart_init                                0x08002b0b   Thumb Code   164  usart.o(.text)
    USART1_IRQHandler                        0x08002baf   Thumb Code   130  usart.o(.text)
    Beep_ms                                  0x08002c41   Thumb Code    28  init.o(.text)
    Driver_Init                              0x08002c5d   Thumb Code    20  init.o(.text)
    Periph_Init                              0x08002c71   Thumb Code   582  init.o(.text)
    GPIO_INIT                                0x08002eb7   Thumb Code   428  init.o(.text)
    Init                                     0x08003063   Thumb Code    22  init.o(.text)
    Usart_SendByte                           0x08003079   Thumb Code    30  init.o(.text)
    Interrupt_Enable                         0x08003099   Thumb Code    10  interrupt.o(.text)
    CAN1_RX0_IRQHandler                      0x080030a3   Thumb Code    28  interrupt.o(.text)
    CAN2_RX1_IRQHandler                      0x080030bf   Thumb Code    28  interrupt.o(.text)
    CAN1_SendMsg                             0x080030e5   Thumb Code   100  elmo.o(.text)
    ELMO_Single_Enable                       0x08003149   Thumb Code    62  elmo.o(.text)
    ELMO_Single_Init                         0x08003187   Thumb Code    62  elmo.o(.text)
    ELMO_Single_Disenable                    0x080031c5   Thumb Code    62  elmo.o(.text)
    ELMO_Single_STOP                         0x08003203   Thumb Code    62  elmo.o(.text)
    ELMO_Single_BEGIN                        0x08003241   Thumb Code    62  elmo.o(.text)
    ELMO_Single_Velocity                     0x0800327f   Thumb Code    88  elmo.o(.text)
    ELMO_Single_PTP_PA                       0x080032d7   Thumb Code   104  elmo.o(.text)
    ELMO_Single_PTP_PR                       0x0800333f   Thumb Code   104  elmo.o(.text)
    ELMO_Enable                              0x080033a7   Thumb Code    52  elmo.o(.text)
    ELMO_Init                                0x080033db   Thumb Code    52  elmo.o(.text)
    ELMO_Disenable                           0x0800340f   Thumb Code    52  elmo.o(.text)
    ELMO_STOP                                0x08003443   Thumb Code    52  elmo.o(.text)
    ELMO_BEGIN                               0x08003477   Thumb Code    52  elmo.o(.text)
    ELMO_Velocity                            0x080034ab   Thumb Code    84  elmo.o(.text)
    GYRO_Set_Position                        0x08003501   Thumb Code   164  gyro.o(.text)
    GYRO_Set_Angle                           0x080035a5   Thumb Code    84  gyro.o(.text)
    GYRO_Init                                0x08003629   Thumb Code    68  gyro.o(.text)
    BSP_CPU_ClkFreq                          0x08003685   Thumb Code    14  bsp.o(.text)
    CPU_TS_TmrInit                           0x08003693   Thumb Code    44  bsp.o(.text)
    CPU_TS_TmrRd                             0x080036bf   Thumb Code     6  bsp.o(.text)
    CPU_TS32_to_uSec                         0x080036c5   Thumb Code    54  bsp.o(.text)
    CPU_NameClr                              0x08003709   Thumb Code    42  cpu_core.o(.text)
    CPU_Init                                 0x08003749   Thumb Code    12  cpu_core.o(.text)
    CPU_SW_Exception                         0x08003755   Thumb Code     4  cpu_core.o(.text)
    CPU_NameGet                              0x08003759   Thumb Code    70  cpu_core.o(.text)
    CPU_NameSet                              0x0800379f   Thumb Code    96  cpu_core.o(.text)
    CPU_TS_Get32                             0x080037ff   Thumb Code    12  cpu_core.o(.text)
    CPU_TS_Update                            0x0800380b   Thumb Code     2  cpu_core.o(.text)
    CPU_TS_TmrFreqGet                        0x0800380d   Thumb Code    30  cpu_core.o(.text)
    CPU_TS_TmrFreqSet                        0x0800382b   Thumb Code     6  cpu_core.o(.text)
    CPU_CntLeadZeros08                       0x08003831   Thumb Code    18  cpu_core.o(.text)
    CPU_CntLeadZeros16                       0x08003843   Thumb Code    18  cpu_core.o(.text)
    CPU_CntLeadZeros32                       0x08003855   Thumb Code    18  cpu_core.o(.text)
    CPU_CntLeadZeros64                       0x08003867   Thumb Code   188  cpu_core.o(.text)
    CPU_CntTrailZeros08                      0x08003923   Thumb Code    22  cpu_core.o(.text)
    CPU_CntTrailZeros16                      0x08003939   Thumb Code    22  cpu_core.o(.text)
    CPU_CntTrailZeros32                      0x0800394f   Thumb Code    22  cpu_core.o(.text)
    CPU_CntTrailZeros64                      0x08003965   Thumb Code    62  cpu_core.o(.text)
    CPU_IntDis                               0x080039b1   Thumb Code     0  cpu_a.o(.text)
    CPU_IntEn                                0x080039b5   Thumb Code     0  cpu_a.o(.text)
    CPU_SR_Save                              0x080039b9   Thumb Code     0  cpu_a.o(.text)
    CPU_SR_Restore                           0x080039c1   Thumb Code     0  cpu_a.o(.text)
    CPU_WaitForInt                           0x080039c7   Thumb Code     0  cpu_a.o(.text)
    CPU_WaitForExcept                        0x080039cb   Thumb Code     0  cpu_a.o(.text)
    CPU_CntLeadZeros                         0x080039cf   Thumb Code     0  cpu_a.o(.text)
    CPU_CntTrailZeros                        0x080039d5   Thumb Code     0  cpu_a.o(.text)
    CPU_RevBits                              0x080039df   Thumb Code     0  cpu_a.o(.text)
    OSCfg_Init                               0x080039e5   Thumb Code     2  os_cfg_app.o(.text)
    OS_IdleTask                              0x080039e9   Thumb Code    58  os_core.o(.text)
    OS_IdleTaskInit                          0x08003a23   Thumb Code    68  os_core.o(.text)
    OS_RdyListInit                           0x08003a67   Thumb Code    32  os_core.o(.text)
    OSInit                                   0x08003a87   Thumb Code   270  os_core.o(.text)
    OSIntEnter                               0x08003b95   Thumb Code    34  os_core.o(.text)
    OSIntExit                                0x08003bb7   Thumb Code   188  os_core.o(.text)
    OSSched                                  0x08003c73   Thumb Code   130  os_core.o(.text)
    OS_SchedLockTimeMeasStart                0x08003cf5   Thumb Code    20  os_core.o(.text)
    OSSchedLock                              0x08003d09   Thumb Code   104  os_core.o(.text)
    OS_SchedLockTimeMeasStop                 0x08003d71   Thumb Code    44  os_core.o(.text)
    OSSchedUnlock                            0x08003d9d   Thumb Code   274  os_core.o(.text)
    OSStart                                  0x08003eaf   Thumb Code    78  os_core.o(.text)
    OSVersion                                0x08003efd   Thumb Code    12  os_core.o(.text)
    OS_PendDbgNameAdd                        0x08003f09   Thumb Code    66  os_core.o(.text)
    OS_PendListInsertPrio                    0x08003f4b   Thumb Code   102  os_core.o(.text)
    OS_PendDataInit                          0x08003fb1   Thumb Code    38  os_core.o(.text)
    OS_RdyListRemove                         0x08003fd7   Thumb Code    86  os_core.o(.text)
    OS_TaskBlock                             0x0800402d   Thumb Code    40  os_core.o(.text)
    OS_Pend                                  0x08004055   Thumb Code    98  os_core.o(.text)
    OS_PendListRemove1                       0x080040b7   Thumb Code    66  os_core.o(.text)
    OS_PendListRemove                        0x080040f9   Thumb Code    48  os_core.o(.text)
    OS_PendAbort1                            0x08004129   Thumb Code    36  os_core.o(.text)
    OS_RdyListInsertHead                     0x0800414d   Thumb Code    58  os_core.o(.text)
    OS_RdyListInsertTail                     0x08004187   Thumb Code    56  os_core.o(.text)
    OS_RdyListInsert                         0x080041bf   Thumb Code    40  os_core.o(.text)
    OS_PendAbort                             0x080041e7   Thumb Code   234  os_core.o(.text)
    OS_PendDbgNameRemove                     0x080042d1   Thumb Code    34  os_core.o(.text)
    OS_PendListChangePrio                    0x080042f3   Thumb Code    70  os_core.o(.text)
    OS_PendListInit                          0x08004339   Thumb Code    10  os_core.o(.text)
    OS_PendListInsertHead                    0x08004343   Thumb Code    32  os_core.o(.text)
    OS_PendObjDel1                           0x08004363   Thumb Code    36  os_core.o(.text)
    OS_PendObjDel                            0x08004387   Thumb Code   176  os_core.o(.text)
    OS_Post1                                 0x08004437   Thumb Code    42  os_core.o(.text)
    OS_Post                                  0x08004461   Thumb Code   214  os_core.o(.text)
    OS_RdyListMoveHeadToTail                 0x08004537   Thumb Code    68  os_core.o(.text)
    OS_Dbg_Init                              0x0800457d   Thumb Code   146  os_dbg.o(.text)
    OS_FlagDbgListAdd                        0x08004725   Thumb Code    38  os_flag.o(.text)
    OSFlagCreate                             0x0800474b   Thumb Code   116  os_flag.o(.text)
    OS_FlagClr                               0x080047bf   Thumb Code    28  os_flag.o(.text)
    OS_FlagDbgListRemove                     0x080047db   Thumb Code    44  os_flag.o(.text)
    OSFlagDel                                0x08004807   Thumb Code   306  os_flag.o(.text)
    OS_FlagBlock                             0x08004939   Thumb Code    54  os_flag.o(.text)
    OSFlagPend                               0x0800496f   Thumb Code  1240  os_flag.o(.text)
    OSFlagPendAbort                          0x08004e47   Thumb Code   236  os_flag.o(.text)
    OSFlagPendGetFlagsRdy                    0x08004f33   Thumb Code    84  os_flag.o(.text)
    OS_FlagTaskRdy                           0x08004f87   Thumb Code   100  os_flag.o(.text)
    OS_FlagPost                              0x08004feb   Thumb Code   406  os_flag.o(.text)
    OSFlagPost                               0x08005181   Thumb Code   112  os_flag.o(.text)
    OS_FlagInit                              0x080051f1   Thumb Code    14  os_flag.o(.text)
    OS_MemDbgListAdd                         0x08005211   Thumb Code    34  os_mem.o(.text)
    OSMemCreate                              0x08005233   Thumb Code   232  os_mem.o(.text)
    OSMemGet                                 0x0800531b   Thumb Code   100  os_mem.o(.text)
    OSMemPut                                 0x0800537f   Thumb Code   112  os_mem.o(.text)
    OS_MemInit                               0x080053ef   Thumb Code    14  os_mem.o(.text)
    OS_MsgPoolInit                           0x0800540d   Thumb Code   110  os_msg.o(.text)
    OS_MsgQFreeAll                           0x0800547b   Thumb Code    62  os_msg.o(.text)
    OS_MsgQInit                              0x080054b9   Thumb Code    14  os_msg.o(.text)
    OS_MsgQGet                               0x080054c7   Thumb Code    98  os_msg.o(.text)
    OS_MsgQPut                               0x08005529   Thumb Code   254  os_msg.o(.text)
    OS_MutexDbgListAdd                       0x08005635   Thumb Code    38  os_mutex.o(.text)
    OSMutexCreate                            0x0800565b   Thumb Code   122  os_mutex.o(.text)
    OS_MutexClr                              0x080056d5   Thumb Code    38  os_mutex.o(.text)
    OS_MutexDbgListRemove                    0x080056fb   Thumb Code    44  os_mutex.o(.text)
    OSMutexDel                               0x08005727   Thumb Code   442  os_mutex.o(.text)
    OSMutexPend                              0x080058e1   Thumb Code   618  os_mutex.o(.text)
    OSMutexPendAbort                         0x08005b4b   Thumb Code   236  os_mutex.o(.text)
    OSMutexPost                              0x08005c37   Thumb Code   354  os_mutex.o(.text)
    OS_MutexInit                             0x08005d99   Thumb Code    14  os_mutex.o(.text)
    OS_PrioInit                              0x08005dc1   Thumb Code    20  os_prio.o(.text)
    OS_PrioGetHighest                        0x08005dd5   Thumb Code    36  os_prio.o(.text)
    OS_PrioInsert                            0x08005df9   Thumb Code    32  os_prio.o(.text)
    OS_PrioRemove                            0x08005e19   Thumb Code    32  os_prio.o(.text)
    OS_QDbgListAdd                           0x08005e3d   Thumb Code    38  os_q.o(.text)
    OSQCreate                                0x08005e63   Thumb Code   130  os_q.o(.text)
    OS_QClr                                  0x08005ee5   Thumb Code    40  os_q.o(.text)
    OS_QDbgListRemove                        0x08005f0d   Thumb Code    44  os_q.o(.text)
    OSQDel                                   0x08005f39   Thumb Code   306  os_q.o(.text)
    OSQFlush                                 0x0800606b   Thumb Code   106  os_q.o(.text)
    OSQPend                                  0x080060d5   Thumb Code   484  os_q.o(.text)
    OSQPendAbort                             0x080062b9   Thumb Code   236  os_q.o(.text)
    OS_QPost                                 0x080063a5   Thumb Code   190  os_q.o(.text)
    OSQPost                                  0x08006463   Thumb Code   144  os_q.o(.text)
    OS_QInit                                 0x080064f3   Thumb Code    14  os_q.o(.text)
    OS_SemDbgListAdd                         0x08006515   Thumb Code    38  os_sem.o(.text)
    OSSemCreate                              0x0800653b   Thumb Code   116  os_sem.o(.text)
    OS_SemClr                                0x080065af   Thumb Code    28  os_sem.o(.text)
    OS_SemDbgListRemove                      0x080065cb   Thumb Code    44  os_sem.o(.text)
    OSSemDel                                 0x080065f7   Thumb Code   306  os_sem.o(.text)
    OSSemPend                                0x08006729   Thumb Code   406  os_sem.o(.text)
    OSSemPendAbort                           0x080068bf   Thumb Code   278  os_sem.o(.text)
    OS_SemPost                               0x080069d5   Thumb Code   294  os_sem.o(.text)
    OSSemPost                                0x08006afb   Thumb Code   108  os_sem.o(.text)
    OSSemSet                                 0x08006b67   Thumb Code   120  os_sem.o(.text)
    OS_SemInit                               0x08006bdf   Thumb Code    14  os_sem.o(.text)
    OSStatReset                              0x08006bfd   Thumb Code   262  os_stat.o(.text)
    OSStatTaskCPUUsageInit                   0x08006d03   Thumb Code   212  os_stat.o(.text)
    OS_StatTask                              0x08006dd7   Thumb Code   766  os_stat.o(.text)
    OS_StatTaskInit                          0x080070d5   Thumb Code   138  os_stat.o(.text)
    OSTaskChangePrio                         0x080071a5   Thumb Code   274  os_task.o(.text)
    OS_TaskDbgListAdd                        0x080072b7   Thumb Code    42  os_task.o(.text)
    OS_TaskInitTCB                           0x080072e1   Thumb Code   166  os_task.o(.text)
    OSTaskCreate                             0x08007387   Thumb Code   392  os_task.o(.text)
    OS_TaskDbgListRemove                     0x0800750f   Thumb Code    64  os_task.o(.text)
    OSTaskDel                                0x0800754f   Thumb Code   320  os_task.o(.text)
    OSTaskQFlush                             0x0800768f   Thumb Code   110  os_task.o(.text)
    OSTaskQPend                              0x080076fd   Thumb Code   458  os_task.o(.text)
    OSTaskQPendAbort                         0x080078c7   Thumb Code   186  os_task.o(.text)
    OS_TaskQPost                             0x08007981   Thumb Code   236  os_task.o(.text)
    OSTaskQPost                              0x08007a6d   Thumb Code    82  os_task.o(.text)
    OSTaskRegGet                             0x08007abf   Thumb Code    78  os_task.o(.text)
    OSTaskRegGetID                           0x08007b0d   Thumb Code    84  os_task.o(.text)
    OSTaskRegSet                             0x08007b61   Thumb Code    78  os_task.o(.text)
    OS_TaskResume                            0x08007baf   Thumb Code   256  os_task.o(.text)
    OSTaskResume                             0x08007caf   Thumb Code    96  os_task.o(.text)
    OSTaskSemPend                            0x08007d0f   Thumb Code   482  os_task.o(.text)
    OSTaskSemPendAbort                       0x08007ef1   Thumb Code   214  os_task.o(.text)
    OS_TaskSemPost                           0x08007fc7   Thumb Code   448  os_task.o(.text)
    OSTaskSemPost                            0x08008187   Thumb Code    62  os_task.o(.text)
    OSTaskSemSet                             0x080081c5   Thumb Code    80  os_task.o(.text)
    OSTaskStkChk                             0x08008215   Thumb Code   212  os_task.o(.text)
    OS_TaskSuspend                           0x080082e9   Thumb Code   272  os_task.o(.text)
    OSTaskSuspend                            0x080083f9   Thumb Code    48  os_task.o(.text)
    OS_TaskInit                              0x08008429   Thumb Code    18  os_task.o(.text)
    OS_TaskReturn                            0x0800843b   Thumb Code    20  os_task.o(.text)
    OS_TickTask                              0x080085cf   Thumb Code    98  os_tick.o(.text)
    OS_TickTaskInit                          0x08008631   Thumb Code   142  os_tick.o(.text)
    OS_TickListInsert                        0x080086bf   Thumb Code   134  os_tick.o(.text)
    OS_TickListInsertDly                     0x08008745   Thumb Code   180  os_tick.o(.text)
    OS_TickListRemove                        0x080087f9   Thumb Code    88  os_tick.o(.text)
    OS_TickListResetPeak                     0x08008851   Thumb Code     2  os_tick.o(.text)
    OSTimeDly                                0x08008895   Thumb Code   172  os_time.o(.text)
    OSTimeDlyHMSM                            0x08008941   Thumb Code   384  os_time.o(.text)
    OSTimeDlyResume                          0x08008ac1   Thumb Code   334  os_time.o(.text)
    OSTimeGet                                0x08008c0f   Thumb Code    46  os_time.o(.text)
    OSTimeSet                                0x08008c3d   Thumb Code    46  os_time.o(.text)
    OSTimeTick                               0x08008c6b   Thumb Code    86  os_time.o(.text)
    OS_TmrDbgListAdd                         0x08008ccf   Thumb Code    34  os_tmr.o(.text)
    OSTmrCreate                              0x08008d05   Thumb Code   166  os_tmr.o(.text)
    OS_TmrClr                                0x08008dab   Thumb Code    34  os_tmr.o(.text)
    OS_TmrUnlink                             0x08008dcd   Thumb Code    58  os_tmr.o(.text)
    OS_TmrDbgListRemove                      0x08008e07   Thumb Code    44  os_tmr.o(.text)
    OSTmrDel                                 0x08008e33   Thumb Code   182  os_tmr.o(.text)
    OSTmrRemainGet                           0x08008ee9   Thumb Code   154  os_tmr.o(.text)
    OSTmrStart                               0x08008f83   Thumb Code   240  os_tmr.o(.text)
    OSTmrStateGet                            0x08009073   Thumb Code   140  os_tmr.o(.text)
    OSTmrStop                                0x080090ff   Thumb Code   222  os_tmr.o(.text)
    OS_TmrTask                               0x080091dd   Thumb Code   134  os_tmr.o(.text)
    OS_TmrInit                               0x08009263   Thumb Code   202  os_tmr.o(.text)
    OS_TmrResetPeak                          0x0800932d   Thumb Code     2  os_tmr.o(.text)
    ASCII_IsAlpha                            0x080093a1   Thumb Code    48  lib_ascii.o(.text)
    ASCII_IsAlphaNum                         0x080093d1   Thumb Code    76  lib_ascii.o(.text)
    ASCII_IsLower                            0x0800941d   Thumb Code    20  lib_ascii.o(.text)
    ASCII_IsUpper                            0x08009431   Thumb Code    20  lib_ascii.o(.text)
    ASCII_IsDig                              0x08009445   Thumb Code    20  lib_ascii.o(.text)
    ASCII_IsDigOct                           0x08009459   Thumb Code    20  lib_ascii.o(.text)
    ASCII_IsDigHex                           0x0800946d   Thumb Code    36  lib_ascii.o(.text)
    ASCII_IsBlank                            0x08009491   Thumb Code    20  lib_ascii.o(.text)
    ASCII_IsSpace                            0x080094a5   Thumb Code    36  lib_ascii.o(.text)
    ASCII_IsPrint                            0x080094c9   Thumb Code    20  lib_ascii.o(.text)
    ASCII_IsGraph                            0x080094dd   Thumb Code    20  lib_ascii.o(.text)
    ASCII_IsPunct                            0x080094f1   Thumb Code   134  lib_ascii.o(.text)
    ASCII_IsCtrl                             0x08009577   Thumb Code    26  lib_ascii.o(.text)
    ASCII_ToLower                            0x08009591   Thumb Code    32  lib_ascii.o(.text)
    ASCII_ToUpper                            0x080095b1   Thumb Code    32  lib_ascii.o(.text)
    ASCII_Cmp                                0x080095d1   Thumb Code    38  lib_ascii.o(.text)
    Mem_Init                                 0x080095f9   Thumb Code    54  lib_mem.o(.text)
    Mem_Set                                  0x0800962f   Thumb Code    84  lib_mem.o(.text)
    Mem_Clr                                  0x08009683   Thumb Code    18  lib_mem.o(.text)
    Mem_Move                                 0x08009695   Thumb Code   186  lib_mem.o(.text)
    Mem_Cmp                                  0x0800974f   Thumb Code   192  lib_mem.o(.text)
    Mem_HeapAlloc                            0x08009887   Thumb Code   168  lib_mem.o(.text)
    Mem_SegGetSizeRem                        0x0800992f   Thumb Code   108  lib_mem.o(.text)
    Mem_HeapGetSizeRem                       0x0800999b   Thumb Code    22  lib_mem.o(.text)
    Mem_PoolClr                              0x080099b1   Thumb Code    80  lib_mem.o(.text)
    Mem_PoolCreate                           0x08009a01   Thumb Code   838  lib_mem.o(.text)
    Mem_PoolBlkGetNbrAvail                   0x08009d47   Thumb Code    52  lib_mem.o(.text)
    Mem_PoolBlkGet                           0x08009d7b   Thumb Code   126  lib_mem.o(.text)
    Mem_PoolBlkGetUsedAtIx                   0x08009df9   Thumb Code   140  lib_mem.o(.text)
    Mem_PoolBlkFree                          0x08009e85   Thumb Code   152  lib_mem.o(.text)
    Mem_PoolBlkIxGet                         0x08009f1d   Thumb Code   162  lib_mem.o(.text)
    Str_Len_N                                0x08009fc1   Thumb Code    28  lib_str.o(.text)
    Str_Len                                  0x08009fdd   Thumb Code    20  lib_str.o(.text)
    Str_Copy_N                               0x08009ff1   Thumb Code    70  lib_str.o(.text)
    Str_Copy                                 0x0800a037   Thumb Code    24  lib_str.o(.text)
    Str_Cat_N                                0x0800a04f   Thumb Code    90  lib_str.o(.text)
    Str_Cat                                  0x0800a0a9   Thumb Code    24  lib_str.o(.text)
    Str_Cmp_N                                0x0800a0c1   Thumb Code   156  lib_str.o(.text)
    Str_Cmp                                  0x0800a15d   Thumb Code    24  lib_str.o(.text)
    Str_CmpIgnoreCase_N                      0x0800a175   Thumb Code   264  lib_str.o(.text)
    Str_CmpIgnoreCase                        0x0800a27d   Thumb Code    24  lib_str.o(.text)
    Str_Char_N                               0x0800a295   Thumb Code    74  lib_str.o(.text)
    Str_Char                                 0x0800a2df   Thumb Code    24  lib_str.o(.text)
    Str_Char_Last_N                          0x0800a2f7   Thumb Code    76  lib_str.o(.text)
    Str_Char_Last                            0x0800a343   Thumb Code    24  lib_str.o(.text)
    Str_Char_Replace_N                       0x0800a35b   Thumb Code    52  lib_str.o(.text)
    Str_Char_Replace                         0x0800a38f   Thumb Code    28  lib_str.o(.text)
    Str_Str_N                                0x0800a3ab   Thumb Code   182  lib_str.o(.text)
    Str_Str                                  0x0800a461   Thumb Code    24  lib_str.o(.text)
    Str_FmtNbr_Int32U                        0x0800a655   Thumb Code    46  lib_str.o(.text)
    Str_FmtNbr_Int32S                        0x0800a683   Thumb Code    62  lib_str.o(.text)
    Str_ParseNbr_Int32U                      0x0800a87f   Thumb Code    30  lib_str.o(.text)
    Str_ParseNbr_Int32S                      0x0800a89d   Thumb Code    74  lib_str.o(.text)
    Mem_Copy                                 0x0800a8ed   Thumb Code     0  lib_mem_a.o(.text)
    OSIdleTaskHook                           0x0800ab0d   Thumb Code    16  os_cpu_c.o(.text)
    OSInitHook                               0x0800ab1d   Thumb Code    28  os_cpu_c.o(.text)
    OSStatTaskHook                           0x0800ab39   Thumb Code    16  os_cpu_c.o(.text)
    OSTaskCreateHook                         0x0800ab49   Thumb Code    20  os_cpu_c.o(.text)
    OSTaskDelHook                            0x0800ab5d   Thumb Code    20  os_cpu_c.o(.text)
    OSTaskReturnHook                         0x0800ab71   Thumb Code    20  os_cpu_c.o(.text)
    OSTaskStkInit                            0x0800ab85   Thumb Code   600  os_cpu_c.o(.text)
    OSTaskSwHook                             0x0800addd   Thumb Code   120  os_cpu_c.o(.text)
    OSTimeTickHook                           0x0800ae55   Thumb Code    16  os_cpu_c.o(.text)
    OS_CPU_SysTickHandler                    0x0800ae65   Thumb Code    52  os_cpu_c.o(.text)
    OS_CPU_SysTickInit                       0x0800ae99   Thumb Code    44  os_cpu_c.o(.text)
    led0_task                                0x0800af05   Thumb Code    58  ucos_app.o(.text)
    led1_task                                0x0800af3f   Thumb Code    64  ucos_app.o(.text)
    float_task                               0x0800af7f   Thumb Code   102  ucos_app.o(.text)
    Wheel_Motor_task                         0x0800afe5   Thumb Code    28  ucos_app.o(.text)
    start_task                               0x0800b029   Thumb Code   242  ucos_init.o(.text)
    OS_APP_init                              0x0800b11b   Thumb Code    58  ucos_init.o(.text)
    __use_no_semihosting                     0x0800b1d9   Thumb Code     2  use_no_semi_2.o(.text)
    __aeabi_uldivmod                         0x0800b1db   Thumb Code     0  lludivv7m.o(.text)
    _ll_udiv                                 0x0800b1db   Thumb Code   238  lludivv7m.o(.text)
    __2printf                                0x0800b2c9   Thumb Code    20  noretval__2printf.o(.text)
    __printf                                 0x0800b2e1   Thumb Code   270  __printf_wp.o(.text)
    __use_two_region_memory                  0x0800b3ef   Thumb Code     2  heapauxi.o(.text)
    __rt_heap_escrow$2region                 0x0800b3f1   Thumb Code     2  heapauxi.o(.text)
    __rt_heap_expand$2region                 0x0800b3f3   Thumb Code     2  heapauxi.o(.text)
    __I$use$semihosting                      0x0800b3f5   Thumb Code     0  use_no_semi.o(.text)
    __use_no_semihosting_swi                 0x0800b3f5   Thumb Code     2  use_no_semi.o(.text)
    __lib_sel_fp_printf                      0x0800b3f7   Thumb Code     2  _printf_fp_dec.o(.text)
    _printf_fp_dec_real                      0x0800b5a9   Thumb Code   620  _printf_fp_dec.o(.text)
    _printf_char_file                        0x0800b815   Thumb Code    32  _printf_char_file.o(.text)
    __rt_locale                              0x0800b839   Thumb Code     8  rt_locale_intlibspace.o(.text)
    _ll_udiv10                               0x0800b841   Thumb Code   138  lludiv10.o(.text)
    _printf_char_common                      0x0800b8d7   Thumb Code    32  _printf_char_common.o(.text)
    _printf_fp_infnan                        0x0800b8fd   Thumb Code   112  _printf_fp_infnan.o(.text)
    _btod_etento                             0x0800b97d   Thumb Code   224  bigflt0.o(.text)
    ferror                                   0x0800ba61   Thumb Code     8  ferror.o(.text)
    __user_libspace                          0x0800ba69   Thumb Code     8  libspace.o(.text)
    __user_perproc_libspace                  0x0800ba69   Thumb Code     0  libspace.o(.text)
    __user_perthread_libspace                0x0800ba69   Thumb Code     0  libspace.o(.text)
    __user_setup_stackheap                   0x0800ba71   Thumb Code    74  sys_stackheap_outer.o(.text)
    exit                                     0x0800babb   Thumb Code    18  exit.o(.text)
    strcmp                                   0x0800bacd   Thumb Code   128  strcmpv7m.o(.text)
    _btod_d2e                                0x0800bb4d   Thumb Code    62  btod.o(CL$$btod_d2e)
    _d2e_denorm_low                          0x0800bb8b   Thumb Code    70  btod.o(CL$$btod_d2e_denorm_low)
    _d2e_norm_op1                            0x0800bbd1   Thumb Code    96  btod.o(CL$$btod_d2e_norm_op1)
    __btod_div_common                        0x0800bc31   Thumb Code   696  btod.o(CL$$btod_div_common)
    _e2e                                     0x0800bf69   Thumb Code   220  btod.o(CL$$btod_e2e)
    _btod_ediv                               0x0800c045   Thumb Code    42  btod.o(CL$$btod_ediv)
    _btod_emul                               0x0800c06f   Thumb Code    42  btod.o(CL$$btod_emul)
    __btod_mult_common                       0x0800c099   Thumb Code   580  btod.o(CL$$btod_mult_common)
    OSStartHighRdy                           0x0800c2dd   Thumb Code     0  os_cpu_a.o(CODE)
    OSCtxSw                                  0x0800c2ff   Thumb Code     0  os_cpu_a.o(CODE)
    OSIntCtxSw                               0x0800c309   Thumb Code     0  os_cpu_a.o(CODE)
    PendSV_Handler                           0x0800c313   Thumb Code     0  os_cpu_a.o(CODE)
    __ARM_fpclassify                         0x0800c389   Thumb Code    48  fpclassify.o(i.__ARM_fpclassify)
    _is_digit                                0x0800c3b9   Thumb Code    14  __printf_wp.o(i._is_digit)
    _get_lc_numeric                          0x0800c3c9   Thumb Code    44  lc_numeric_c.o(locale$$code)
    __aeabi_d2iz                             0x0800c3f5   Thumb Code     0  dfix.o(x$fpl$dfix)
    _dfix                                    0x0800c3f5   Thumb Code    94  dfix.o(x$fpl$dfix)
    __aeabi_i2d                              0x0800c453   Thumb Code     0  dflt_clz.o(x$fpl$dflt)
    _dflt                                    0x0800c453   Thumb Code    46  dflt_clz.o(x$fpl$dflt)
    __aeabi_dmul                             0x0800c481   Thumb Code     0  dmul.o(x$fpl$dmul)
    _dmul                                    0x0800c481   Thumb Code   332  dmul.o(x$fpl$dmul)
    __fpl_dnaninf                            0x0800c5d5   Thumb Code   156  dnaninf.o(x$fpl$dnaninf)
    __fpl_dretinf                            0x0800c671   Thumb Code    12  dretinf.o(x$fpl$dretinf)
    __aeabi_f2d                              0x0800c67d   Thumb Code     0  f2d.o(x$fpl$f2d)
    _f2d                                     0x0800c67d   Thumb Code    86  f2d.o(x$fpl$f2d)
    __fpl_fnaninf                            0x0800c6d3   Thumb Code   140  fnaninf.o(x$fpl$fnaninf)
    _fp_init                                 0x0800c75f   Thumb Code    10  fpinit.o(x$fpl$fpinit)
    __fplib_config_fpu_vfp                   0x0800c767   Thumb Code     0  fpinit.o(x$fpl$fpinit)
    __fplib_config_pureend_doubles           0x0800c767   Thumb Code     0  fpinit.o(x$fpl$fpinit)
    _printf_fp_dec                           0x0800c769   Thumb Code     4  printf1.o(x$fpl$printf1)
    __I$use$fp                               0x0800c76c   Number         0  usenofp.o(x$fpl$usenofp)
    CPU_EndiannessTest                       0x0800c86c   Data           4  cpu_core.o(.constdata)
    OSCfg_IdleTaskStkBasePtr                 0x0800c870   Data           4  os_cfg_app.o(.constdata)
    OSCfg_IdleTaskStkLimit                   0x0800c874   Data           4  os_cfg_app.o(.constdata)
    OSCfg_IdleTaskStkSize                    0x0800c878   Data           4  os_cfg_app.o(.constdata)
    OSCfg_IdleTaskStkSizeRAM                 0x0800c87c   Data           4  os_cfg_app.o(.constdata)
    OSCfg_IntQBasePtr                        0x0800c880   Data           4  os_cfg_app.o(.constdata)
    OSCfg_IntQSize                           0x0800c884   Data           2  os_cfg_app.o(.constdata)
    OSCfg_IntQSizeRAM                        0x0800c888   Data           4  os_cfg_app.o(.constdata)
    OSCfg_IntQTaskStkBasePtr                 0x0800c88c   Data           4  os_cfg_app.o(.constdata)
    OSCfg_IntQTaskStkLimit                   0x0800c890   Data           4  os_cfg_app.o(.constdata)
    OSCfg_IntQTaskStkSize                    0x0800c894   Data           4  os_cfg_app.o(.constdata)
    OSCfg_IntQTaskStkSizeRAM                 0x0800c898   Data           4  os_cfg_app.o(.constdata)
    OSCfg_ISRStkBasePtr                      0x0800c89c   Data           4  os_cfg_app.o(.constdata)
    OSCfg_ISRStkSize                         0x0800c8a0   Data           4  os_cfg_app.o(.constdata)
    OSCfg_ISRStkSizeRAM                      0x0800c8a4   Data           4  os_cfg_app.o(.constdata)
    OSCfg_MsgPoolSize                        0x0800c8a8   Data           2  os_cfg_app.o(.constdata)
    OSCfg_MsgPoolSizeRAM                     0x0800c8ac   Data           4  os_cfg_app.o(.constdata)
    OSCfg_MsgPoolBasePtr                     0x0800c8b0   Data           4  os_cfg_app.o(.constdata)
    OSCfg_StatTaskPrio                       0x0800c8b4   Data           1  os_cfg_app.o(.constdata)
    OSCfg_StatTaskRate_Hz                    0x0800c8b8   Data           4  os_cfg_app.o(.constdata)
    OSCfg_StatTaskStkBasePtr                 0x0800c8bc   Data           4  os_cfg_app.o(.constdata)
    OSCfg_StatTaskStkLimit                   0x0800c8c0   Data           4  os_cfg_app.o(.constdata)
    OSCfg_StatTaskStkSize                    0x0800c8c4   Data           4  os_cfg_app.o(.constdata)
    OSCfg_StatTaskStkSizeRAM                 0x0800c8c8   Data           4  os_cfg_app.o(.constdata)
    OSCfg_StkSizeMin                         0x0800c8cc   Data           4  os_cfg_app.o(.constdata)
    OSCfg_TickRate_Hz                        0x0800c8d0   Data           4  os_cfg_app.o(.constdata)
    OSCfg_TickTaskPrio                       0x0800c8d4   Data           1  os_cfg_app.o(.constdata)
    OSCfg_TickTaskStkBasePtr                 0x0800c8d8   Data           4  os_cfg_app.o(.constdata)
    OSCfg_TickTaskStkLimit                   0x0800c8dc   Data           4  os_cfg_app.o(.constdata)
    OSCfg_TickTaskStkSize                    0x0800c8e0   Data           4  os_cfg_app.o(.constdata)
    OSCfg_TickTaskStkSizeRAM                 0x0800c8e4   Data           4  os_cfg_app.o(.constdata)
    OSCfg_TmrTaskPrio                        0x0800c8e8   Data           1  os_cfg_app.o(.constdata)
    OSCfg_TmrTaskRate_Hz                     0x0800c8ec   Data           4  os_cfg_app.o(.constdata)
    OSCfg_TmrTaskStkBasePtr                  0x0800c8f0   Data           4  os_cfg_app.o(.constdata)
    OSCfg_TmrTaskStkLimit                    0x0800c8f4   Data           4  os_cfg_app.o(.constdata)
    OSCfg_TmrTaskStkSize                     0x0800c8f8   Data           4  os_cfg_app.o(.constdata)
    OSCfg_TmrTaskStkSizeRAM                  0x0800c8fc   Data           4  os_cfg_app.o(.constdata)
    OSCfg_DataSizeRAM                        0x0800c900   Data           4  os_cfg_app.o(.constdata)
    OSDbg_DbgEn                              0x0800c904   Data           1  os_dbg.o(.constdata)
    OSDbg_ArgChkEn                           0x0800c905   Data           1  os_dbg.o(.constdata)
    OSDbg_AppHooksEn                         0x0800c906   Data           1  os_dbg.o(.constdata)
    OSDbg_EndiannessTest                     0x0800c908   Data           4  os_dbg.o(.constdata)
    OSDbg_CalledFromISRChkEn                 0x0800c90c   Data           1  os_dbg.o(.constdata)
    OSDbg_FlagEn                             0x0800c90d   Data           1  os_dbg.o(.constdata)
    OSDbg_FlagGrp                            0x0800c910   Data          40  os_dbg.o(.constdata)
    OSDbg_FlagDelEn                          0x0800c938   Data           1  os_dbg.o(.constdata)
    OSDbg_FlagModeClrEn                      0x0800c939   Data           1  os_dbg.o(.constdata)
    OSDbg_FlagPendAbortEn                    0x0800c93a   Data           1  os_dbg.o(.constdata)
    OSDbg_FlagGrpSize                        0x0800c93c   Data           2  os_dbg.o(.constdata)
    OSDbg_FlagWidth                          0x0800c93e   Data           2  os_dbg.o(.constdata)
    OSDbg_IntQ                               0x0800c940   Data           2  os_dbg.o(.constdata)
    OSDbg_ISRPostDeferredEn                  0x0800c942   Data           1  os_dbg.o(.constdata)
    OSDbg_Mem                                0x0800c944   Data          32  os_dbg.o(.constdata)
    OSDbg_MemEn                              0x0800c964   Data           1  os_dbg.o(.constdata)
    OSDbg_MemSize                            0x0800c966   Data           2  os_dbg.o(.constdata)
    OSDbg_MsgEn                              0x0800c968   Data           1  os_dbg.o(.constdata)
    OSDbg_MsgSize                            0x0800c96a   Data           2  os_dbg.o(.constdata)
    OSDbg_MsgPoolSize                        0x0800c96c   Data           2  os_dbg.o(.constdata)
    OSDbg_MsgQSize                           0x0800c96e   Data           2  os_dbg.o(.constdata)
    OSDbg_Mutex                              0x0800c970   Data          44  os_dbg.o(.constdata)
    OSDbg_MutexEn                            0x0800c99c   Data           1  os_dbg.o(.constdata)
    OSDbg_MutexDelEn                         0x0800c99d   Data           1  os_dbg.o(.constdata)
    OSDbg_MutexPendAbortEn                   0x0800c99e   Data           1  os_dbg.o(.constdata)
    OSDbg_MutexSize                          0x0800c9a0   Data           2  os_dbg.o(.constdata)
    OSDbg_ObjTypeChkEn                       0x0800c9a2   Data           1  os_dbg.o(.constdata)
    OSDbg_PendMultiEn                        0x0800c9a3   Data           1  os_dbg.o(.constdata)
    OSDbg_PendDataSize                       0x0800c9a4   Data           2  os_dbg.o(.constdata)
    OSDbg_PendListSize                       0x0800c9a6   Data           2  os_dbg.o(.constdata)
    OSDbg_PendObjSize                        0x0800c9a8   Data           2  os_dbg.o(.constdata)
    OSDbg_PrioMax                            0x0800c9aa   Data           2  os_dbg.o(.constdata)
    OSDbg_PrioTblSize                        0x0800c9ac   Data           2  os_dbg.o(.constdata)
    OSDbg_PtrSize                            0x0800c9ae   Data           2  os_dbg.o(.constdata)
    OSDbg_Q                                  0x0800c9b0   Data          48  os_dbg.o(.constdata)
    OSDbg_QEn                                0x0800c9e0   Data           1  os_dbg.o(.constdata)
    OSDbg_QDelEn                             0x0800c9e1   Data           1  os_dbg.o(.constdata)
    OSDbg_QFlushEn                           0x0800c9e2   Data           1  os_dbg.o(.constdata)
    OSDbg_QPendAbortEn                       0x0800c9e3   Data           1  os_dbg.o(.constdata)
    OSDbg_QSize                              0x0800c9e4   Data           2  os_dbg.o(.constdata)
    OSDbg_SchedRoundRobinEn                  0x0800c9e6   Data           1  os_dbg.o(.constdata)
    OSDbg_Sem                                0x0800c9e8   Data          40  os_dbg.o(.constdata)
    OSDbg_SemEn                              0x0800ca10   Data           1  os_dbg.o(.constdata)
    OSDbg_SemDelEn                           0x0800ca11   Data           1  os_dbg.o(.constdata)
    OSDbg_SemPendAbortEn                     0x0800ca12   Data           1  os_dbg.o(.constdata)
    OSDbg_SemSetEn                           0x0800ca13   Data           1  os_dbg.o(.constdata)
    OSDbg_SemSize                            0x0800ca14   Data           2  os_dbg.o(.constdata)
    OSDbg_RdyList                            0x0800ca16   Data           2  os_dbg.o(.constdata)
    OSDbg_RdyListSize                        0x0800ca18   Data           4  os_dbg.o(.constdata)
    OSDbg_StkWidth                           0x0800ca1c   Data           1  os_dbg.o(.constdata)
    OSDbg_StatTaskEn                         0x0800ca1d   Data           1  os_dbg.o(.constdata)
    OSDbg_StatTaskStkChkEn                   0x0800ca1e   Data           1  os_dbg.o(.constdata)
    OSDbg_TaskChangePrioEn                   0x0800ca1f   Data           1  os_dbg.o(.constdata)
    OSDbg_TaskDelEn                          0x0800ca20   Data           1  os_dbg.o(.constdata)
    OSDbg_TaskQEn                            0x0800ca21   Data           1  os_dbg.o(.constdata)
    OSDbg_TaskQPendAbortEn                   0x0800ca22   Data           1  os_dbg.o(.constdata)
    OSDbg_TaskProfileEn                      0x0800ca23   Data           1  os_dbg.o(.constdata)
    OSDbg_TaskRegTblSize                     0x0800ca24   Data           2  os_dbg.o(.constdata)
    OSDbg_TaskSemPendAbortEn                 0x0800ca26   Data           1  os_dbg.o(.constdata)
    OSDbg_TaskSuspendEn                      0x0800ca27   Data           1  os_dbg.o(.constdata)
    OSDbg_TCBSize                            0x0800ca28   Data           2  os_dbg.o(.constdata)
    OSDbg_TickListSize                       0x0800ca2a   Data           2  os_dbg.o(.constdata)
    OSDbg_TimeDlyHMSMEn                      0x0800ca2c   Data           1  os_dbg.o(.constdata)
    OSDbg_TimeDlyResumeEn                    0x0800ca2d   Data           1  os_dbg.o(.constdata)
    OSDbg_TLS_TblSize                        0x0800ca2e   Data           2  os_dbg.o(.constdata)
    OSDbg_Tmr                                0x0800ca30   Data          48  os_dbg.o(.constdata)
    OSDbg_TmrEn                              0x0800ca60   Data           1  os_dbg.o(.constdata)
    OSDbg_TmrDelEn                           0x0800ca61   Data           1  os_dbg.o(.constdata)
    OSDbg_TmrSize                            0x0800ca62   Data           2  os_dbg.o(.constdata)
    OSDbg_VersionNbr                         0x0800ca64   Data           2  os_dbg.o(.constdata)
    OSDbg_DataSize                           0x0800ca68   Data           4  os_dbg.o(.constdata)
    Region$$Table$$Base                      0x0800cb94   Number         0  anon$$obj.o(Region$$Table)
    Region$$Table$$Limit                     0x0800cbb4   Number         0  anon$$obj.o(Region$$Table)
    SystemCoreClock                          0x20000000   Data           4  system_stm32f4xx.o(.data)
    AHBPrescTable                            0x20000004   Data          16  system_stm32f4xx.o(.data)
    __stdout                                 0x20000028   Data           4  usart.o(.data)
    USART_RX_STA                             0x2000002c   Data           2  usart.o(.data)
    CPU_TS_TmrFreq_Hz                        0x20000030   Data           4  cpu_core.o(.data)
    OSPrioTbl                                0x20000034   Data           8  os_prio.o(.data)
    OS_AppTaskCreateHookPtr                  0x2000003c   Data           4  os_var.o(.data)
    OS_AppTaskDelHookPtr                     0x20000040   Data           4  os_var.o(.data)
    OS_AppTaskReturnHookPtr                  0x20000044   Data           4  os_var.o(.data)
    OS_AppIdleTaskHookPtr                    0x20000048   Data           4  os_var.o(.data)
    OS_AppStatTaskHookPtr                    0x2000004c   Data           4  os_var.o(.data)
    OS_AppTaskSwHookPtr                      0x20000050   Data           4  os_var.o(.data)
    OS_AppTimeTickHookPtr                    0x20000054   Data           4  os_var.o(.data)
    OSIdleTaskCtr                            0x20000058   Data           4  os_var.o(.data)
    OSIntNestingCtr                          0x2000005c   Data           1  os_var.o(.data)
    OSRunning                                0x2000005d   Data           1  os_var.o(.data)
    OSFlagDbgListPtr                         0x20000060   Data           4  os_var.o(.data)
    OSFlagQty                                0x20000064   Data           2  os_var.o(.data)
    OSMemDbgListPtr                          0x20000068   Data           4  os_var.o(.data)
    OSMemQty                                 0x2000006c   Data           2  os_var.o(.data)
    OSMutexDbgListPtr                        0x20000070   Data           4  os_var.o(.data)
    OSMutexQty                               0x20000074   Data           2  os_var.o(.data)
    OSPrioCur                                0x20000076   Data           1  os_var.o(.data)
    OSPrioHighRdy                            0x20000077   Data           1  os_var.o(.data)
    OSPrioSaved                              0x20000078   Data           1  os_var.o(.data)
    OSQDbgListPtr                            0x2000007c   Data           4  os_var.o(.data)
    OSQQty                                   0x20000080   Data           2  os_var.o(.data)
    OSSchedLockTimeBegin                     0x20000084   Data           4  os_var.o(.data)
    OSSchedLockTimeMax                       0x20000088   Data           4  os_var.o(.data)
    OSSchedLockTimeMaxCur                    0x2000008c   Data           4  os_var.o(.data)
    OSSchedLockNestingCtr                    0x20000090   Data           1  os_var.o(.data)
    OSSemDbgListPtr                          0x20000094   Data           4  os_var.o(.data)
    OSSemQty                                 0x20000098   Data           2  os_var.o(.data)
    OSStatResetFlag                          0x2000009a   Data           1  os_var.o(.data)
    OSStatTaskCPUUsage                       0x2000009c   Data           2  os_var.o(.data)
    OSStatTaskCPUUsageMax                    0x2000009e   Data           2  os_var.o(.data)
    OSStatTaskCtr                            0x200000a0   Data           4  os_var.o(.data)
    OSStatTaskCtrMax                         0x200000a4   Data           4  os_var.o(.data)
    OSStatTaskCtrRun                         0x200000a8   Data           4  os_var.o(.data)
    OSStatTaskRdy                            0x200000ac   Data           1  os_var.o(.data)
    OSStatTaskTimeMax                        0x200000b0   Data           4  os_var.o(.data)
    OSTaskCtxSwCtr                           0x200000b4   Data           4  os_var.o(.data)
    OSTaskDbgListPtr                         0x200000b8   Data           4  os_var.o(.data)
    OSTaskQty                                0x200000bc   Data           2  os_var.o(.data)
    OSTaskRegNextAvailID                     0x200000be   Data           1  os_var.o(.data)
    OSTickCtr                                0x200000c0   Data           4  os_var.o(.data)
    OSTickTaskTimeMax                        0x200000c4   Data           4  os_var.o(.data)
    OSTickListDly                            0x200000c8   Data           8  os_var.o(.data)
    OSTickListTimeout                        0x200000d0   Data           8  os_var.o(.data)
    OSTmrDbgListPtr                          0x200000d8   Data           4  os_var.o(.data)
    OSTmrListEntries                         0x200000dc   Data           2  os_var.o(.data)
    OSTmrListPtr                             0x200000e0   Data           4  os_var.o(.data)
    OSTmrQty                                 0x200000e4   Data           2  os_var.o(.data)
    OSTmrTaskTimeMax                         0x200000e8   Data           4  os_var.o(.data)
    OSTmrTickCtr                             0x200000ec   Data           4  os_var.o(.data)
    OSTmrUpdateCnt                           0x200000f0   Data           4  os_var.o(.data)
    OSTmrUpdateCtr                           0x200000f4   Data           4  os_var.o(.data)
    OSTCBCurPtr                              0x200000f8   Data           4  os_var.o(.data)
    OSTCBHighRdyPtr                          0x200000fc   Data           4  os_var.o(.data)
    Mem_PoolTbl                              0x20000100   Data           4  lib_mem.o(.data)
    OS_CPU_ExceptStkBase                     0x20000104   Data           4  os_cpu_c.o(.data)
    USART_RX_BUF                             0x2000010c   Data         200  usart.o(.bss)
    TxMessage                                0x200001d4   Data          20  elmo.o(.bss)
    CPU_Name                                 0x200001e8   Data          16  cpu_core.o(.bss)
    OSCfg_IdleTaskStk                        0x200001f8   Data         512  os_cfg_app.o(.bss)
    OSCfg_ISRStk                             0x200003f8   Data         512  os_cfg_app.o(.bss)
    OSCfg_MsgPool                            0x200005f8   Data        1600  os_cfg_app.o(.bss)
    OSCfg_StatTaskStk                        0x20000c38   Data         512  os_cfg_app.o(.bss)
    OSCfg_TickTaskStk                        0x20000e38   Data         512  os_cfg_app.o(.bss)
    OSCfg_TmrTaskStk                         0x20001038   Data         512  os_cfg_app.o(.bss)
    OSIdleTaskTCB                            0x20001238   Data         184  os_var.o(.bss)
    OSMsgPool                                0x200012f0   Data          12  os_var.o(.bss)
    OSRdyList                                0x200012fc   Data         768  os_var.o(.bss)
    OSStatTaskTCB                            0x200015fc   Data         184  os_var.o(.bss)
    OSTickTaskTCB                            0x200016b4   Data         184  os_var.o(.bss)
    OSTmrMutex                               0x2000176c   Data          44  os_var.o(.bss)
    OSTmrTaskTCB                             0x20001798   Data         184  os_var.o(.bss)
    Mem_PoolHeap                             0x20001850   Data          72  lib_mem.o(.bss)
    Mem_Heap                                 0x20001898   Data        1024  lib_mem.o(.bss)
    StartTaskTCB                             0x20001c98   Data         184  ucos_init.o(.bss)
    START_TASK_STK                           0x20001d50   Data        2048  ucos_init.o(.bss)
    Led0TaskTCB                              0x20002550   Data         184  ucos_init.o(.bss)
    LED0_TASK_STK                            0x20002608   Data         512  ucos_init.o(.bss)
    Led1TaskTCB                              0x20002808   Data         184  ucos_init.o(.bss)
    LED1_TASK_STK                            0x200028c0   Data         512  ucos_init.o(.bss)
    FloatTaskTCB                             0x20002ac0   Data         184  ucos_init.o(.bss)
    FLOAT_TASK_STK                           0x20002b78   Data         512  ucos_init.o(.bss)
    Wheel_MotorTaskTCB                       0x20002d78   Data         184  ucos_init.o(.bss)
    Wheel_Motor_TASK_STK                     0x20002e30   Data         512  ucos_init.o(.bss)
    __libspace_start                         0x20003030   Data          96  libspace.o(.bss)
    __temporary_stack_top$libspace           0x20003090   Data           0  libspace.o(.bss)



==============================================================================

Memory Map of the image

  Image Entry point : 0x08000189

  Load Region LR_IROM1 (Base: 0x08000000, Size: 0x0000ccdc, Max: 0x00100000, ABSOLUTE)

    Execution Region ER_IROM1 (Exec base: 0x08000000, Load base: 0x08000000, Size: 0x0000cbd0, Max: 0x00100000, ABSOLUTE)

    Exec Addr    Load Addr    Size         Type   Attr      Idx    E Section Name        Object

    0x08000000   0x08000000   0x00000188   Data   RO          320    RESET               startup_stm32f40_41xxx.o
    0x08000188   0x08000188   0x00000008   Code   RO         1851  * !!!main             c_w.l(__main.o)
    0x08000190   0x08000190   0x00000034   Code   RO         2175    !!!scatter          c_w.l(__scatter.o)
    0x080001c4   0x080001c4   0x0000001a   Code   RO         2177    !!handler_copy      c_w.l(__scatter_copy.o)
    0x080001de   0x080001de   0x00000002   PAD
    0x080001e0   0x080001e0   0x0000001c   Code   RO         2179    !!handler_zi        c_w.l(__scatter_zi.o)
    0x080001fc   0x080001fc   0x00000000   Code   RO         1848    .ARM.Collect$$_printf_percent$$00000000  c_w.l(_printf_percent.o)
    0x080001fc   0x080001fc   0x00000006   Code   RO         1847    .ARM.Collect$$_printf_percent$$00000003  c_w.l(_printf_f.o)
    0x08000202   0x08000202   0x00000004   Code   RO         1934    .ARM.Collect$$_printf_percent$$00000017  c_w.l(_printf_percent_end.o)
    0x08000206   0x08000206   0x00000002   Code   RO         2052    .ARM.Collect$$libinit$$00000000  c_w.l(libinit.o)
    0x08000208   0x08000208   0x00000004   Code   RO         2053    .ARM.Collect$$libinit$$00000001  c_w.l(libinit2.o)
    0x0800020c   0x0800020c   0x00000000   Code   RO         2056    .ARM.Collect$$libinit$$00000004  c_w.l(libinit2.o)
    0x0800020c   0x0800020c   0x00000000   Code   RO         2059    .ARM.Collect$$libinit$$0000000A  c_w.l(libinit2.o)
    0x0800020c   0x0800020c   0x00000000   Code   RO         2061    .ARM.Collect$$libinit$$0000000C  c_w.l(libinit2.o)
    0x0800020c   0x0800020c   0x00000000   Code   RO         2063    .ARM.Collect$$libinit$$0000000E  c_w.l(libinit2.o)
    0x0800020c   0x0800020c   0x00000006   Code   RO         2064    .ARM.Collect$$libinit$$0000000F  c_w.l(libinit2.o)
    0x08000212   0x08000212   0x00000000   Code   RO         2066    .ARM.Collect$$libinit$$00000011  c_w.l(libinit2.o)
    0x08000212   0x08000212   0x00000000   Code   RO         2068    .ARM.Collect$$libinit$$00000013  c_w.l(libinit2.o)
    0x08000212   0x08000212   0x00000000   Code   RO         2070    .ARM.Collect$$libinit$$00000015  c_w.l(libinit2.o)
    0x08000212   0x08000212   0x0000000a   Code   RO         2071    .ARM.Collect$$libinit$$00000016  c_w.l(libinit2.o)
    0x0800021c   0x0800021c   0x00000000   Code   RO         2072    .ARM.Collect$$libinit$$00000017  c_w.l(libinit2.o)
    0x0800021c   0x0800021c   0x00000000   Code   RO         2074    .ARM.Collect$$libinit$$00000019  c_w.l(libinit2.o)
    0x0800021c   0x0800021c   0x00000000   Code   RO         2076    .ARM.Collect$$libinit$$0000001B  c_w.l(libinit2.o)
    0x0800021c   0x0800021c   0x00000000   Code   RO         2078    .ARM.Collect$$libinit$$0000001D  c_w.l(libinit2.o)
    0x0800021c   0x0800021c   0x00000000   Code   RO         2080    .ARM.Collect$$libinit$$0000001F  c_w.l(libinit2.o)
    0x0800021c   0x0800021c   0x00000000   Code   RO         2082    .ARM.Collect$$libinit$$00000021  c_w.l(libinit2.o)
    0x0800021c   0x0800021c   0x00000000   Code   RO         2084    .ARM.Collect$$libinit$$00000023  c_w.l(libinit2.o)
    0x0800021c   0x0800021c   0x00000000   Code   RO         2086    .ARM.Collect$$libinit$$00000025  c_w.l(libinit2.o)
    0x0800021c   0x0800021c   0x00000000   Code   RO         2090    .ARM.Collect$$libinit$$0000002C  c_w.l(libinit2.o)
    0x0800021c   0x0800021c   0x00000000   Code   RO         2092    .ARM.Collect$$libinit$$0000002E  c_w.l(libinit2.o)
    0x0800021c   0x0800021c   0x00000000   Code   RO         2094    .ARM.Collect$$libinit$$00000030  c_w.l(libinit2.o)
    0x0800021c   0x0800021c   0x00000000   Code   RO         2096    .ARM.Collect$$libinit$$00000032  c_w.l(libinit2.o)
    0x0800021c   0x0800021c   0x00000002   Code   RO         2097    .ARM.Collect$$libinit$$00000033  c_w.l(libinit2.o)
    0x0800021e   0x0800021e   0x00000002   Code   RO         2139    .ARM.Collect$$libshutdown$$00000000  c_w.l(libshutdown.o)
    0x08000220   0x08000220   0x00000000   Code   RO         2158    .ARM.Collect$$libshutdown$$00000002  c_w.l(libshutdown2.o)
    0x08000220   0x08000220   0x00000000   Code   RO         2160    .ARM.Collect$$libshutdown$$00000004  c_w.l(libshutdown2.o)
    0x08000220   0x08000220   0x00000000   Code   RO         2163    .ARM.Collect$$libshutdown$$00000007  c_w.l(libshutdown2.o)
    0x08000220   0x08000220   0x00000000   Code   RO         2166    .ARM.Collect$$libshutdown$$0000000A  c_w.l(libshutdown2.o)
    0x08000220   0x08000220   0x00000000   Code   RO         2168    .ARM.Collect$$libshutdown$$0000000C  c_w.l(libshutdown2.o)
    0x08000220   0x08000220   0x00000000   Code   RO         2171    .ARM.Collect$$libshutdown$$0000000F  c_w.l(libshutdown2.o)
    0x08000220   0x08000220   0x00000002   Code   RO         2172    .ARM.Collect$$libshutdown$$00000010  c_w.l(libshutdown2.o)
    0x08000222   0x08000222   0x00000000   Code   RO         1921    .ARM.Collect$$rtentry$$00000000  c_w.l(__rtentry.o)
    0x08000222   0x08000222   0x00000000   Code   RO         1964    .ARM.Collect$$rtentry$$00000002  c_w.l(__rtentry2.o)
    0x08000222   0x08000222   0x00000006   Code   RO         1976    .ARM.Collect$$rtentry$$00000004  c_w.l(__rtentry4.o)
    0x08000228   0x08000228   0x00000000   Code   RO         1966    .ARM.Collect$$rtentry$$00000009  c_w.l(__rtentry2.o)
    0x08000228   0x08000228   0x00000004   Code   RO         1967    .ARM.Collect$$rtentry$$0000000A  c_w.l(__rtentry2.o)
    0x0800022c   0x0800022c   0x00000000   Code   RO         1969    .ARM.Collect$$rtentry$$0000000C  c_w.l(__rtentry2.o)
    0x0800022c   0x0800022c   0x00000008   Code   RO         1970    .ARM.Collect$$rtentry$$0000000D  c_w.l(__rtentry2.o)
    0x08000234   0x08000234   0x00000002   Code   RO         2098    .ARM.Collect$$rtexit$$00000000  c_w.l(rtexit.o)
    0x08000236   0x08000236   0x00000000   Code   RO         2111    .ARM.Collect$$rtexit$$00000002  c_w.l(rtexit2.o)
    0x08000236   0x08000236   0x00000004   Code   RO         2112    .ARM.Collect$$rtexit$$00000003  c_w.l(rtexit2.o)
    0x0800023a   0x0800023a   0x00000006   Code   RO         2113    .ARM.Collect$$rtexit$$00000004  c_w.l(rtexit2.o)
    0x08000240   0x08000240   0x00000048   Code   RO            3    .text               main.o
    0x08000288   0x08000288   0x00000016   Code   RO          245    .text               stm32f4xx_it.o
    0x0800029e   0x0800029e   0x00000002   PAD
    0x080002a0   0x080002a0   0x00000210   Code   RO          294    .text               system_stm32f4xx.o
    0x080004b0   0x080004b0   0x00000040   Code   RO          321    .text               startup_stm32f40_41xxx.o
    0x080004f0   0x080004f0   0x000000e0   Code   RO          327    .text               misc.o
    0x080005d0   0x080005d0   0x000009f0   Code   RO          367    .text               stm32f4xx_can.o
    0x08000fc0   0x08000fc0   0x00000294   Code   RO          676    .text               stm32f4xx_gpio.o
    0x08001254   0x08001254   0x0000065c   Code   RO          839    .text               stm32f4xx_rcc.o
    0x080018b0   0x080018b0   0x00000ca2   Code   RO          984    .text               stm32f4xx_tim.o
    0x08002552   0x08002552   0x00000002   PAD
    0x08002554   0x08002554   0x00000454   Code   RO         1004    .text               stm32f4xx_usart.o
    0x080029a8   0x080029a8   0x00000148   Code   RO         1044    .text               delay.o
    0x08002af0   0x08002af0   0x00000150   Code   RO         1106    .text               usart.o
    0x08002c40   0x08002c40   0x00000456   Code   RO         1137    .text               init.o
    0x08003096   0x08003096   0x00000002   PAD
    0x08003098   0x08003098   0x0000004c   Code   RO         1157    .text               interrupt.o
    0x080030e4   0x080030e4   0x0000041a   Code   RO         1201    .text               elmo.o
    0x080034fe   0x080034fe   0x00000002   PAD
    0x08003500   0x08003500   0x00000184   Code   RO         1248    .text               gyro.o
    0x08003684   0x08003684   0x00000084   Code   RO         1317    .text               bsp.o
    0x08003708   0x08003708   0x000002a8   Code   RO         1360    .text               cpu_core.o
    0x080039b0   0x080039b0   0x00000034   Code   RO         1392    .text               cpu_a.o
    0x080039e4   0x080039e4   0x00000002   Code   RO         1395    .text               os_cfg_app.o
    0x080039e6   0x080039e6   0x00000002   PAD
    0x080039e8   0x080039e8   0x00000b92   Code   RO         1418    .text               os_core.o
    0x0800457a   0x0800457a   0x00000002   PAD
    0x0800457c   0x0800457c   0x000001a8   Code   RO         1430    .text               os_dbg.o
    0x08004724   0x08004724   0x00000aec   Code   RO         1445    .text               os_flag.o
    0x08005210   0x08005210   0x000001fc   Code   RO         1463    .text               os_mem.o
    0x0800540c   0x0800540c   0x00000228   Code   RO         1475    .text               os_msg.o
    0x08005634   0x08005634   0x0000078c   Code   RO         1487    .text               os_mutex.o
    0x08005dc0   0x08005dc0   0x0000007c   Code   RO         1505    .text               os_prio.o
    0x08005e3c   0x08005e3c   0x000006d8   Code   RO         1524    .text               os_q.o
    0x08006514   0x08006514   0x000006e8   Code   RO         1536    .text               os_sem.o
    0x08006bfc   0x08006bfc   0x000005a8   Code   RO         1548    .text               os_stat.o
    0x080071a4   0x080071a4   0x000012c8   Code   RO         1560    .text               os_task.o
    0x0800846c   0x0800846c   0x00000428   Code   RO         1572    .text               os_tick.o
    0x08008894   0x08008894   0x0000042c   Code   RO         1584    .text               os_time.o
    0x08008cc0   0x08008cc0   0x000006e0   Code   RO         1596    .text               os_tmr.o
    0x080093a0   0x080093a0   0x00000256   Code   RO         1622    .text               lib_ascii.o
    0x080095f6   0x080095f6   0x00000002   PAD
    0x080095f8   0x080095f8   0x000009c6   Code   RO         1655    .text               lib_mem.o
    0x08009fbe   0x08009fbe   0x00000002   PAD
    0x08009fc0   0x08009fc0   0x0000092c   Code   RO         1674    .text               lib_str.o
    0x0800a8ec   0x0800a8ec   0x00000220   Code   RO         1691    .text               lib_mem_a.o
    0x0800ab0c   0x0800ab0c   0x000003f8   Code   RO         1699    .text               os_cpu_c.o
    0x0800af04   0x0800af04   0x00000124   Code   RO         1725    .text               ucos_app.o
    0x0800b028   0x0800b028   0x000001b0   Code   RO         1747    .text               ucos_init.o
    0x0800b1d8   0x0800b1d8   0x00000002   Code   RO         1814    .text               c_w.l(use_no_semi_2.o)
    0x0800b1da   0x0800b1da   0x000000ee   Code   RO         1816    .text               c_w.l(lludivv7m.o)
    0x0800b2c8   0x0800b2c8   0x00000018   Code   RO         1820    .text               c_w.l(noretval__2printf.o)
    0x0800b2e0   0x0800b2e0   0x0000010e   Code   RO         1834    .text               c_w.l(__printf_wp.o)
    0x0800b3ee   0x0800b3ee   0x00000006   Code   RO         1849    .text               c_w.l(heapauxi.o)
    0x0800b3f4   0x0800b3f4   0x00000002   Code   RO         1919    .text               c_w.l(use_no_semi.o)
    0x0800b3f6   0x0800b3f6   0x0000041e   Code   RO         1930    .text               c_w.l(_printf_fp_dec.o)
    0x0800b814   0x0800b814   0x00000024   Code   RO         1932    .text               c_w.l(_printf_char_file.o)
    0x0800b838   0x0800b838   0x00000008   Code   RO         1983    .text               c_w.l(rt_locale_intlibspace.o)
    0x0800b840   0x0800b840   0x0000008a   Code   RO         1990    .text               c_w.l(lludiv10.o)
    0x0800b8ca   0x0800b8ca   0x00000002   PAD
    0x0800b8cc   0x0800b8cc   0x00000030   Code   RO         1992    .text               c_w.l(_printf_char_common.o)
    0x0800b8fc   0x0800b8fc   0x00000080   Code   RO         1994    .text               c_w.l(_printf_fp_infnan.o)
    0x0800b97c   0x0800b97c   0x000000e4   Code   RO         1996    .text               c_w.l(bigflt0.o)
    0x0800ba60   0x0800ba60   0x00000008   Code   RO         2021    .text               c_w.l(ferror.o)
    0x0800ba68   0x0800ba68   0x00000008   Code   RO         2032    .text               c_w.l(libspace.o)
    0x0800ba70   0x0800ba70   0x0000004a   Code   RO         2035    .text               c_w.l(sys_stackheap_outer.o)
    0x0800baba   0x0800baba   0x00000012   Code   RO         2039    .text               c_w.l(exit.o)
    0x0800bacc   0x0800bacc   0x00000080   Code   RO         2045    .text               c_w.l(strcmpv7m.o)
    0x0800bb4c   0x0800bb4c   0x0000003e   Code   RO         1999    CL$$btod_d2e        c_w.l(btod.o)
    0x0800bb8a   0x0800bb8a   0x00000046   Code   RO         2001    CL$$btod_d2e_denorm_low  c_w.l(btod.o)
    0x0800bbd0   0x0800bbd0   0x00000060   Code   RO         2000    CL$$btod_d2e_norm_op1  c_w.l(btod.o)
    0x0800bc30   0x0800bc30   0x00000338   Code   RO         2009    CL$$btod_div_common  c_w.l(btod.o)
    0x0800bf68   0x0800bf68   0x000000dc   Code   RO         2006    CL$$btod_e2e        c_w.l(btod.o)
    0x0800c044   0x0800c044   0x0000002a   Code   RO         2003    CL$$btod_ediv       c_w.l(btod.o)
    0x0800c06e   0x0800c06e   0x0000002a   Code   RO         2002    CL$$btod_emul       c_w.l(btod.o)
    0x0800c098   0x0800c098   0x00000244   Code   RO         2008    CL$$btod_mult_common  c_w.l(btod.o)
    0x0800c2dc   0x0800c2dc   0x000000ac   Code   RO         1694    CODE                os_cpu_a.o
    0x0800c388   0x0800c388   0x00000030   Code   RO         2030    i.__ARM_fpclassify  m_wm.l(fpclassify.o)
    0x0800c3b8   0x0800c3b8   0x0000000e   Code   RO         1836    i._is_digit         c_w.l(__printf_wp.o)
    0x0800c3c6   0x0800c3c6   0x00000002   PAD
    0x0800c3c8   0x0800c3c8   0x0000002c   Code   RO         2026    locale$$code        c_w.l(lc_numeric_c.o)
    0x0800c3f4   0x0800c3f4   0x0000005e   Code   RO         1865    x$fpl$dfix          fz_wm.l(dfix.o)
    0x0800c452   0x0800c452   0x0000002e   Code   RO         1874    x$fpl$dflt          fz_wm.l(dflt_clz.o)
    0x0800c480   0x0800c480   0x00000154   Code   RO         1883    x$fpl$dmul          fz_wm.l(dmul.o)
    0x0800c5d4   0x0800c5d4   0x0000009c   Code   RO         1935    x$fpl$dnaninf       fz_wm.l(dnaninf.o)
    0x0800c670   0x0800c670   0x0000000c   Code   RO         1937    x$fpl$dretinf       fz_wm.l(dretinf.o)
    0x0800c67c   0x0800c67c   0x00000056   Code   RO         1885    x$fpl$f2d           fz_wm.l(f2d.o)
    0x0800c6d2   0x0800c6d2   0x0000008c   Code   RO         1939    x$fpl$fnaninf       fz_wm.l(fnaninf.o)
    0x0800c75e   0x0800c75e   0x0000000a   Code   RO         2108    x$fpl$fpinit        fz_wm.l(fpinit.o)
    0x0800c768   0x0800c768   0x00000004   Code   RO         1893    x$fpl$printf1       fz_wm.l(printf1.o)
    0x0800c76c   0x0800c76c   0x00000000   Code   RO         1943    x$fpl$usenofp       fz_wm.l(usenofp.o)
    0x0800c76c   0x0800c76c   0x00000104   Data   RO         1362    .constdata          cpu_core.o
    0x0800c870   0x0800c870   0x00000094   Data   RO         1397    .constdata          os_cfg_app.o
    0x0800c904   0x0800c904   0x00000168   Data   RO         1431    .constdata          os_dbg.o
    0x0800ca6c   0x0800ca6c   0x00000094   Data   RO         1675    .constdata          lib_str.o
    0x0800cb00   0x0800cb00   0x00000094   Data   RO         1997    .constdata          c_w.l(bigflt0.o)
    0x0800cb94   0x0800cb94   0x00000020   Data   RO         2173    Region$$Table       anon$$obj.o
    0x0800cbb4   0x0800cbb4   0x0000001c   Data   RO         2025    locale$$data        c_w.l(lc_numeric_c.o)


    Execution Region RW_IRAM1 (Exec base: 0x20000000, Load base: 0x0800cbd0, Size: 0x00003690, Max: 0x00020000, ABSOLUTE)

    Exec Addr    Load Addr    Size         Type   Attr      Idx    E Section Name        Object

    0x20000000   0x0800cbd0   0x00000014   Data   RW          295    .data               system_stm32f4xx.o
    0x20000014   0x0800cbe4   0x00000010   Data   RW          840    .data               stm32f4xx_rcc.o
    0x20000024   0x0800cbf4   0x00000004   Data   RW         1045    .data               delay.o
    0x20000028   0x0800cbf8   0x00000006   Data   RW         1108    .data               usart.o
    0x2000002e   0x0800cbfe   0x00000002   PAD
    0x20000030   0x0800cc00   0x00000004   Data   RW         1363    .data               cpu_core.o
    0x20000034   0x0800cc04   0x00000008   Data   RW         1506    .data               os_prio.o
    0x2000003c   0x0800cc0c   0x000000c4   Data   RW         1609    .data               os_var.o
    0x20000100   0x0800ccd0   0x00000004   Data   RW         1657    .data               lib_mem.o
    0x20000104   0x0800ccd4   0x00000004   Data   RW         1700    .data               os_cpu_c.o
    0x20000108   0x0800ccd8   0x00000004   Data   RW         1726    .data               ucos_app.o
    0x2000010c        -       0x000000c8   Zero   RW         1107    .bss                usart.o
    0x200001d4        -       0x00000014   Zero   RW         1202    .bss                elmo.o
    0x200001e8        -       0x00000010   Zero   RW         1361    .bss                cpu_core.o
    0x200001f8        -       0x00001040   Zero   RW         1396    .bss                os_cfg_app.o
    0x20001238        -       0x00000618   Zero   RW         1608    .bss                os_var.o
    0x20001850        -       0x00000448   Zero   RW         1656    .bss                lib_mem.o
    0x20001c98        -       0x00001398   Zero   RW         1748    .bss                ucos_init.o
    0x20003030        -       0x00000060   Zero   RW         2033    .bss                c_w.l(libspace.o)
    0x20003090        -       0x00000200   Zero   RW          319    HEAP                startup_stm32f40_41xxx.o
    0x20003290        -       0x00000400   Zero   RW          318    STACK               startup_stm32f40_41xxx.o


==============================================================================

Image component sizes


      Code (inc. data)   RO Data    RW Data    ZI Data      Debug   Object Name

       132         14          0          0          0      10468   bsp.o
        52          0          0          0          0        352   cpu_a.o
       680         14        260          4         16       7107   cpu_core.o
       328         24          0          4          0       1925   delay.o
      1050         10          0          0         20       4911   elmo.o
       388         24          0          0          0       1417   gyro.o
      1110         30          0          0          0       2360   init.o
        76         10          0          0          0        883   interrupt.o
       598          0          0          0          0       3992   lib_ascii.o
      2502         32          0          4       1096      22492   lib_mem.o
       544          0          0          0          0        496   lib_mem_a.o
      2348          6        148          0          0      13982   lib_str.o
        72          0          0          0          0     328902   main.o
       224         20          0          0          0       1853   misc.o
         2          0        148          0       4160      19331   os_cfg_app.o
      2962        212          0          0          0      11165   os_core.o
       172         32          0          0          0        420   os_cpu_a.o
      1016         64          0          4          0       4189   os_cpu_c.o
       424        278        360          0          0       4817   os_dbg.o
      2796         86          0          0          0       8035   os_flag.o
       508         16          0          0          0       2936   os_mem.o
       552         14          0          0          0       2798   os_msg.o
      1932         84          0          0          0       5562   os_mutex.o
       124          4          0          8          0       1992   os_prio.o
      1752         58          0          0          0       6448   os_q.o
      1768         58          0          0          0       6504   os_sem.o
      1448        150          0          0          0       2865   os_stat.o
      4808        176          0          0          0      13250   os_task.o
      1064         66          0          0          0       3900   os_tick.o
      1068         44          0          0          0       3261   os_time.o
      1760        156          0          0          0       6367   os_tmr.o
         0          0          0        196       1560      17884   os_var.o
        64         26        392          0       1536        848   startup_stm32f40_41xxx.o
      2544         38          0          0          0       8180   stm32f4xx_can.o
       660         44          0          0          0       4193   stm32f4xx_gpio.o
        22          0          0          0          0       1051   stm32f4xx_it.o
      1628         52          0         16          0      13088   stm32f4xx_rcc.o
      3234         60          0          0          0      23052   stm32f4xx_tim.o
      1108         34          0          0          0       7920   stm32f4xx_usart.o
       528         46          0         20          0       1831   system_stm32f4xx.o
       292         40          0          4          0       1202   ucos_app.o
       432        132          0          0       5016       2227   ucos_init.o
       336         16          0          6        200       3350   usart.o

    ----------------------------------------------------------------------
     45124       2170       1340        268      13604     589806   Object Totals
         0          0         32          0          0          0   (incl. Generated)
        16          0          0          2          0          0   (incl. Padding)

    ----------------------------------------------------------------------

      Code (inc. data)   RO Data    RW Data    ZI Data      Debug   Library Member Name

         8          0          0          0          0         68   __main.o
       284          0          0          0          0        156   __printf_wp.o
         0          0          0          0          0          0   __rtentry.o
        12          0          0          0          0          0   __rtentry2.o
         6          0          0          0          0          0   __rtentry4.o
        52          8          0          0          0          0   __scatter.o
        26          0          0          0          0          0   __scatter_copy.o
        28          0          0          0          0          0   __scatter_zi.o
        48          6          0          0          0         96   _printf_char_common.o
        36          4          0          0          0         80   _printf_char_file.o
         6          0          0          0          0          0   _printf_f.o
      1054          0          0          0          0        216   _printf_fp_dec.o
       128         16          0          0          0         84   _printf_fp_infnan.o
         0          0          0          0          0          0   _printf_percent.o
         4          0          0          0          0          0   _printf_percent_end.o
       228          4        148          0          0         96   bigflt0.o
      1936        128          0          0          0        672   btod.o
        18          0          0          0          0         80   exit.o
         8          0          0          0          0         68   ferror.o
         6          0          0          0          0        152   heapauxi.o
        44         10         28          0          0         76   lc_numeric_c.o
         2          0          0          0          0          0   libinit.o
        22          0          0          0          0          0   libinit2.o
         2          0          0          0          0          0   libshutdown.o
         2          0          0          0          0          0   libshutdown2.o
         8          4          0          0         96         68   libspace.o
       138          0          0          0          0         80   lludiv10.o
       238          0          0          0          0        100   lludivv7m.o
        24          4          0          0          0         84   noretval__2printf.o
         8          4          0          0          0         68   rt_locale_intlibspace.o
         2          0          0          0          0          0   rtexit.o
        10          0          0          0          0          0   rtexit2.o
       128          0          0          0          0         68   strcmpv7m.o
        74          0          0          0          0         80   sys_stackheap_outer.o
         2          0          0          0          0         68   use_no_semi.o
         2          0          0          0          0         68   use_no_semi_2.o
        94          4          0          0          0        140   dfix.o
        46          0          0          0          0        116   dflt_clz.o
       340         12          0          0          0        152   dmul.o
       156          4          0          0          0        140   dnaninf.o
        12          0          0          0          0        116   dretinf.o
        86          4          0          0          0        132   f2d.o
       140          4          0          0          0        132   fnaninf.o
        10          0          0          0          0        116   fpinit.o
         4          0          0          0          0        116   printf1.o
         0          0          0          0          0          0   usenofp.o
        48          0          0          0          0        124   fpclassify.o

    ----------------------------------------------------------------------
      5536        216        176          0         96       3812   Library Totals
         6          0          0          0          0          0   (incl. Padding)

    ----------------------------------------------------------------------

      Code (inc. data)   RO Data    RW Data    ZI Data      Debug   Library Name

      4594        188        176          0         96       2528   c_w.l
       888         28          0          0          0       1160   fz_wm.l
        48          0          0          0          0        124   m_wm.l

    ----------------------------------------------------------------------
      5536        216        176          0         96       3812   Library Totals

    ----------------------------------------------------------------------

==============================================================================


      Code (inc. data)   RO Data    RW Data    ZI Data      Debug   

     50660       2386       1516        268      13700     582466   Grand Totals
     50660       2386       1516        268      13700     582466   ELF Image Totals
     50660       2386       1516        268          0          0   ROM Totals

==============================================================================

    Total RO  Size (Code + RO Data)                52176 (  50.95kB)
    Total RW  Size (RW Data + ZI Data)             13968 (  13.64kB)
    Total ROM Size (Code + RO Data + RW Data)      52444 (  51.21kB)

==============================================================================

