<html>
<body>
<pre>
<h1>µVision Build Log</h1>
<h2>Tool Versions:</h2>
IDE-Version: ¦ÌVision V5.15
Copyright (C) 2015 ARM Ltd and ARM Germany GmbH. All rights reserved.
License Information:  ,  , LIC=9N0DY-I11Y3-68MFC-7F91X-59IMF-4JGI6
 
Tool Versions:
Toolchain:       MDK-ARM Professional  Version: 5.15.0
Toolchain Path:  D:\Keil_v5\ARM\ARMCC\Bin
C Compiler:      Armcc.exe V5.05 update 2 (build 169)
Assembler:       Armasm.exe V5.05 update 2 (build 169)
Linker/Locator:  ArmLink.exe V5.05 update 2 (build 169)
Library Manager: ArmAr.exe V5.05 update 2 (build 169)
Hex Converter:   FromElf.exe V5.05 update 2 (build 169)
CPU DLL:         SARMCM3.DLL V5.15.0
Dialog DLL:      DCM.DLL V1.13.2.0
Target DLL:      Segger\JL2CM3.dll V2.99.15.0
Dialog DLL:      TCM.DLL V1.14.5.0
 
<h2>Project:</h2>
H:\Github\R20\program\USER\Template.uvprojx
Project File Date:  12/01/2019

<h2>Output:</h2>
*** Using Compiler 'V5.05 update 2 (build 169)', folder: 'D:\Keil_v5\ARM\ARMCC\Bin'
Build target 'Robocon2020'
compiling main.c...
compiling usart.c...
compiling init.c...
..\INIT\init.c(335): warning:  #177-D: variable "CAN_InitStructure" was declared but never referenced
        CAN_InitTypeDef         CAN_InitStructure;
..\INIT\init.c(336): warning:  #177-D: variable "CAN_FilterInitStructure" was declared but never referenced
        CAN_FilterInitTypeDef   CAN_FilterInitStructure;
..\INIT\init.c(337): warning:  #177-D: variable "USART_InitStructure" was declared but never referenced
        USART_InitTypeDef               USART_InitStructure;
..\INIT\init.c(338): warning:  #177-D: variable "NVIC_InitStructure" was declared but never referenced
        NVIC_InitTypeDef                NVIC_InitStructure;
..\INIT\init.c(339): warning:  #177-D: variable "TIM_TimeBaseStructure" was declared but never referenced
        TIM_TimeBaseInitTypeDef  TIM_TimeBaseStructure;
..\INIT\init.c(340): warning:  #177-D: variable "TIM_ICInitStructure" was declared but never referenced
        TIM_ICInitTypeDef  TIM_ICInitStructure;
..\INIT\init.c(341): warning:  #177-D: variable "TIM_OCInitStructure" was declared but never referenced
        TIM_OCInitTypeDef  TIM_OCInitStructure;
..\INIT\init.c: 7 warnings, 0 errors
compiling interrupt.c...
linking...
Program Size: Code=5216 RO-data=424 RW-data=40 ZI-data=1632  
FromELF: creating hex file...
"..\OBJ\Template.axf" - 0 Error(s), 7 Warning(s).

<h2>Collection of Component include folders:</h2>
  H:\Github\R20\program\USER\RTE
  D:\Keil_v5\ARM\PACK\Keil\STM32F4xx_DFP\2.5.0\Drivers\CMSIS\Device\ST\STM32F4xx\Include

<h2>Collection of Component Files used:</h2>
</pre>
</body>
</html>
