Component: ARM Compiler 5.06 update 6 (build 750) Tool: armlink [4d35ed]

==============================================================================

Section Cross References

    main.o(.text) refers to _printf_percent.o(.ARM.Collect$$_printf_percent$$00000000) for _printf_percent
    main.o(.text) refers to _printf_f.o(.ARM.Collect$$_printf_percent$$00000003) for _printf_f
    main.o(.text) refers to printf1.o(x$fpl$printf1) for _printf_fp_dec
    main.o(.text) refers to cpu_a.o(.text) for CPU_SR_Save
    main.o(.text) refers to f2d.o(x$fpl$f2d) for __aeabi_f2d
    main.o(.text) refers to noretval__2printf.o(.text) for __2printf
    main.o(.text) refers to delay.o(.text) for delay_ms
    main.o(.text) refers to os_time.o(.text) for OSTimeDlyHMSM
    main.o(.text) refers to cpu_core.o(.text) for CPU_Init
    main.o(.text) refers to os_stat.o(.text) for OSStatTaskCPUUsageInit
    main.o(.text) refers to os_task.o(.text) for OSTaskCreate
    main.o(.text) refers to misc.o(.text) for NVIC_PriorityGroupConfig
    main.o(.text) refers to usart.o(.text) for uart_init
    main.o(.text) refers to init.o(.text) for Init
    main.o(.text) refers to os_core.o(.text) for OSInit
    main.o(.text) refers to main.o(.data) for float_num
    main.o(.text) refers to main.o(.bss) for LED0_TASK_STK
    system_stm32f4xx.o(.text) refers to system_stm32f4xx.o(.data) for SystemCoreClock
    startup_stm32f40_41xxx.o(STACK) refers (Special) to heapauxi.o(.text) for __use_two_region_memory
    startup_stm32f40_41xxx.o(HEAP) refers (Special) to heapauxi.o(.text) for __use_two_region_memory
    startup_stm32f40_41xxx.o(RESET) refers (Special) to heapauxi.o(.text) for __use_two_region_memory
    startup_stm32f40_41xxx.o(RESET) refers to startup_stm32f40_41xxx.o(STACK) for __initial_sp
    startup_stm32f40_41xxx.o(RESET) refers to startup_stm32f40_41xxx.o(.text) for Reset_Handler
    startup_stm32f40_41xxx.o(RESET) refers to stm32f4xx_it.o(.text) for NMI_Handler
    startup_stm32f40_41xxx.o(RESET) refers to os_cpu_a.o(CODE) for PendSV_Handler
    startup_stm32f40_41xxx.o(RESET) refers to delay.o(.text) for SysTick_Handler
    startup_stm32f40_41xxx.o(.text) refers (Special) to heapauxi.o(.text) for __use_two_region_memory
    startup_stm32f40_41xxx.o(.text) refers to system_stm32f4xx.o(.text) for SystemInit
    startup_stm32f40_41xxx.o(.text) refers to __main.o(!!!main) for __main
    startup_stm32f40_41xxx.o(.text) refers to startup_stm32f40_41xxx.o(HEAP) for Heap_Mem
    startup_stm32f40_41xxx.o(.text) refers to startup_stm32f40_41xxx.o(STACK) for Stack_Mem
    stm32f4xx_adc.o(.text) refers to stm32f4xx_rcc.o(.text) for RCC_APB2PeriphResetCmd
    stm32f4xx_can.o(.text) refers to stm32f4xx_rcc.o(.text) for RCC_APB1PeriphResetCmd
    stm32f4xx_cryp.o(.text) refers to stm32f4xx_rcc.o(.text) for RCC_AHB2PeriphResetCmd
    stm32f4xx_cryp_aes.o(.text) refers to stm32f4xx_cryp.o(.text) for CRYP_KeyStructInit
    stm32f4xx_cryp_des.o(.text) refers to stm32f4xx_cryp.o(.text) for CRYP_KeyStructInit
    stm32f4xx_cryp_tdes.o(.text) refers to stm32f4xx_cryp.o(.text) for CRYP_KeyStructInit
    stm32f4xx_dac.o(.text) refers to stm32f4xx_rcc.o(.text) for RCC_APB1PeriphResetCmd
    stm32f4xx_dma2d.o(.text) refers to stm32f4xx_rcc.o(.text) for RCC_AHB1PeriphResetCmd
    stm32f4xx_fsmc.o(.text) refers to stm32f4xx_fsmc.o(.constdata) for FSMC_DefaultTimingStruct
    stm32f4xx_gpio.o(.text) refers to stm32f4xx_rcc.o(.text) for RCC_AHB1PeriphResetCmd
    stm32f4xx_hash.o(.text) refers to stm32f4xx_rcc.o(.text) for RCC_AHB2PeriphResetCmd
    stm32f4xx_hash_md5.o(.text) refers to stm32f4xx_hash.o(.text) for HASH_DeInit
    stm32f4xx_hash_sha1.o(.text) refers to stm32f4xx_hash.o(.text) for HASH_DeInit
    stm32f4xx_i2c.o(.text) refers to stm32f4xx_rcc.o(.text) for RCC_APB1PeriphResetCmd
    stm32f4xx_ltdc.o(.text) refers to stm32f4xx_rcc.o(.text) for RCC_APB2PeriphResetCmd
    stm32f4xx_pwr.o(.text) refers to stm32f4xx_rcc.o(.text) for RCC_APB1PeriphResetCmd
    stm32f4xx_rcc.o(.text) refers to stm32f4xx_rcc.o(.data) for APBAHBPrescTable
    stm32f4xx_rng.o(.text) refers to stm32f4xx_rcc.o(.text) for RCC_AHB2PeriphResetCmd
    stm32f4xx_sai.o(.text) refers to stm32f4xx_rcc.o(.text) for RCC_APB2PeriphResetCmd
    stm32f4xx_sdio.o(.text) refers to stm32f4xx_rcc.o(.text) for RCC_APB2PeriphResetCmd
    stm32f4xx_spi.o(.text) refers to stm32f4xx_rcc.o(.text) for RCC_APB2PeriphResetCmd
    stm32f4xx_syscfg.o(.text) refers to stm32f4xx_rcc.o(.text) for RCC_APB2PeriphResetCmd
    stm32f4xx_tim.o(.text) refers to stm32f4xx_rcc.o(.text) for RCC_APB2PeriphResetCmd
    stm32f4xx_usart.o(.text) refers to stm32f4xx_rcc.o(.text) for RCC_APB2PeriphResetCmd
    stm32f4xx_wwdg.o(.text) refers to stm32f4xx_rcc.o(.text) for RCC_APB1PeriphResetCmd
    delay.o(.text) refers to os_core.o(.text) for OSSchedLock
    delay.o(.text) refers to os_time.o(.text) for OSTimeDly
    delay.o(.text) refers to misc.o(.text) for SysTick_CLKSourceConfig
[...]
    __rt_entry_postsh_1                      0x08000229   Thumb Code     0  __rtentry2.o(.ARM.Collect$$rtentry$$00000009)
    __rt_entry_main                          0x0800022d   Thumb Code     0  __rtentry2.o(.ARM.Collect$$rtentry$$0000000D)
    __rt_entry_postli_1                      0x0800022d   Thumb Code     0  __rtentry2.o(.ARM.Collect$$rtentry$$0000000C)
    __rt_exit                                0x08000235   Thumb Code     0  rtexit.o(.ARM.Collect$$rtexit$$00000000)
    __rt_exit_ls                             0x08000237   Thumb Code     0  rtexit2.o(.ARM.Collect$$rtexit$$00000003)
    __rt_exit_prels_1                        0x08000237   Thumb Code     0  rtexit2.o(.ARM.Collect$$rtexit$$00000002)
    __rt_exit_exit                           0x0800023b   Thumb Code     0  rtexit2.o(.ARM.Collect$$rtexit$$00000004)
    float_task                               0x08000241   Thumb Code    86  main.o(.text)
    led1_task                                0x08000297   Thumb Code    62  main.o(.text)
    led0_task                                0x080002d5   Thumb Code    62  main.o(.text)
    start_task                               0x08000313   Thumb Code   204  main.o(.text)
    main                                     0x080003df   Thumb Code   124  main.o(.text)
    NMI_Handler                              0x080004d9   Thumb Code     2  stm32f4xx_it.o(.text)
    HardFault_Handler                        0x080004db   Thumb Code     4  stm32f4xx_it.o(.text)
    MemManage_Handler                        0x080004df   Thumb Code     4  stm32f4xx_it.o(.text)
    BusFault_Handler                         0x080004e3   Thumb Code     4  stm32f4xx_it.o(.text)
    UsageFault_Handler                       0x080004e7   Thumb Code     4  stm32f4xx_it.o(.text)
    SVC_Handler                              0x080004eb   Thumb Code     2  stm32f4xx_it.o(.text)
    DebugMon_Handler                         0x080004ed   Thumb Code     2  stm32f4xx_it.o(.text)
    SystemInit                               0x080005cd   Thumb Code    88  system_stm32f4xx.o(.text)
    SystemCoreClockUpdate                    0x08000625   Thumb Code   174  system_stm32f4xx.o(.text)
    Reset_Handler                            0x08000701   Thumb Code     8  startup_stm32f40_41xxx.o(.text)
    ADC_IRQHandler                           0x0800071b   Thumb Code     0  startup_stm32f40_41xxx.o(.text)
    CAN1_RX0_IRQHandler                      0x0800071b   Thumb Code     0  startup_stm32f40_41xxx.o(.text)
    CAN1_RX1_IRQHandler                      0x0800071b   Thumb Code     0  startup_stm32f40_41xxx.o(.text)
    CAN1_SCE_IRQHandler                      0x0800071b   Thumb Code     0  startup_stm32f40_41xxx.o(.text)
    CAN1_TX_IRQHandler                       0x0800071b   Thumb Code     0  startup_stm32f40_41xxx.o(.text)
    CAN2_RX0_IRQHandler                      0x0800071b   Thumb Code     0  startup_stm32f40_41xxx.o(.text)
    CAN2_RX1_IRQHandler                      0x0800071b   Thumb Code     0  startup_stm32f40_41xxx.o(.text)
    CAN2_SCE_IRQHandler                      0x0800071b   Thumb Code     0  startup_stm32f40_41xxx.o(.text)
    CAN2_TX_IRQHandler                       0x0800071b   Thumb Code     0  startup_stm32f40_41xxx.o(.text)
    CRYP_IRQHandler                          0x0800071b   Thumb Code     0  startup_stm32f40_41xxx.o(.text)
    DCMI_IRQHandler                          0x0800071b   Thumb Code     0  startup_stm32f40_41xxx.o(.text)
    DMA1_Stream0_IRQHandler                  0x0800071b   Thumb Code     0  startup_stm32f40_41xxx.o(.text)
    DMA1_Stream1_IRQHandler                  0x0800071b   Thumb Code     0  startup_stm32f40_41xxx.o(.text)
    DMA1_Stream2_IRQHandler                  0x0800071b   Thumb Code     0  startup_stm32f40_41xxx.o(.text)
    DMA1_Stream3_IRQHandler                  0x0800071b   Thumb Code     0  startup_stm32f40_41xxx.o(.text)
    DMA1_Stream4_IRQHandler                  0x0800071b   Thumb Code     0  startup_stm32f40_41xxx.o(.text)
    DMA1_Stream5_IRQHandler                  0x0800071b   Thumb Code     0  startup_stm32f40_41xxx.o(.text)
    DMA1_Stream6_IRQHandler                  0x0800071b   Thumb Code     0  startup_stm32f40_41xxx.o(.text)
    DMA1_Stream7_IRQHandler                  0x0800071b   Thumb Code     0  startup_stm32f40_41xxx.o(.text)
    DMA2_Stream0_IRQHandler                  0x0800071b   Thumb Code     0  startup_stm32f40_41xxx.o(.text)
    DMA2_Stream1_IRQHandler                  0x0800071b   Thumb Code     0  startup_stm32f40_41xxx.o(.text)
    DMA2_Stream2_IRQHandler                  0x0800071b   Thumb Code     0  startup_stm32f40_41xxx.o(.text)
    DMA2_Stream3_IRQHandler                  0x0800071b   Thumb Code     0  startup_stm32f40_41xxx.o(.text)
    DMA2_Stream4_IRQHandler                  0x0800071b   Thumb Code     0  startup_stm32f40_41xxx.o(.text)
    DMA2_Stream5_IRQHandler                  0x0800071b   Thumb Code     0  startup_stm32f40_41xxx.o(.text)
    DMA2_Stream6_IRQHandler                  0x0800071b   Thumb Code     0  startup_stm32f40_41xxx.o(.text)
    DMA2_Stream7_IRQHandler                  0x0800071b   Thumb Code     0  startup_stm32f40_41xxx.o(.text)
    ETH_IRQHandler                           0x0800071b   Thumb Code     0  startup_stm32f40_41xxx.o(.text)
    ETH_WKUP_IRQHandler                      0x0800071b   Thumb Code     0  startup_stm32f40_41xxx.o(.text)
    EXTI0_IRQHandler                         0x0800071b   Thumb Code     0  startup_stm32f40_41xxx.o(.text)
    EXTI15_10_IRQHandler                     0x0800071b   Thumb Code     0  startup_stm32f40_41xxx.o(.text)
    EXTI1_IRQHandler                         0x0800071b   Thumb Code     0  startup_stm32f40_41xxx.o(.text)
    EXTI2_IRQHandler                         0x0800071b   Thumb Code     0  startup_stm32f40_41xxx.o(.text)
    EXTI3_IRQHandler                         0x0800071b   Thumb Code     0  startup_stm32f40_41xxx.o(.text)
    EXTI4_IRQHandler                         0x0800071b   Thumb Code     0  startup_stm32f40_41xxx.o(.text)
    EXTI9_5_IRQHandler                       0x0800071b   Thumb Code     0  startup_stm32f40_41xxx.o(.text)
    FLASH_IRQHandler                         0x0800071b   Thumb Code     0  startup_stm32f40_41xxx.o(.text)
    FPU_IRQHandler                           0x0800071b   Thumb Code     0  startup_stm32f40_41xxx.o(.text)
    FSMC_IRQHandler                          0x0800071b   Thumb Code     0  startup_stm32f40_41xxx.o(.text)
    HASH_RNG_IRQHandler                      0x0800071b   Thumb Code     0  startup_stm32f40_41xxx.o(.text)
    I2C1_ER_IRQHandler                       0x0800071b   Thumb Code     0  startup_stm32f40_41xxx.o(.text)
    I2C1_EV_IRQHandler                       0x0800071b   Thumb Code     0  startup_stm32f40_41xxx.o(.text)
    I2C2_ER_IRQHandler                       0x0800071b   Thumb Code     0  startup_stm32f40_41xxx.o(.text)
    I2C2_EV_IRQHandler                       0x0800071b   Thumb Code     0  startup_stm32f40_41xxx.o(.text)
    I2C3_ER_IRQHandler                       0x0800071b   Thumb Code     0  startup_stm32f40_41xxx.o(.text)
    I2C3_EV_IRQHandler                       0x0800071b   Thumb Code     0  startup_stm32f40_41xxx.o(.text)
    OTG_FS_IRQHandler                        0x0800071b   Thumb Code     0  startup_stm32f40_41xxx.o(.text)
    OTG_FS_WKUP_IRQHandler                   0x0800071b   Thumb Code     0  startup_stm32f40_41xxx.o(.text)
    OTG_HS_EP1_IN_IRQHandler                 0x0800071b   Thumb Code     0  startup_stm32f40_41xxx.o(.text)
    OTG_HS_EP1_OUT_IRQHandler                0x0800071b   Thumb Code     0  startup_stm32f40_41xxx.o(.text)
    OTG_HS_IRQHandler                        0x0800071b   Thumb Code     0  startup_stm32f40_41xxx.o(.text)
    OTG_HS_WKUP_IRQHandler                   0x0800071b   Thumb Code     0  startup_stm32f40_41xxx.o(.text)
    PVD_IRQHandler                           0x0800071b   Thumb Code     0  startup_stm32f40_41xxx.o(.text)
    RCC_IRQHandler                           0x0800071b   Thumb Code     0  startup_stm32f40_41xxx.o(.text)
    RTC_Alarm_IRQHandler                     0x0800071b   Thumb Code     0  startup_stm32f40_41xxx.o(.text)
    RTC_WKUP_IRQHandler                      0x0800071b   Thumb Code     0  startup_stm32f40_41xxx.o(.text)
    SDIO_IRQHandler                          0x0800071b   Thumb Code     0  startup_stm32f40_41xxx.o(.text)
    SPI1_IRQHandler                          0x0800071b   Thumb Code     0  startup_stm32f40_41xxx.o(.text)
    SPI2_IRQHandler                          0x0800071b   Thumb Code     0  startup_stm32f40_41xxx.o(.text)
    SPI3_IRQHandler                          0x0800071b   Thumb Code     0  startup_stm32f40_41xxx.o(.text)
    TAMP_STAMP_IRQHandler                    0x0800071b   Thumb Code     0  startup_stm32f40_41xxx.o(.text)
    TIM1_BRK_TIM9_IRQHandler                 0x0800071b   Thumb Code     0  startup_stm32f40_41xxx.o(.text)
    TIM1_CC_IRQHandler                       0x0800071b   Thumb Code     0  startup_stm32f40_41xxx.o(.text)
    TIM1_TRG_COM_TIM11_IRQHandler            0x0800071b   Thumb Code     0  startup_stm32f40_41xxx.o(.text)
    TIM1_UP_TIM10_IRQHandler                 0x0800071b   Thumb Code     0  startup_stm32f40_41xxx.o(.text)
    TIM2_IRQHandler                          0x0800071b   Thumb Code     0  startup_stm32f40_41xxx.o(.text)
    TIM3_IRQHandler                          0x0800071b   Thumb Code     0  startup_stm32f40_41xxx.o(.text)
    TIM4_IRQHandler                          0x0800071b   Thumb Code     0  startup_stm32f40_41xxx.o(.text)
    TIM5_IRQHandler                          0x0800071b   Thumb Code     0  startup_stm32f40_41xxx.o(.text)
    TIM6_DAC_IRQHandler                      0x0800071b   Thumb Code     0  startup_stm32f40_41xxx.o(.text)
    TIM7_IRQHandler                          0x0800071b   Thumb Code     0  startup_stm32f40_41xxx.o(.text)
    TIM8_BRK_TIM12_IRQHandler                0x0800071b   Thumb Code     0  startup_stm32f40_41xxx.o(.text)
    TIM8_CC_IRQHandler                       0x0800071b   Thumb Code     0  startup_stm32f40_41xxx.o(.text)
    TIM8_TRG_COM_TIM14_IRQHandler            0x0800071b   Thumb Code     0  startup_stm32f40_41xxx.o(.text)
    TIM8_UP_TIM13_IRQHandler                 0x0800071b   Thumb Code     0  startup_stm32f40_41xxx.o(.text)
    UART4_IRQHandler                         0x0800071b   Thumb Code     0  startup_stm32f40_41xxx.o(.text)
    UART5_IRQHandler                         0x0800071b   Thumb Code     0  startup_stm32f40_41xxx.o(.text)
    USART1_IRQHandler                        0x0800071b   Thumb Code     0  startup_stm32f40_41xxx.o(.text)
    USART2_IRQHandler                        0x0800071b   Thumb Code     0  startup_stm32f40_41xxx.o(.text)
    USART3_IRQHandler                        0x0800071b   Thumb Code     0  startup_stm32f40_41xxx.o(.text)
    USART6_IRQHandler                        0x0800071b   Thumb Code     0  startup_stm32f40_41xxx.o(.text)
    WWDG_IRQHandler                          0x0800071b   Thumb Code     0  startup_stm32f40_41xxx.o(.text)
    __user_initial_stackheap                 0x0800071d   Thumb Code     0  startup_stm32f40_41xxx.o(.text)
    NVIC_PriorityGroupConfig                 0x08000741   Thumb Code    10  misc.o(.text)
    NVIC_Init                                0x0800074b   Thumb Code   106  misc.o(.text)
    NVIC_SetVectorTable                      0x080007b5   Thumb Code    14  misc.o(.text)
    NVIC_SystemLPConfig                      0x080007c3   Thumb Code    34  misc.o(.text)
    SysTick_CLKSourceConfig                  0x080007e5   Thumb Code    40  misc.o(.text)
    GPIO_DeInit                              0x08000821   Thumb Code   268  stm32f4xx_gpio.o(.text)
    GPIO_Init                                0x0800092d   Thumb Code   144  stm32f4xx_gpio.o(.text)
    GPIO_StructInit                          0x080009bd   Thumb Code    18  stm32f4xx_gpio.o(.text)
    GPIO_PinLockConfig                       0x080009cf   Thumb Code    34  stm32f4xx_gpio.o(.text)
    GPIO_ReadInputDataBit                    0x080009f1   Thumb Code    18  stm32f4xx_gpio.o(.text)
    GPIO_ReadInputData                       0x08000a03   Thumb Code     8  stm32f4xx_gpio.o(.text)
    GPIO_ReadOutputDataBit                   0x08000a0b   Thumb Code    18  stm32f4xx_gpio.o(.text)
    GPIO_ReadOutputData                      0x08000a1d   Thumb Code     8  stm32f4xx_gpio.o(.text)
    GPIO_SetBits                             0x08000a25   Thumb Code     4  stm32f4xx_gpio.o(.text)
    GPIO_ResetBits                           0x08000a29   Thumb Code     4  stm32f4xx_gpio.o(.text)
    GPIO_WriteBit                            0x08000a2d   Thumb Code    10  stm32f4xx_gpio.o(.text)
    GPIO_Write                               0x08000a37   Thumb Code     4  stm32f4xx_gpio.o(.text)
    GPIO_ToggleBits                          0x08000a3b   Thumb Code     8  stm32f4xx_gpio.o(.text)
    GPIO_PinAFConfig                         0x08000a43   Thumb Code    70  stm32f4xx_gpio.o(.text)
    RCC_DeInit                               0x08000ab5   Thumb Code    82  stm32f4xx_rcc.o(.text)
    RCC_HSEConfig                            0x08000b07   Thumb Code    14  stm32f4xx_rcc.o(.text)
    RCC_GetFlagStatus                        0x08000b15   Thumb Code    60  stm32f4xx_rcc.o(.text)
    RCC_WaitForHSEStartUp                    0x08000b51   Thumb Code    56  stm32f4xx_rcc.o(.text)
    RCC_AdjustHSICalibrationValue            0x08000b89   Thumb Code    20  stm32f4xx_rcc.o(.text)
    RCC_HSICmd                               0x08000b9d   Thumb Code     6  stm32f4xx_rcc.o(.text)
    RCC_LSEConfig                            0x08000ba3   Thumb Code    46  stm32f4xx_rcc.o(.text)
    RCC_LSICmd                               0x08000bd1   Thumb Code     6  stm32f4xx_rcc.o(.text)
    RCC_PLLConfig                            0x08000bd7   Thumb Code    32  stm32f4xx_rcc.o(.text)
    RCC_PLLCmd                               0x08000bf7   Thumb Code     6  stm32f4xx_rcc.o(.text)
    RCC_PLLI2SConfig                         0x08000bfd   Thumb Code    14  stm32f4xx_rcc.o(.text)
    RCC_PLLI2SCmd                            0x08000c0b   Thumb Code     6  stm32f4xx_rcc.o(.text)
    RCC_PLLSAIConfig                         0x08000c11   Thumb Code    20  stm32f4xx_rcc.o(.text)
    RCC_PLLSAICmd                            0x08000c25   Thumb Code     6  stm32f4xx_rcc.o(.text)
    RCC_ClockSecuritySystemCmd               0x08000c2b   Thumb Code     6  stm32f4xx_rcc.o(.text)
    RCC_MCO1Config                           0x08000c31   Thumb Code    28  stm32f4xx_rcc.o(.text)
    RCC_MCO2Config                           0x08000c4d   Thumb Code    28  stm32f4xx_rcc.o(.text)
    RCC_SYSCLKConfig                         0x08000c69   Thumb Code    20  stm32f4xx_rcc.o(.text)
    RCC_GetSYSCLKSource                      0x08000c7d   Thumb Code    12  stm32f4xx_rcc.o(.text)
    RCC_HCLKConfig                           0x08000c89   Thumb Code    20  stm32f4xx_rcc.o(.text)
    RCC_PCLK1Config                          0x08000c9d   Thumb Code    20  stm32f4xx_rcc.o(.text)
    RCC_PCLK2Config                          0x08000cb1   Thumb Code    22  stm32f4xx_rcc.o(.text)
    RCC_GetClocksFreq                        0x08000cc7   Thumb Code   222  stm32f4xx_rcc.o(.text)
    RCC_RTCCLKConfig                         0x08000da5   Thumb Code    54  stm32f4xx_rcc.o(.text)
    RCC_RTCCLKCmd                            0x08000ddb   Thumb Code     8  stm32f4xx_rcc.o(.text)
    RCC_BackupResetCmd                       0x08000de3   Thumb Code     8  stm32f4xx_rcc.o(.text)
    RCC_I2SCLKConfig                         0x08000deb   Thumb Code     6  stm32f4xx_rcc.o(.text)
    RCC_SAIPLLI2SClkDivConfig                0x08000df1   Thumb Code    26  stm32f4xx_rcc.o(.text)
    RCC_SAIPLLSAIClkDivConfig                0x08000e0b   Thumb Code    28  stm32f4xx_rcc.o(.text)
    RCC_SAIBlockACLKConfig                   0x08000e27   Thumb Code    20  stm32f4xx_rcc.o(.text)
    RCC_SAIBlockBCLKConfig                   0x08000e3b   Thumb Code    20  stm32f4xx_rcc.o(.text)
    RCC_LTDCCLKDivConfig                     0x08000e4f   Thumb Code    20  stm32f4xx_rcc.o(.text)
    RCC_TIMCLKPresConfig                     0x08000e63   Thumb Code     6  stm32f4xx_rcc.o(.text)
    RCC_AHB1PeriphClockCmd                   0x08000e69   Thumb Code    34  stm32f4xx_rcc.o(.text)
    RCC_AHB2PeriphClockCmd                   0x08000e8b   Thumb Code    78  stm32f4xx_rcc.o(.text)
    RCC_AHB3PeriphClockCmd                   0x08000ed9   Thumb Code    34  stm32f4xx_rcc.o(.text)
    RCC_APB1PeriphClockCmd                   0x08000efb   Thumb Code    34  stm32f4xx_rcc.o(.text)
    RCC_APB2PeriphClockCmd                   0x08000f1d   Thumb Code    34  stm32f4xx_rcc.o(.text)
    RCC_AHB1PeriphResetCmd                   0x08000f3f   Thumb Code    34  stm32f4xx_rcc.o(.text)
    RCC_AHB2PeriphResetCmd                   0x08000f61   Thumb Code    34  stm32f4xx_rcc.o(.text)
    RCC_AHB3PeriphResetCmd                   0x08000f83   Thumb Code    34  stm32f4xx_rcc.o(.text)
    RCC_APB1PeriphResetCmd                   0x08000fa5   Thumb Code    34  stm32f4xx_rcc.o(.text)
    RCC_APB2PeriphResetCmd                   0x08000fc7   Thumb Code    34  stm32f4xx_rcc.o(.text)
    RCC_AHB1PeriphClockLPModeCmd             0x08000fe9   Thumb Code    34  stm32f4xx_rcc.o(.text)
    RCC_AHB2PeriphClockLPModeCmd             0x0800100b   Thumb Code    34  stm32f4xx_rcc.o(.text)
    RCC_AHB3PeriphClockLPModeCmd             0x0800102d   Thumb Code    34  stm32f4xx_rcc.o(.text)
    RCC_APB1PeriphClockLPModeCmd             0x0800104f   Thumb Code    34  stm32f4xx_rcc.o(.text)
    RCC_APB2PeriphClockLPModeCmd             0x08001071   Thumb Code    34  stm32f4xx_rcc.o(.text)
    RCC_LSEModeConfig                        0x08001093   Thumb Code    40  stm32f4xx_rcc.o(.text)
    RCC_ITConfig                             0x080010bb   Thumb Code    34  stm32f4xx_rcc.o(.text)
    RCC_ClearFlag                            0x080010dd   Thumb Code    18  stm32f4xx_rcc.o(.text)
    RCC_GetITStatus                          0x080010ef   Thumb Code    22  stm32f4xx_rcc.o(.text)
    RCC_ClearITPendingBit                    0x08001105   Thumb Code     8  stm32f4xx_rcc.o(.text)
    USART_DeInit                             0x08001111   Thumb Code   206  stm32f4xx_usart.o(.text)
    USART_Init                               0x080011df   Thumb Code   204  stm32f4xx_usart.o(.text)
    USART_StructInit                         0x080012ab   Thumb Code    24  stm32f4xx_usart.o(.text)
    USART_ClockInit                          0x080012c3   Thumb Code    32  stm32f4xx_usart.o(.text)
    USART_ClockStructInit                    0x080012e3   Thumb Code    12  stm32f4xx_usart.o(.text)
    USART_Cmd                                0x080012ef   Thumb Code    24  stm32f4xx_usart.o(.text)
    USART_SetPrescaler                       0x08001307   Thumb Code    16  stm32f4xx_usart.o(.text)
    USART_OverSampling8Cmd                   0x08001317   Thumb Code    22  stm32f4xx_usart.o(.text)
    USART_OneBitMethodCmd                    0x0800132d   Thumb Code    24  stm32f4xx_usart.o(.text)
    USART_SendData                           0x08001345   Thumb Code     8  stm32f4xx_usart.o(.text)
    USART_ReceiveData                        0x0800134d   Thumb Code    10  stm32f4xx_usart.o(.text)
    USART_SetAddress                         0x08001357   Thumb Code    18  stm32f4xx_usart.o(.text)
    USART_ReceiverWakeUpCmd                  0x08001369   Thumb Code    24  stm32f4xx_usart.o(.text)
    USART_WakeUpConfig                       0x08001381   Thumb Code    18  stm32f4xx_usart.o(.text)
    USART_LINBreakDetectLengthConfig         0x08001393   Thumb Code    18  stm32f4xx_usart.o(.text)
    USART_LINCmd                             0x080013a5   Thumb Code    24  stm32f4xx_usart.o(.text)
    USART_SendBreak                          0x080013bd   Thumb Code    10  stm32f4xx_usart.o(.text)
    USART_HalfDuplexCmd                      0x080013c7   Thumb Code    24  stm32f4xx_usart.o(.text)
    USART_SetGuardTime                       0x080013df   Thumb Code    16  stm32f4xx_usart.o(.text)
    USART_SmartCardCmd                       0x080013ef   Thumb Code    24  stm32f4xx_usart.o(.text)
    USART_SmartCardNACKCmd                   0x08001407   Thumb Code    24  stm32f4xx_usart.o(.text)
    USART_IrDAConfig                         0x0800141f   Thumb Code    18  stm32f4xx_usart.o(.text)
    USART_IrDACmd                            0x08001431   Thumb Code    24  stm32f4xx_usart.o(.text)
    USART_DMACmd                             0x08001449   Thumb Code    18  stm32f4xx_usart.o(.text)
    USART_ITConfig                           0x0800145b   Thumb Code    74  stm32f4xx_usart.o(.text)
    USART_GetFlagStatus                      0x080014a5   Thumb Code    26  stm32f4xx_usart.o(.text)
    USART_ClearFlag                          0x080014bf   Thumb Code    18  stm32f4xx_usart.o(.text)
    USART_GetITStatus                        0x080014d1   Thumb Code   118  stm32f4xx_usart.o(.text)
    USART_ClearITPendingBit                  0x08001547   Thumb Code    30  stm32f4xx_usart.o(.text)
    delay_osschedlock                        0x08001565   Thumb Code    10  delay.o(.text)
    delay_osschedunlock                      0x0800156f   Thumb Code    10  delay.o(.text)
    delay_ostimedly                          0x08001579   Thumb Code    16  delay.o(.text)
    SysTick_Handler                          0x08001589   Thumb Code    24  delay.o(.text)
    delay_init                               0x080015a1   Thumb Code    94  delay.o(.text)
    delay_us                                 0x080015ff   Thumb Code    84  delay.o(.text)
    delay_ms                                 0x08001653   Thumb Code    66  delay.o(.text)
    _sys_exit                                0x080016ad   Thumb Code     4  usart.o(.text)
    fputc                                    0x080016b1   Thumb Code    22  usart.o(.text)
    uart_init                                0x080016c7   Thumb Code   164  usart.o(.text)
    Beep_ms                                  0x08001775   Thumb Code    28  init.o(.text)
    Periph_Init                              0x08001791   Thumb Code    26  init.o(.text)
    GPIO_INIT                                0x080017ab   Thumb Code   108  init.o(.text)
    Init                                     0x08001817   Thumb Code    18  init.o(.text)
    Usart_SendByte                           0x08001829   Thumb Code    30  init.o(.text)
    BSP_CPU_ClkFreq                          0x08001851   Thumb Code    14  bsp.o(.text)
    CPU_TS_TmrInit                           0x0800185f   Thumb Code    44  bsp.o(.text)
    CPU_TS_TmrRd                             0x0800188b   Thumb Code     6  bsp.o(.text)
    CPU_TS32_to_uSec                         0x08001891   Thumb Code    54  bsp.o(.text)
    CPU_NameClr                              0x080018d5   Thumb Code    42  cpu_core.o(.text)
    CPU_Init                                 0x08001915   Thumb Code    12  cpu_core.o(.text)
    CPU_SW_Exception                         0x08001921   Thumb Code     4  cpu_core.o(.text)
    CPU_NameGet                              0x08001925   Thumb Code    70  cpu_core.o(.text)
    CPU_NameSet                              0x0800196b   Thumb Code    96  cpu_core.o(.text)
    CPU_TS_Get32                             0x080019cb   Thumb Code    12  cpu_core.o(.text)
    CPU_TS_Update                            0x080019d7   Thumb Code     2  cpu_core.o(.text)
    CPU_TS_TmrFreqGet                        0x080019d9   Thumb Code    30  cpu_core.o(.text)
    CPU_TS_TmrFreqSet                        0x080019f7   Thumb Code     6  cpu_core.o(.text)
    CPU_CntLeadZeros08                       0x080019fd   Thumb Code    18  cpu_core.o(.text)
    CPU_CntLeadZeros16                       0x08001a0f   Thumb Code    18  cpu_core.o(.text)
    CPU_CntLeadZeros32                       0x08001a21   Thumb Code    18  cpu_core.o(.text)
    CPU_CntLeadZeros64                       0x08001a33   Thumb Code   188  cpu_core.o(.text)
    CPU_CntTrailZeros08                      0x08001aef   Thumb Code    22  cpu_core.o(.text)
    CPU_CntTrailZeros16                      0x08001b05   Thumb Code    22  cpu_core.o(.text)
    CPU_CntTrailZeros32                      0x08001b1b   Thumb Code    22  cpu_core.o(.text)
    CPU_CntTrailZeros64                      0x08001b31   Thumb Code    62  cpu_core.o(.text)
    CPU_IntDis                               0x08001b7d   Thumb Code     0  cpu_a.o(.text)
    CPU_IntEn                                0x08001b81   Thumb Code     0  cpu_a.o(.text)
    CPU_SR_Save                              0x08001b85   Thumb Code     0  cpu_a.o(.text)
    CPU_SR_Restore                           0x08001b8d   Thumb Code     0  cpu_a.o(.text)
    CPU_WaitForInt                           0x08001b93   Thumb Code     0  cpu_a.o(.text)
    CPU_WaitForExcept                        0x08001b97   Thumb Code     0  cpu_a.o(.text)
    CPU_CntLeadZeros                         0x08001b9b   Thumb Code     0  cpu_a.o(.text)
    CPU_CntTrailZeros                        0x08001ba1   Thumb Code     0  cpu_a.o(.text)
    CPU_RevBits                              0x08001bab   Thumb Code     0  cpu_a.o(.text)
    OSCfg_Init                               0x08001bb1   Thumb Code     2  os_cfg_app.o(.text)
    OS_IdleTask                              0x08001bb5   Thumb Code    58  os_core.o(.text)
    OS_IdleTaskInit                          0x08001bef   Thumb Code    68  os_core.o(.text)
    OS_RdyListInit                           0x08001c33   Thumb Code    32  os_core.o(.text)
    OSInit                                   0x08001c53   Thumb Code   270  os_core.o(.text)
    OSIntEnter                               0x08001d61   Thumb Code    34  os_core.o(.text)
    OSIntExit                                0x08001d83   Thumb Code   188  os_core.o(.text)
    OSSched                                  0x08001e3f   Thumb Code   130  os_core.o(.text)
    OS_SchedLockTimeMeasStart                0x08001ec1   Thumb Code    20  os_core.o(.text)
    OSSchedLock                              0x08001ed5   Thumb Code   104  os_core.o(.text)
    OS_SchedLockTimeMeasStop                 0x08001f3d   Thumb Code    44  os_core.o(.text)
    OSSchedUnlock                            0x08001f69   Thumb Code   274  os_core.o(.text)
    OSStart                                  0x0800207b   Thumb Code    78  os_core.o(.text)
    OSVersion                                0x080020c9   Thumb Code    12  os_core.o(.text)
    OS_PendDbgNameAdd                        0x080020d5   Thumb Code    66  os_core.o(.text)
    OS_PendListInsertPrio                    0x08002117   Thumb Code   102  os_core.o(.text)
    OS_PendDataInit                          0x0800217d   Thumb Code    38  os_core.o(.text)
    OS_RdyListRemove                         0x080021a3   Thumb Code    86  os_core.o(.text)
    OS_TaskBlock                             0x080021f9   Thumb Code    40  os_core.o(.text)
    OS_Pend                                  0x08002221   Thumb Code    98  os_core.o(.text)
    OS_PendListRemove1                       0x08002283   Thumb Code    66  os_core.o(.text)
    OS_PendListRemove                        0x080022c5   Thumb Code    48  os_core.o(.text)
    OS_PendAbort1                            0x080022f5   Thumb Code    36  os_core.o(.text)
    OS_RdyListInsertHead                     0x08002319   Thumb Code    58  os_core.o(.text)
    OS_RdyListInsertTail                     0x08002353   Thumb Code    56  os_core.o(.text)
    OS_RdyListInsert                         0x0800238b   Thumb Code    40  os_core.o(.text)
    OS_PendAbort                             0x080023b3   Thumb Code   234  os_core.o(.text)
    OS_PendDbgNameRemove                     0x0800249d   Thumb Code    34  os_core.o(.text)
    OS_PendListChangePrio                    0x080024bf   Thumb Code    70  os_core.o(.text)
    OS_PendListInit                          0x08002505   Thumb Code    10  os_core.o(.text)
    OS_PendListInsertHead                    0x0800250f   Thumb Code    32  os_core.o(.text)
    OS_PendObjDel1                           0x0800252f   Thumb Code    36  os_core.o(.text)
    OS_PendObjDel                            0x08002553   Thumb Code   176  os_core.o(.text)
    OS_Post1                                 0x08002603   Thumb Code    42  os_core.o(.text)
    OS_Post                                  0x0800262d   Thumb Code   214  os_core.o(.text)
    OS_RdyListMoveHeadToTail                 0x08002703   Thumb Code    68  os_core.o(.text)
    OS_Dbg_Init                              0x08002749   Thumb Code   146  os_dbg.o(.text)
    OS_FlagDbgListAdd                        0x080028f1   Thumb Code    38  os_flag.o(.text)
    OSFlagCreate                             0x08002917   Thumb Code   116  os_flag.o(.text)
    OS_FlagClr                               0x0800298b   Thumb Code    28  os_flag.o(.text)
    OS_FlagDbgListRemove                     0x080029a7   Thumb Code    44  os_flag.o(.text)
    OSFlagDel                                0x080029d3   Thumb Code   306  os_flag.o(.text)
    OS_FlagBlock                             0x08002b05   Thumb Code    54  os_flag.o(.text)
    OSFlagPend                               0x08002b3b   Thumb Code  1240  os_flag.o(.text)
    OSFlagPendAbort                          0x08003013   Thumb Code   236  os_flag.o(.text)
    OSFlagPendGetFlagsRdy                    0x080030ff   Thumb Code    84  os_flag.o(.text)
    OS_FlagTaskRdy                           0x08003153   Thumb Code   100  os_flag.o(.text)
    OS_FlagPost                              0x080031b7   Thumb Code   406  os_flag.o(.text)
    OSFlagPost                               0x0800334d   Thumb Code   112  os_flag.o(.text)
    OS_FlagInit                              0x080033bd   Thumb Code    14  os_flag.o(.text)
    OS_MemDbgListAdd                         0x080033dd   Thumb Code    34  os_mem.o(.text)
    OSMemCreate                              0x080033ff   Thumb Code   232  os_mem.o(.text)
    OSMemGet                                 0x080034e7   Thumb Code   100  os_mem.o(.text)
    OSMemPut                                 0x0800354b   Thumb Code   112  os_mem.o(.text)
    OS_MemInit                               0x080035bb   Thumb Code    14  os_mem.o(.text)
    OS_MsgPoolInit                           0x080035d9   Thumb Code   110  os_msg.o(.text)
    OS_MsgQFreeAll                           0x08003647   Thumb Code    62  os_msg.o(.text)
    OS_MsgQInit                              0x08003685   Thumb Code    14  os_msg.o(.text)
    OS_MsgQGet                               0x08003693   Thumb Code    98  os_msg.o(.text)
    OS_MsgQPut                               0x080036f5   Thumb Code   254  os_msg.o(.text)
    OS_MutexDbgListAdd                       0x08003801   Thumb Code    38  os_mutex.o(.text)
    OSMutexCreate                            0x08003827   Thumb Code   122  os_mutex.o(.text)
    OS_MutexClr                              0x080038a1   Thumb Code    38  os_mutex.o(.text)
    OS_MutexDbgListRemove                    0x080038c7   Thumb Code    44  os_mutex.o(.text)
    OSMutexDel                               0x080038f3   Thumb Code   442  os_mutex.o(.text)
    OSMutexPend                              0x08003aad   Thumb Code   618  os_mutex.o(.text)
    OSMutexPendAbort                         0x08003d17   Thumb Code   236  os_mutex.o(.text)
    OSMutexPost                              0x08003e03   Thumb Code   354  os_mutex.o(.text)
    OS_MutexInit                             0x08003f65   Thumb Code    14  os_mutex.o(.text)
    OS_PrioInit                              0x08003f8d   Thumb Code    20  os_prio.o(.text)
    OS_PrioGetHighest                        0x08003fa1   Thumb Code    36  os_prio.o(.text)
    OS_PrioInsert                            0x08003fc5   Thumb Code    32  os_prio.o(.text)
    OS_PrioRemove                            0x08003fe5   Thumb Code    32  os_prio.o(.text)
    OS_QDbgListAdd                           0x08004009   Thumb Code    38  os_q.o(.text)
    OSQCreate                                0x0800402f   Thumb Code   130  os_q.o(.text)
    OS_QClr                                  0x080040b1   Thumb Code    40  os_q.o(.text)
    OS_QDbgListRemove                        0x080040d9   Thumb Code    44  os_q.o(.text)
    OSQDel                                   0x08004105   Thumb Code   306  os_q.o(.text)
    OSQFlush                                 0x08004237   Thumb Code   106  os_q.o(.text)
    OSQPend                                  0x080042a1   Thumb Code   484  os_q.o(.text)
    OSQPendAbort                             0x08004485   Thumb Code   236  os_q.o(.text)
    OS_QPost                                 0x08004571   Thumb Code   190  os_q.o(.text)
    OSQPost                                  0x0800462f   Thumb Code   144  os_q.o(.text)
    OS_QInit                                 0x080046bf   Thumb Code    14  os_q.o(.text)
    OS_SemDbgListAdd                         0x080046e1   Thumb Code    38  os_sem.o(.text)
    OSSemCreate                              0x08004707   Thumb Code   116  os_sem.o(.text)
    OS_SemClr                                0x0800477b   Thumb Code    28  os_sem.o(.text)
    OS_SemDbgListRemove                      0x08004797   Thumb Code    44  os_sem.o(.text)
    OSSemDel                                 0x080047c3   Thumb Code   306  os_sem.o(.text)
    OSSemPend                                0x080048f5   Thumb Code   406  os_sem.o(.text)
    OSSemPendAbort                           0x08004a8b   Thumb Code   278  os_sem.o(.text)
    OS_SemPost                               0x08004ba1   Thumb Code   294  os_sem.o(.text)
    OSSemPost                                0x08004cc7   Thumb Code   108  os_sem.o(.text)
    OSSemSet                                 0x08004d33   Thumb Code   120  os_sem.o(.text)
    OS_SemInit                               0x08004dab   Thumb Code    14  os_sem.o(.text)
    OSStatReset                              0x08004dc9   Thumb Code   262  os_stat.o(.text)
    OSStatTaskCPUUsageInit                   0x08004ecf   Thumb Code   212  os_stat.o(.text)
    OS_StatTask                              0x08004fa3   Thumb Code   766  os_stat.o(.text)
    OS_StatTaskInit                          0x080052a1   Thumb Code   138  os_stat.o(.text)
    OSTaskChangePrio                         0x08005371   Thumb Code   274  os_task.o(.text)
    OS_TaskDbgListAdd                        0x08005483   Thumb Code    42  os_task.o(.text)
    OS_TaskInitTCB                           0x080054ad   Thumb Code   166  os_task.o(.text)
    OSTaskCreate                             0x08005553   Thumb Code   392  os_task.o(.text)
    OS_TaskDbgListRemove                     0x080056db   Thumb Code    64  os_task.o(.text)
    OSTaskDel                                0x0800571b   Thumb Code   320  os_task.o(.text)
    OSTaskQFlush                             0x0800585b   Thumb Code   110  os_task.o(.text)
    OSTaskQPend                              0x080058c9   Thumb Code   458  os_task.o(.text)
    OSTaskQPendAbort                         0x08005a93   Thumb Code   186  os_task.o(.text)
    OS_TaskQPost                             0x08005b4d   Thumb Code   236  os_task.o(.text)
    OSTaskQPost                              0x08005c39   Thumb Code    82  os_task.o(.text)
    OSTaskRegGet                             0x08005c8b   Thumb Code    78  os_task.o(.text)
    OSTaskRegGetID                           0x08005cd9   Thumb Code    84  os_task.o(.text)
    OSTaskRegSet                             0x08005d2d   Thumb Code    78  os_task.o(.text)
    OS_TaskResume                            0x08005d7b   Thumb Code   256  os_task.o(.text)
    OSTaskResume                             0x08005e7b   Thumb Code    96  os_task.o(.text)
    OSTaskSemPend                            0x08005edb   Thumb Code   482  os_task.o(.text)
    OSTaskSemPendAbort                       0x080060bd   Thumb Code   214  os_task.o(.text)
    OS_TaskSemPost                           0x08006193   Thumb Code   448  os_task.o(.text)
    OSTaskSemPost                            0x08006353   Thumb Code    62  os_task.o(.text)
    OSTaskSemSet                             0x08006391   Thumb Code    80  os_task.o(.text)
    OSTaskStkChk                             0x080063e1   Thumb Code   212  os_task.o(.text)
    OS_TaskSuspend                           0x080064b5   Thumb Code   272  os_task.o(.text)
    OSTaskSuspend                            0x080065c5   Thumb Code    48  os_task.o(.text)
    OS_TaskInit                              0x080065f5   Thumb Code    18  os_task.o(.text)
    OS_TaskReturn                            0x08006607   Thumb Code    20  os_task.o(.text)
    OS_TickTask                              0x0800679b   Thumb Code    98  os_tick.o(.text)
    OS_TickTaskInit                          0x080067fd   Thumb Code   142  os_tick.o(.text)
    OS_TickListInsert                        0x0800688b   Thumb Code   134  os_tick.o(.text)
    OS_TickListInsertDly                     0x08006911   Thumb Code   180  os_tick.o(.text)
    OS_TickListRemove                        0x080069c5   Thumb Code    88  os_tick.o(.text)
    OS_TickListResetPeak                     0x08006a1d   Thumb Code     2  os_tick.o(.text)
    OSTimeDly                                0x08006a61   Thumb Code   172  os_time.o(.text)
    OSTimeDlyHMSM                            0x08006b0d   Thumb Code   384  os_time.o(.text)
    OSTimeDlyResume                          0x08006c8d   Thumb Code   334  os_time.o(.text)
    OSTimeGet                                0x08006ddb   Thumb Code    46  os_time.o(.text)
    OSTimeSet                                0x08006e09   Thumb Code    46  os_time.o(.text)
    OSTimeTick                               0x08006e37   Thumb Code    86  os_time.o(.text)
    OS_TmrDbgListAdd                         0x08006e9b   Thumb Code    34  os_tmr.o(.text)
    OSTmrCreate                              0x08006ed1   Thumb Code   166  os_tmr.o(.text)
    OS_TmrClr                                0x08006f77   Thumb Code    34  os_tmr.o(.text)
    OS_TmrUnlink                             0x08006f99   Thumb Code    58  os_tmr.o(.text)
    OS_TmrDbgListRemove                      0x08006fd3   Thumb Code    44  os_tmr.o(.text)
    OSTmrDel                                 0x08006fff   Thumb Code   182  os_tmr.o(.text)
    OSTmrRemainGet                           0x080070b5   Thumb Code   154  os_tmr.o(.text)
    OSTmrStart                               0x0800714f   Thumb Code   240  os_tmr.o(.text)
    OSTmrStateGet                            0x0800723f   Thumb Code   140  os_tmr.o(.text)
    OSTmrStop                                0x080072cb   Thumb Code   222  os_tmr.o(.text)
    OS_TmrTask                               0x080073a9   Thumb Code   134  os_tmr.o(.text)
    OS_TmrInit                               0x0800742f   Thumb Code   202  os_tmr.o(.text)
    OS_TmrResetPeak                          0x080074f9   Thumb Code     2  os_tmr.o(.text)
    ASCII_IsAlpha                            0x0800756d   Thumb Code    48  lib_ascii.o(.text)
    ASCII_IsAlphaNum                         0x0800759d   Thumb Code    76  lib_ascii.o(.text)
    ASCII_IsLower                            0x080075e9   Thumb Code    20  lib_ascii.o(.text)
    ASCII_IsUpper                            0x080075fd   Thumb Code    20  lib_ascii.o(.text)
    ASCII_IsDig                              0x08007611   Thumb Code    20  lib_ascii.o(.text)
    ASCII_IsDigOct                           0x08007625   Thumb Code    20  lib_ascii.o(.text)
    ASCII_IsDigHex                           0x08007639   Thumb Code    36  lib_ascii.o(.text)
    ASCII_IsBlank                            0x0800765d   Thumb Code    20  lib_ascii.o(.text)
    ASCII_IsSpace                            0x08007671   Thumb Code    36  lib_ascii.o(.text)
    ASCII_IsPrint                            0x08007695   Thumb Code    20  lib_ascii.o(.text)
    ASCII_IsGraph                            0x080076a9   Thumb Code    20  lib_ascii.o(.text)
    ASCII_IsPunct                            0x080076bd   Thumb Code   134  lib_ascii.o(.text)
    ASCII_IsCtrl                             0x08007743   Thumb Code    26  lib_ascii.o(.text)
    ASCII_ToLower                            0x0800775d   Thumb Code    32  lib_ascii.o(.text)
    ASCII_ToUpper                            0x0800777d   Thumb Code    32  lib_ascii.o(.text)
    ASCII_Cmp                                0x0800779d   Thumb Code    38  lib_ascii.o(.text)
    Mem_Init                                 0x080077c5   Thumb Code    54  lib_mem.o(.text)
    Mem_Set                                  0x080077fb   Thumb Code    84  lib_mem.o(.text)
    Mem_Clr                                  0x0800784f   Thumb Code    18  lib_mem.o(.text)
    Mem_Move                                 0x08007861   Thumb Code   186  lib_mem.o(.text)
    Mem_Cmp                                  0x0800791b   Thumb Code   192  lib_mem.o(.text)
    Mem_HeapAlloc                            0x08007a53   Thumb Code   168  lib_mem.o(.text)
    Mem_SegGetSizeRem                        0x08007afb   Thumb Code   108  lib_mem.o(.text)
    Mem_HeapGetSizeRem                       0x08007b67   Thumb Code    22  lib_mem.o(.text)
    Mem_PoolClr                              0x08007b7d   Thumb Code    80  lib_mem.o(.text)
    Mem_PoolCreate                           0x08007bcd   Thumb Code   838  lib_mem.o(.text)
    Mem_PoolBlkGetNbrAvail                   0x08007f13   Thumb Code    52  lib_mem.o(.text)
    Mem_PoolBlkGet                           0x08007f47   Thumb Code   126  lib_mem.o(.text)
    Mem_PoolBlkGetUsedAtIx                   0x08007fc5   Thumb Code   140  lib_mem.o(.text)
    Mem_PoolBlkFree                          0x08008051   Thumb Code   152  lib_mem.o(.text)
    Mem_PoolBlkIxGet                         0x080080e9   Thumb Code   162  lib_mem.o(.text)
    Str_Len_N                                0x0800818d   Thumb Code    28  lib_str.o(.text)
    Str_Len                                  0x080081a9   Thumb Code    20  lib_str.o(.text)
    Str_Copy_N                               0x080081bd   Thumb Code    70  lib_str.o(.text)
    Str_Copy                                 0x08008203   Thumb Code    24  lib_str.o(.text)
    Str_Cat_N                                0x0800821b   Thumb Code    90  lib_str.o(.text)
    Str_Cat                                  0x08008275   Thumb Code    24  lib_str.o(.text)
    Str_Cmp_N                                0x0800828d   Thumb Code   156  lib_str.o(.text)
    Str_Cmp                                  0x08008329   Thumb Code    24  lib_str.o(.text)
    Str_CmpIgnoreCase_N                      0x08008341   Thumb Code   264  lib_str.o(.text)
    Str_CmpIgnoreCase                        0x08008449   Thumb Code    24  lib_str.o(.text)
    Str_Char_N                               0x08008461   Thumb Code    74  lib_str.o(.text)
    Str_Char                                 0x080084ab   Thumb Code    24  lib_str.o(.text)
    Str_Char_Last_N                          0x080084c3   Thumb Code    76  lib_str.o(.text)
    Str_Char_Last                            0x0800850f   Thumb Code    24  lib_str.o(.text)
    Str_Char_Replace_N                       0x08008527   Thumb Code    52  lib_str.o(.text)
    Str_Char_Replace                         0x0800855b   Thumb Code    28  lib_str.o(.text)
    Str_Str_N                                0x08008577   Thumb Code   182  lib_str.o(.text)
    Str_Str                                  0x0800862d   Thumb Code    24  lib_str.o(.text)
    Str_FmtNbr_Int32U                        0x08008821   Thumb Code    46  lib_str.o(.text)
    Str_FmtNbr_Int32S                        0x0800884f   Thumb Code    62  lib_str.o(.text)
    Str_ParseNbr_Int32U                      0x08008a4b   Thumb Code    30  lib_str.o(.text)
    Str_ParseNbr_Int32S                      0x08008a69   Thumb Code    74  lib_str.o(.text)
    Mem_Copy                                 0x08008ab9   Thumb Code     0  lib_mem_a.o(.text)
    OSIdleTaskHook                           0x08008cd9   Thumb Code    16  os_cpu_c.o(.text)
    OSInitHook                               0x08008ce9   Thumb Code    28  os_cpu_c.o(.text)
    OSStatTaskHook                           0x08008d05   Thumb Code    16  os_cpu_c.o(.text)
    OSTaskCreateHook                         0x08008d15   Thumb Code    20  os_cpu_c.o(.text)
    OSTaskDelHook                            0x08008d29   Thumb Code    20  os_cpu_c.o(.text)
    OSTaskReturnHook                         0x08008d3d   Thumb Code    20  os_cpu_c.o(.text)
    OSTaskStkInit                            0x08008d51   Thumb Code   600  os_cpu_c.o(.text)
    OSTaskSwHook                             0x08008fa9   Thumb Code   120  os_cpu_c.o(.text)
    OSTimeTickHook                           0x08009021   Thumb Code    16  os_cpu_c.o(.text)
    OS_CPU_SysTickHandler                    0x08009031   Thumb Code    52  os_cpu_c.o(.text)
    OS_CPU_SysTickInit                       0x08009065   Thumb Code    44  os_cpu_c.o(.text)
    __use_no_semihosting                     0x080090d1   Thumb Code     2  use_no_semi_2.o(.text)
    __aeabi_uldivmod                         0x080090d3   Thumb Code     0  lludivv7m.o(.text)
    _ll_udiv                                 0x080090d3   Thumb Code   238  lludivv7m.o(.text)
    __2printf                                0x080091c1   Thumb Code    20  noretval__2printf.o(.text)
    __printf                                 0x080091d9   Thumb Code   270  __printf_wp.o(.text)
    __use_two_region_memory                  0x080092e7   Thumb Code     2  heapauxi.o(.text)
    __rt_heap_escrow$2region                 0x080092e9   Thumb Code     2  heapauxi.o(.text)
    __rt_heap_expand$2region                 0x080092eb   Thumb Code     2  heapauxi.o(.text)
    __I$use$semihosting                      0x080092ed   Thumb Code     0  use_no_semi.o(.text)
    __use_no_semihosting_swi                 0x080092ed   Thumb Code     2  use_no_semi.o(.text)
    __lib_sel_fp_printf                      0x080092ef   Thumb Code     2  _printf_fp_dec.o(.text)
    _printf_fp_dec_real                      0x080094a1   Thumb Code   620  _printf_fp_dec.o(.text)
    _printf_char_file                        0x0800970d   Thumb Code    32  _printf_char_file.o(.text)
    __rt_locale                              0x08009731   Thumb Code     8  rt_locale_intlibspace.o(.text)
    _ll_udiv10                               0x08009739   Thumb Code   138  lludiv10.o(.text)
    _printf_char_common                      0x080097cf   Thumb Code    32  _printf_char_common.o(.text)
    _printf_fp_infnan                        0x080097f5   Thumb Code   112  _printf_fp_infnan.o(.text)
    _btod_etento                             0x08009875   Thumb Code   224  bigflt0.o(.text)
    ferror                                   0x08009959   Thumb Code     8  ferror.o(.text)
    __user_libspace                          0x08009961   Thumb Code     8  libspace.o(.text)
    __user_perproc_libspace                  0x08009961   Thumb Code     0  libspace.o(.text)
    __user_perthread_libspace                0x08009961   Thumb Code     0  libspace.o(.text)
    __user_setup_stackheap                   0x08009969   Thumb Code    74  sys_stackheap_outer.o(.text)
    exit                                     0x080099b3   Thumb Code    18  exit.o(.text)
    strcmp                                   0x080099c5   Thumb Code   128  strcmpv7m.o(.text)
    _btod_d2e                                0x08009a45   Thumb Code    62  btod.o(CL$$btod_d2e)
    _d2e_denorm_low                          0x08009a83   Thumb Code    70  btod.o(CL$$btod_d2e_denorm_low)
    _d2e_norm_op1                            0x08009ac9   Thumb Code    96  btod.o(CL$$btod_d2e_norm_op1)
    __btod_div_common                        0x08009b29   Thumb Code   696  btod.o(CL$$btod_div_common)
    _e2e                                     0x08009e61   Thumb Code   220  btod.o(CL$$btod_e2e)
    _btod_ediv                               0x08009f3d   Thumb Code    42  btod.o(CL$$btod_ediv)
    _btod_emul                               0x08009f67   Thumb Code    42  btod.o(CL$$btod_emul)
    __btod_mult_common                       0x08009f91   Thumb Code   580  btod.o(CL$$btod_mult_common)
    OSStartHighRdy                           0x0800a1d5   Thumb Code     0  os_cpu_a.o(CODE)
    OSCtxSw                                  0x0800a1f7   Thumb Code     0  os_cpu_a.o(CODE)
    OSIntCtxSw                               0x0800a201   Thumb Code     0  os_cpu_a.o(CODE)
    PendSV_Handler                           0x0800a20b   Thumb Code     0  os_cpu_a.o(CODE)
    __ARM_fpclassify                         0x0800a281   Thumb Code    48  fpclassify.o(i.__ARM_fpclassify)
    _is_digit                                0x0800a2b1   Thumb Code    14  __printf_wp.o(i._is_digit)
    _get_lc_numeric                          0x0800a2c1   Thumb Code    44  lc_numeric_c.o(locale$$code)
    __fpl_dretinf                            0x0800a2ed   Thumb Code    12  dretinf.o(x$fpl$dretinf)
    __aeabi_f2d                              0x0800a2f9   Thumb Code     0  f2d.o(x$fpl$f2d)
    _f2d                                     0x0800a2f9   Thumb Code    86  f2d.o(x$fpl$f2d)
    __fpl_fnaninf                            0x0800a34f   Thumb Code   140  fnaninf.o(x$fpl$fnaninf)
    _fp_init                                 0x0800a3db   Thumb Code    10  fpinit.o(x$fpl$fpinit)
    __fplib_config_fpu_vfp                   0x0800a3e3   Thumb Code     0  fpinit.o(x$fpl$fpinit)
    __fplib_config_pureend_doubles           0x0800a3e3   Thumb Code     0  fpinit.o(x$fpl$fpinit)
    _printf_fp_dec                           0x0800a3e5   Thumb Code     4  printf1.o(x$fpl$printf1)
    __I$use$fp                               0x0800a3e8   Number         0  usenofp.o(x$fpl$usenofp)
    CPU_EndiannessTest                       0x0800a4e8   Data           4  cpu_core.o(.constdata)
    OSCfg_IdleTaskStkBasePtr                 0x0800a4ec   Data           4  os_cfg_app.o(.constdata)
    OSCfg_IdleTaskStkLimit                   0x0800a4f0   Data           4  os_cfg_app.o(.constdata)
    OSCfg_IdleTaskStkSize                    0x0800a4f4   Data           4  os_cfg_app.o(.constdata)
    OSCfg_IdleTaskStkSizeRAM                 0x0800a4f8   Data           4  os_cfg_app.o(.constdata)
    OSCfg_IntQBasePtr                        0x0800a4fc   Data           4  os_cfg_app.o(.constdata)
    OSCfg_IntQSize                           0x0800a500   Data           2  os_cfg_app.o(.constdata)
    OSCfg_IntQSizeRAM                        0x0800a504   Data           4  os_cfg_app.o(.constdata)
    OSCfg_IntQTaskStkBasePtr                 0x0800a508   Data           4  os_cfg_app.o(.constdata)
    OSCfg_IntQTaskStkLimit                   0x0800a50c   Data           4  os_cfg_app.o(.constdata)
    OSCfg_IntQTaskStkSize                    0x0800a510   Data           4  os_cfg_app.o(.constdata)
    OSCfg_IntQTaskStkSizeRAM                 0x0800a514   Data           4  os_cfg_app.o(.constdata)
    OSCfg_ISRStkBasePtr                      0x0800a518   Data           4  os_cfg_app.o(.constdata)
    OSCfg_ISRStkSize                         0x0800a51c   Data           4  os_cfg_app.o(.constdata)
    OSCfg_ISRStkSizeRAM                      0x0800a520   Data           4  os_cfg_app.o(.constdata)
    OSCfg_MsgPoolSize                        0x0800a524   Data           2  os_cfg_app.o(.constdata)
    OSCfg_MsgPoolSizeRAM                     0x0800a528   Data           4  os_cfg_app.o(.constdata)
    OSCfg_MsgPoolBasePtr                     0x0800a52c   Data           4  os_cfg_app.o(.constdata)
    OSCfg_StatTaskPrio                       0x0800a530   Data           1  os_cfg_app.o(.constdata)
    OSCfg_StatTaskRate_Hz                    0x0800a534   Data           4  os_cfg_app.o(.constdata)
    OSCfg_StatTaskStkBasePtr                 0x0800a538   Data           4  os_cfg_app.o(.constdata)
    OSCfg_StatTaskStkLimit                   0x0800a53c   Data           4  os_cfg_app.o(.constdata)
    OSCfg_StatTaskStkSize                    0x0800a540   Data           4  os_cfg_app.o(.constdata)
    OSCfg_StatTaskStkSizeRAM                 0x0800a544   Data           4  os_cfg_app.o(.constdata)
    OSCfg_StkSizeMin                         0x0800a548   Data           4  os_cfg_app.o(.constdata)
    OSCfg_TickRate_Hz                        0x0800a54c   Data           4  os_cfg_app.o(.constdata)
    OSCfg_TickTaskPrio                       0x0800a550   Data           1  os_cfg_app.o(.constdata)
    OSCfg_TickTaskStkBasePtr                 0x0800a554   Data           4  os_cfg_app.o(.constdata)
    OSCfg_TickTaskStkLimit                   0x0800a558   Data           4  os_cfg_app.o(.constdata)
    OSCfg_TickTaskStkSize                    0x0800a55c   Data           4  os_cfg_app.o(.constdata)
    OSCfg_TickTaskStkSizeRAM                 0x0800a560   Data           4  os_cfg_app.o(.constdata)
    OSCfg_TmrTaskPrio                        0x0800a564   Data           1  os_cfg_app.o(.constdata)
    OSCfg_TmrTaskRate_Hz                     0x0800a568   Data           4  os_cfg_app.o(.constdata)
    OSCfg_TmrTaskStkBasePtr                  0x0800a56c   Data           4  os_cfg_app.o(.constdata)
    OSCfg_TmrTaskStkLimit                    0x0800a570   Data           4  os_cfg_app.o(.constdata)
    OSCfg_TmrTaskStkSize                     0x0800a574   Data           4  os_cfg_app.o(.constdata)
    OSCfg_TmrTaskStkSizeRAM                  0x0800a578   Data           4  os_cfg_app.o(.constdata)
    OSCfg_DataSizeRAM                        0x0800a57c   Data           4  os_cfg_app.o(.constdata)
    OSDbg_DbgEn                              0x0800a580   Data           1  os_dbg.o(.constdata)
    OSDbg_ArgChkEn                           0x0800a581   Data           1  os_dbg.o(.constdata)
    OSDbg_AppHooksEn                         0x0800a582   Data           1  os_dbg.o(.constdata)
    OSDbg_EndiannessTest                     0x0800a584   Data           4  os_dbg.o(.constdata)
    OSDbg_CalledFromISRChkEn                 0x0800a588   Data           1  os_dbg.o(.constdata)
    OSDbg_FlagEn                             0x0800a589   Data           1  os_dbg.o(.constdata)
    OSDbg_FlagGrp                            0x0800a58c   Data          40  os_dbg.o(.constdata)
    OSDbg_FlagDelEn                          0x0800a5b4   Data           1  os_dbg.o(.constdata)
    OSDbg_FlagModeClrEn                      0x0800a5b5   Data           1  os_dbg.o(.constdata)
    OSDbg_FlagPendAbortEn                    0x0800a5b6   Data           1  os_dbg.o(.constdata)
    OSDbg_FlagGrpSize                        0x0800a5b8   Data           2  os_dbg.o(.constdata)
    OSDbg_FlagWidth                          0x0800a5ba   Data           2  os_dbg.o(.constdata)
    OSDbg_IntQ                               0x0800a5bc   Data           2  os_dbg.o(.constdata)
    OSDbg_ISRPostDeferredEn                  0x0800a5be   Data           1  os_dbg.o(.constdata)
    OSDbg_Mem                                0x0800a5c0   Data          32  os_dbg.o(.constdata)
    OSDbg_MemEn                              0x0800a5e0   Data           1  os_dbg.o(.constdata)
    OSDbg_MemSize                            0x0800a5e2   Data           2  os_dbg.o(.constdata)
    OSDbg_MsgEn                              0x0800a5e4   Data           1  os_dbg.o(.constdata)
    OSDbg_MsgSize                            0x0800a5e6   Data           2  os_dbg.o(.constdata)
    OSDbg_MsgPoolSize                        0x0800a5e8   Data           2  os_dbg.o(.constdata)
    OSDbg_MsgQSize                           0x0800a5ea   Data           2  os_dbg.o(.constdata)
    OSDbg_Mutex                              0x0800a5ec   Data          44  os_dbg.o(.constdata)
    OSDbg_MutexEn                            0x0800a618   Data           1  os_dbg.o(.constdata)
    OSDbg_MutexDelEn                         0x0800a619   Data           1  os_dbg.o(.constdata)
    OSDbg_MutexPendAbortEn                   0x0800a61a   Data           1  os_dbg.o(.constdata)
    OSDbg_MutexSize                          0x0800a61c   Data           2  os_dbg.o(.constdata)
    OSDbg_ObjTypeChkEn                       0x0800a61e   Data           1  os_dbg.o(.constdata)
    OSDbg_PendMultiEn                        0x0800a61f   Data           1  os_dbg.o(.constdata)
    OSDbg_PendDataSize                       0x0800a620   Data           2  os_dbg.o(.constdata)
    OSDbg_PendListSize                       0x0800a622   Data           2  os_dbg.o(.constdata)
    OSDbg_PendObjSize                        0x0800a624   Data           2  os_dbg.o(.constdata)
    OSDbg_PrioMax                            0x0800a626   Data           2  os_dbg.o(.constdata)
    OSDbg_PrioTblSize                        0x0800a628   Data           2  os_dbg.o(.constdata)
    OSDbg_PtrSize                            0x0800a62a   Data           2  os_dbg.o(.constdata)
    OSDbg_Q                                  0x0800a62c   Data          48  os_dbg.o(.constdata)
    OSDbg_QEn                                0x0800a65c   Data           1  os_dbg.o(.constdata)
    OSDbg_QDelEn                             0x0800a65d   Data           1  os_dbg.o(.constdata)
    OSDbg_QFlushEn                           0x0800a65e   Data           1  os_dbg.o(.constdata)
    OSDbg_QPendAbortEn                       0x0800a65f   Data           1  os_dbg.o(.constdata)
    OSDbg_QSize                              0x0800a660   Data           2  os_dbg.o(.constdata)
    OSDbg_SchedRoundRobinEn                  0x0800a662   Data           1  os_dbg.o(.constdata)
    OSDbg_Sem                                0x0800a664   Data          40  os_dbg.o(.constdata)
    OSDbg_SemEn                              0x0800a68c   Data           1  os_dbg.o(.constdata)
    OSDbg_SemDelEn                           0x0800a68d   Data           1  os_dbg.o(.constdata)
    OSDbg_SemPendAbortEn                     0x0800a68e   Data           1  os_dbg.o(.constdata)
    OSDbg_SemSetEn                           0x0800a68f   Data           1  os_dbg.o(.constdata)
    OSDbg_SemSize                            0x0800a690   Data           2  os_dbg.o(.constdata)
    OSDbg_RdyList                            0x0800a692   Data           2  os_dbg.o(.constdata)
    OSDbg_RdyListSize                        0x0800a694   Data           4  os_dbg.o(.constdata)
    OSDbg_StkWidth                           0x0800a698   Data           1  os_dbg.o(.constdata)
    OSDbg_StatTaskEn                         0x0800a699   Data           1  os_dbg.o(.constdata)
    OSDbg_StatTaskStkChkEn                   0x0800a69a   Data           1  os_dbg.o(.constdata)
    OSDbg_TaskChangePrioEn                   0x0800a69b   Data           1  os_dbg.o(.constdata)
    OSDbg_TaskDelEn                          0x0800a69c   Data           1  os_dbg.o(.constdata)
    OSDbg_TaskQEn                            0x0800a69d   Data           1  os_dbg.o(.constdata)
    OSDbg_TaskQPendAbortEn                   0x0800a69e   Data           1  os_dbg.o(.constdata)
    OSDbg_TaskProfileEn                      0x0800a69f   Data           1  os_dbg.o(.constdata)
    OSDbg_TaskRegTblSize                     0x0800a6a0   Data           2  os_dbg.o(.constdata)
    OSDbg_TaskSemPendAbortEn                 0x0800a6a2   Data           1  os_dbg.o(.constdata)
    OSDbg_TaskSuspendEn                      0x0800a6a3   Data           1  os_dbg.o(.constdata)
    OSDbg_TCBSize                            0x0800a6a4   Data           2  os_dbg.o(.constdata)
    OSDbg_TickListSize                       0x0800a6a6   Data           2  os_dbg.o(.constdata)
    OSDbg_TimeDlyHMSMEn                      0x0800a6a8   Data           1  os_dbg.o(.constdata)
    OSDbg_TimeDlyResumeEn                    0x0800a6a9   Data           1  os_dbg.o(.constdata)
    OSDbg_TLS_TblSize                        0x0800a6aa   Data           2  os_dbg.o(.constdata)
    OSDbg_Tmr                                0x0800a6ac   Data          48  os_dbg.o(.constdata)
    OSDbg_TmrEn                              0x0800a6dc   Data           1  os_dbg.o(.constdata)
    OSDbg_TmrDelEn                           0x0800a6dd   Data           1  os_dbg.o(.constdata)
    OSDbg_TmrSize                            0x0800a6de   Data           2  os_dbg.o(.constdata)
    OSDbg_VersionNbr                         0x0800a6e0   Data           2  os_dbg.o(.constdata)
    OSDbg_DataSize                           0x0800a6e4   Data           4  os_dbg.o(.constdata)
    Region$$Table$$Base                      0x0800a810   Number         0  anon$$obj.o(Region$$Table)
    Region$$Table$$Limit                     0x0800a830   Number         0  anon$$obj.o(Region$$Table)
    SystemCoreClock                          0x20000004   Data           4  system_stm32f4xx.o(.data)
    AHBPrescTable                            0x20000008   Data          16  system_stm32f4xx.o(.data)
    __stdout                                 0x2000002c   Data           4  usart.o(.data)
    USART_RX_STA                             0x20000030   Data           2  usart.o(.data)
    CPU_TS_TmrFreq_Hz                        0x20000034   Data           4  cpu_core.o(.data)
    OSPrioTbl                                0x20000038   Data           8  os_prio.o(.data)
    OS_AppTaskCreateHookPtr                  0x20000040   Data           4  os_var.o(.data)
    OS_AppTaskDelHookPtr                     0x20000044   Data           4  os_var.o(.data)
    OS_AppTaskReturnHookPtr                  0x20000048   Data           4  os_var.o(.data)
    OS_AppIdleTaskHookPtr                    0x2000004c   Data           4  os_var.o(.data)
    OS_AppStatTaskHookPtr                    0x20000050   Data           4  os_var.o(.data)
    OS_AppTaskSwHookPtr                      0x20000054   Data           4  os_var.o(.data)
    OS_AppTimeTickHookPtr                    0x20000058   Data           4  os_var.o(.data)
    OSIdleTaskCtr                            0x2000005c   Data           4  os_var.o(.data)
    OSIntNestingCtr                          0x20000060   Data           1  os_var.o(.data)
    OSRunning                                0x20000061   Data           1  os_var.o(.data)
    OSFlagDbgListPtr                         0x20000064   Data           4  os_var.o(.data)
    OSFlagQty                                0x20000068   Data           2  os_var.o(.data)
    OSMemDbgListPtr                          0x2000006c   Data           4  os_var.o(.data)
    OSMemQty                                 0x20000070   Data           2  os_var.o(.data)
    OSMutexDbgListPtr                        0x20000074   Data           4  os_var.o(.data)
    OSMutexQty                               0x20000078   Data           2  os_var.o(.data)
    OSPrioCur                                0x2000007a   Data           1  os_var.o(.data)
    OSPrioHighRdy                            0x2000007b   Data           1  os_var.o(.data)
    OSPrioSaved                              0x2000007c   Data           1  os_var.o(.data)
    OSQDbgListPtr                            0x20000080   Data           4  os_var.o(.data)
    OSQQty                                   0x20000084   Data           2  os_var.o(.data)
    OSSchedLockTimeBegin                     0x20000088   Data           4  os_var.o(.data)
    OSSchedLockTimeMax                       0x2000008c   Data           4  os_var.o(.data)
    OSSchedLockTimeMaxCur                    0x20000090   Data           4  os_var.o(.data)
    OSSchedLockNestingCtr                    0x20000094   Data           1  os_var.o(.data)
    OSSemDbgListPtr                          0x20000098   Data           4  os_var.o(.data)
    OSSemQty                                 0x2000009c   Data           2  os_var.o(.data)
    OSStatResetFlag                          0x2000009e   Data           1  os_var.o(.data)
    OSStatTaskCPUUsage                       0x200000a0   Data           2  os_var.o(.data)
    OSStatTaskCPUUsageMax                    0x200000a2   Data           2  os_var.o(.data)
    OSStatTaskCtr                            0x200000a4   Data           4  os_var.o(.data)
    OSStatTaskCtrMax                         0x200000a8   Data           4  os_var.o(.data)
    OSStatTaskCtrRun                         0x200000ac   Data           4  os_var.o(.data)
    OSStatTaskRdy                            0x200000b0   Data           1  os_var.o(.data)
    OSStatTaskTimeMax                        0x200000b4   Data           4  os_var.o(.data)
    OSTaskCtxSwCtr                           0x200000b8   Data           4  os_var.o(.data)
    OSTaskDbgListPtr                         0x200000bc   Data           4  os_var.o(.data)
    OSTaskQty                                0x200000c0   Data           2  os_var.o(.data)
    OSTaskRegNextAvailID                     0x200000c2   Data           1  os_var.o(.data)
    OSTickCtr                                0x200000c4   Data           4  os_var.o(.data)
    OSTickTaskTimeMax                        0x200000c8   Data           4  os_var.o(.data)
    OSTickListDly                            0x200000cc   Data           8  os_var.o(.data)
    OSTickListTimeout                        0x200000d4   Data           8  os_var.o(.data)
    OSTmrDbgListPtr                          0x200000dc   Data           4  os_var.o(.data)
    OSTmrListEntries                         0x200000e0   Data           2  os_var.o(.data)
    OSTmrListPtr                             0x200000e4   Data           4  os_var.o(.data)
    OSTmrQty                                 0x200000e8   Data           2  os_var.o(.data)
    OSTmrTaskTimeMax                         0x200000ec   Data           4  os_var.o(.data)
    OSTmrTickCtr                             0x200000f0   Data           4  os_var.o(.data)
    OSTmrUpdateCnt                           0x200000f4   Data           4  os_var.o(.data)
    OSTmrUpdateCtr                           0x200000f8   Data           4  os_var.o(.data)
    OSTCBCurPtr                              0x200000fc   Data           4  os_var.o(.data)
    OSTCBHighRdyPtr                          0x20000100   Data           4  os_var.o(.data)
    Mem_PoolTbl                              0x20000104   Data           4  lib_mem.o(.data)
    OS_CPU_ExceptStkBase                     0x20000108   Data           4  os_cpu_c.o(.data)
    StartTaskTCB                             0x20000110   Data         184  main.o(.bss)
    START_TASK_STK                           0x200001c8   Data        2048  main.o(.bss)
    Led0TaskTCB                              0x200009c8   Data         184  main.o(.bss)
    LED0_TASK_STK                            0x20000a80   Data         512  main.o(.bss)
    Led1TaskTCB                              0x20000c80   Data         184  main.o(.bss)
    LED1_TASK_STK                            0x20000d38   Data         512  main.o(.bss)
    FloatTaskTCB                             0x20000f38   Data         184  main.o(.bss)
    FLOAT_TASK_STK                           0x20000ff0   Data         512  main.o(.bss)
    CPU_Name                                 0x200011f0   Data          16  cpu_core.o(.bss)
    OSCfg_IdleTaskStk                        0x20001200   Data         512  os_cfg_app.o(.bss)
    OSCfg_ISRStk                             0x20001400   Data         512  os_cfg_app.o(.bss)
    OSCfg_MsgPool                            0x20001600   Data        1600  os_cfg_app.o(.bss)
    OSCfg_StatTaskStk                        0x20001c40   Data         512  os_cfg_app.o(.bss)
    OSCfg_TickTaskStk                        0x20001e40   Data         512  os_cfg_app.o(.bss)
    OSCfg_TmrTaskStk                         0x20002040   Data         512  os_cfg_app.o(.bss)
    OSIdleTaskTCB                            0x20002240   Data         184  os_var.o(.bss)
    OSMsgPool                                0x200022f8   Data          12  os_var.o(.bss)
    OSRdyList                                0x20002304   Data         768  os_var.o(.bss)
    OSStatTaskTCB                            0x20002604   Data         184  os_var.o(.bss)
    OSTickTaskTCB                            0x200026bc   Data         184  os_var.o(.bss)
    OSTmrMutex                               0x20002774   Data          44  os_var.o(.bss)
    OSTmrTaskTCB                             0x200027a0   Data         184  os_var.o(.bss)
    Mem_PoolHeap                             0x20002858   Data          72  lib_mem.o(.bss)
    Mem_Heap                                 0x200028a0   Data        1024  lib_mem.o(.bss)
    __libspace_start                         0x20002ca0   Data          96  libspace.o(.bss)
    __temporary_stack_top$libspace           0x20002d00   Data           0  libspace.o(.bss)



==============================================================================

Memory Map of the image

  Image Entry point : 0x08000189

  Load Region LR_IROM1 (Base: 0x08000000, Size: 0x0000a958, Max: 0x00100000, ABSOLUTE)

    Execution Region ER_IROM1 (Exec base: 0x08000000, Load base: 0x08000000, Size: 0x0000a84c, Max: 0x00100000, ABSOLUTE)

    Exec Addr    Load Addr    Size         Type   Attr      Idx    E Section Name        Object

    0x08000000   0x08000000   0x00000188   Data   RO          308    RESET               startup_stm32f40_41xxx.o
    0x08000188   0x08000188   0x00000008   Code   RO         1695  * !!!main             c_w.l(__main.o)
    0x08000190   0x08000190   0x00000034   Code   RO         2003    !!!scatter          c_w.l(__scatter.o)
    0x080001c4   0x080001c4   0x0000001a   Code   RO         2005    !!handler_copy      c_w.l(__scatter_copy.o)
    0x080001de   0x080001de   0x00000002   PAD
    0x080001e0   0x080001e0   0x0000001c   Code   RO         2007    !!handler_zi        c_w.l(__scatter_zi.o)
    0x080001fc   0x080001fc   0x00000000   Code   RO         1692    .ARM.Collect$$_printf_percent$$00000000  c_w.l(_printf_percent.o)
    0x080001fc   0x080001fc   0x00000006   Code   RO         1691    .ARM.Collect$$_printf_percent$$00000003  c_w.l(_printf_f.o)
    0x08000202   0x08000202   0x00000004   Code   RO         1762    .ARM.Collect$$_printf_percent$$00000017  c_w.l(_printf_percent_end.o)
    0x08000206   0x08000206   0x00000002   Code   RO         1880    .ARM.Collect$$libinit$$00000000  c_w.l(libinit.o)
    0x08000208   0x08000208   0x00000004   Code   RO         1881    .ARM.Collect$$libinit$$00000001  c_w.l(libinit2.o)
    0x0800020c   0x0800020c   0x00000000   Code   RO         1884    .ARM.Collect$$libinit$$00000004  c_w.l(libinit2.o)
    0x0800020c   0x0800020c   0x00000000   Code   RO         1887    .ARM.Collect$$libinit$$0000000A  c_w.l(libinit2.o)
    0x0800020c   0x0800020c   0x00000000   Code   RO         1889    .ARM.Collect$$libinit$$0000000C  c_w.l(libinit2.o)
    0x0800020c   0x0800020c   0x00000000   Code   RO         1891    .ARM.Collect$$libinit$$0000000E  c_w.l(libinit2.o)
    0x0800020c   0x0800020c   0x00000006   Code   RO         1892    .ARM.Collect$$libinit$$0000000F  c_w.l(libinit2.o)
    0x08000212   0x08000212   0x00000000   Code   RO         1894    .ARM.Collect$$libinit$$00000011  c_w.l(libinit2.o)
    0x08000212   0x08000212   0x00000000   Code   RO         1896    .ARM.Collect$$libinit$$00000013  c_w.l(libinit2.o)
    0x08000212   0x08000212   0x00000000   Code   RO         1898    .ARM.Collect$$libinit$$00000015  c_w.l(libinit2.o)
    0x08000212   0x08000212   0x0000000a   Code   RO         1899    .ARM.Collect$$libinit$$00000016  c_w.l(libinit2.o)
    0x0800021c   0x0800021c   0x00000000   Code   RO         1900    .ARM.Collect$$libinit$$00000017  c_w.l(libinit2.o)
    0x0800021c   0x0800021c   0x00000000   Code   RO         1902    .ARM.Collect$$libinit$$00000019  c_w.l(libinit2.o)
    0x0800021c   0x0800021c   0x00000000   Code   RO         1904    .ARM.Collect$$libinit$$0000001B  c_w.l(libinit2.o)
    0x0800021c   0x0800021c   0x00000000   Code   RO         1906    .ARM.Collect$$libinit$$0000001D  c_w.l(libinit2.o)
    0x0800021c   0x0800021c   0x00000000   Code   RO         1908    .ARM.Collect$$libinit$$0000001F  c_w.l(libinit2.o)
    0x0800021c   0x0800021c   0x00000000   Code   RO         1910    .ARM.Collect$$libinit$$00000021  c_w.l(libinit2.o)
    0x0800021c   0x0800021c   0x00000000   Code   RO         1912    .ARM.Collect$$libinit$$00000023  c_w.l(libinit2.o)
    0x0800021c   0x0800021c   0x00000000   Code   RO         1914    .ARM.Collect$$libinit$$00000025  c_w.l(libinit2.o)
    0x0800021c   0x0800021c   0x00000000   Code   RO         1918    .ARM.Collect$$libinit$$0000002C  c_w.l(libinit2.o)
    0x0800021c   0x0800021c   0x00000000   Code   RO         1920    .ARM.Collect$$libinit$$0000002E  c_w.l(libinit2.o)
    0x0800021c   0x0800021c   0x00000000   Code   RO         1922    .ARM.Collect$$libinit$$00000030  c_w.l(libinit2.o)
    0x0800021c   0x0800021c   0x00000000   Code   RO         1924    .ARM.Collect$$libinit$$00000032  c_w.l(libinit2.o)
    0x0800021c   0x0800021c   0x00000002   Code   RO         1925    .ARM.Collect$$libinit$$00000033  c_w.l(libinit2.o)
    0x0800021e   0x0800021e   0x00000002   Code   RO         1967    .ARM.Collect$$libshutdown$$00000000  c_w.l(libshutdown.o)
    0x08000220   0x08000220   0x00000000   Code   RO         1986    .ARM.Collect$$libshutdown$$00000002  c_w.l(libshutdown2.o)
    0x08000220   0x08000220   0x00000000   Code   RO         1988    .ARM.Collect$$libshutdown$$00000004  c_w.l(libshutdown2.o)
    0x08000220   0x08000220   0x00000000   Code   RO         1991    .ARM.Collect$$libshutdown$$00000007  c_w.l(libshutdown2.o)
    0x08000220   0x08000220   0x00000000   Code   RO         1994    .ARM.Collect$$libshutdown$$0000000A  c_w.l(libshutdown2.o)
    0x08000220   0x08000220   0x00000000   Code   RO         1996    .ARM.Collect$$libshutdown$$0000000C  c_w.l(libshutdown2.o)
    0x08000220   0x08000220   0x00000000   Code   RO         1999    .ARM.Collect$$libshutdown$$0000000F  c_w.l(libshutdown2.o)
    0x08000220   0x08000220   0x00000002   Code   RO         2000    .ARM.Collect$$libshutdown$$00000010  c_w.l(libshutdown2.o)
    0x08000222   0x08000222   0x00000000   Code   RO         1751    .ARM.Collect$$rtentry$$00000000  c_w.l(__rtentry.o)
    0x08000222   0x08000222   0x00000000   Code   RO         1792    .ARM.Collect$$rtentry$$00000002  c_w.l(__rtentry2.o)
    0x08000222   0x08000222   0x00000006   Code   RO         1804    .ARM.Collect$$rtentry$$00000004  c_w.l(__rtentry4.o)
    0x08000228   0x08000228   0x00000000   Code   RO         1794    .ARM.Collect$$rtentry$$00000009  c_w.l(__rtentry2.o)
    0x08000228   0x08000228   0x00000004   Code   RO         1795    .ARM.Collect$$rtentry$$0000000A  c_w.l(__rtentry2.o)
    0x0800022c   0x0800022c   0x00000000   Code   RO         1797    .ARM.Collect$$rtentry$$0000000C  c_w.l(__rtentry2.o)
    0x0800022c   0x0800022c   0x00000008   Code   RO         1798    .ARM.Collect$$rtentry$$0000000D  c_w.l(__rtentry2.o)
    0x08000234   0x08000234   0x00000002   Code   RO         1926    .ARM.Collect$$rtexit$$00000000  c_w.l(rtexit.o)
    0x08000236   0x08000236   0x00000000   Code   RO         1939    .ARM.Collect$$rtexit$$00000002  c_w.l(rtexit2.o)
    0x08000236   0x08000236   0x00000004   Code   RO         1940    .ARM.Collect$$rtexit$$00000003  c_w.l(rtexit2.o)
    0x0800023a   0x0800023a   0x00000006   Code   RO         1941    .ARM.Collect$$rtexit$$00000004  c_w.l(rtexit2.o)
    0x08000240   0x08000240   0x00000298   Code   RO            3    .text               main.o
    0x080004d8   0x080004d8   0x00000016   Code   RO          233    .text               stm32f4xx_it.o
    0x080004ee   0x080004ee   0x00000002   PAD
    0x080004f0   0x080004f0   0x00000210   Code   RO          282    .text               system_stm32f4xx.o
    0x08000700   0x08000700   0x00000040   Code   RO          309    .text               startup_stm32f40_41xxx.o
    0x08000740   0x08000740   0x000000e0   Code   RO          315    .text               misc.o
    0x08000820   0x08000820   0x00000294   Code   RO          664    .text               stm32f4xx_gpio.o
    0x08000ab4   0x08000ab4   0x0000065c   Code   RO          827    .text               stm32f4xx_rcc.o
    0x08001110   0x08001110   0x00000454   Code   RO          992    .text               stm32f4xx_usart.o
    0x08001564   0x08001564   0x00000148   Code   RO         1032    .text               delay.o
    0x080016ac   0x080016ac   0x000000c8   Code   RO         1094    .text               usart.o
    0x08001774   0x08001774   0x000000dc   Code   RO         1125    .text               init.o
    0x08001850   0x08001850   0x00000084   Code   RO         1253    .text               bsp.o
    0x080018d4   0x080018d4   0x000002a8   Code   RO         1296    .text               cpu_core.o
    0x08001b7c   0x08001b7c   0x00000034   Code   RO         1328    .text               cpu_a.o
    0x08001bb0   0x08001bb0   0x00000002   Code   RO         1331    .text               os_cfg_app.o
    0x08001bb2   0x08001bb2   0x00000002   PAD
    0x08001bb4   0x08001bb4   0x00000b92   Code   RO         1354    .text               os_core.o
    0x08002746   0x08002746   0x00000002   PAD
    0x08002748   0x08002748   0x000001a8   Code   RO         1366    .text               os_dbg.o
    0x080028f0   0x080028f0   0x00000aec   Code   RO         1381    .text               os_flag.o
    0x080033dc   0x080033dc   0x000001fc   Code   RO         1399    .text               os_mem.o
    0x080035d8   0x080035d8   0x00000228   Code   RO         1411    .text               os_msg.o
    0x08003800   0x08003800   0x0000078c   Code   RO         1423    .text               os_mutex.o
    0x08003f8c   0x08003f8c   0x0000007c   Code   RO         1441    .text               os_prio.o
    0x08004008   0x08004008   0x000006d8   Code   RO         1460    .text               os_q.o
    0x080046e0   0x080046e0   0x000006e8   Code   RO         1472    .text               os_sem.o
    0x08004dc8   0x08004dc8   0x000005a8   Code   RO         1484    .text               os_stat.o
    0x08005370   0x08005370   0x000012c8   Code   RO         1496    .text               os_task.o
    0x08006638   0x08006638   0x00000428   Code   RO         1508    .text               os_tick.o
    0x08006a60   0x08006a60   0x0000042c   Code   RO         1520    .text               os_time.o
    0x08006e8c   0x08006e8c   0x000006e0   Code   RO         1532    .text               os_tmr.o
    0x0800756c   0x0800756c   0x00000256   Code   RO         1558    .text               lib_ascii.o
    0x080077c2   0x080077c2   0x00000002   PAD
    0x080077c4   0x080077c4   0x000009c6   Code   RO         1591    .text               lib_mem.o
    0x0800818a   0x0800818a   0x00000002   PAD
    0x0800818c   0x0800818c   0x0000092c   Code   RO         1610    .text               lib_str.o
    0x08008ab8   0x08008ab8   0x00000220   Code   RO         1627    .text               lib_mem_a.o
    0x08008cd8   0x08008cd8   0x000003f8   Code   RO         1635    .text               os_cpu_c.o
    0x080090d0   0x080090d0   0x00000002   Code   RO         1661    .text               c_w.l(use_no_semi_2.o)
    0x080090d2   0x080090d2   0x000000ee   Code   RO         1663    .text               c_w.l(lludivv7m.o)
    0x080091c0   0x080091c0   0x00000018   Code   RO         1667    .text               c_w.l(noretval__2printf.o)
    0x080091d8   0x080091d8   0x0000010e   Code   RO         1679    .text               c_w.l(__printf_wp.o)
    0x080092e6   0x080092e6   0x00000006   Code   RO         1693    .text               c_w.l(heapauxi.o)
    0x080092ec   0x080092ec   0x00000002   Code   RO         1749    .text               c_w.l(use_no_semi.o)
    0x080092ee   0x080092ee   0x0000041e   Code   RO         1758    .text               c_w.l(_printf_fp_dec.o)
    0x0800970c   0x0800970c   0x00000024   Code   RO         1760    .text               c_w.l(_printf_char_file.o)
    0x08009730   0x08009730   0x00000008   Code   RO         1811    .text               c_w.l(rt_locale_intlibspace.o)
    0x08009738   0x08009738   0x0000008a   Code   RO         1818    .text               c_w.l(lludiv10.o)
    0x080097c2   0x080097c2   0x00000002   PAD
    0x080097c4   0x080097c4   0x00000030   Code   RO         1820    .text               c_w.l(_printf_char_common.o)
    0x080097f4   0x080097f4   0x00000080   Code   RO         1822    .text               c_w.l(_printf_fp_infnan.o)
    0x08009874   0x08009874   0x000000e4   Code   RO         1824    .text               c_w.l(bigflt0.o)
    0x08009958   0x08009958   0x00000008   Code   RO         1849    .text               c_w.l(ferror.o)
    0x08009960   0x08009960   0x00000008   Code   RO         1860    .text               c_w.l(libspace.o)
    0x08009968   0x08009968   0x0000004a   Code   RO         1863    .text               c_w.l(sys_stackheap_outer.o)
    0x080099b2   0x080099b2   0x00000012   Code   RO         1867    .text               c_w.l(exit.o)
    0x080099c4   0x080099c4   0x00000080   Code   RO         1873    .text               c_w.l(strcmpv7m.o)
    0x08009a44   0x08009a44   0x0000003e   Code   RO         1827    CL$$btod_d2e        c_w.l(btod.o)
    0x08009a82   0x08009a82   0x00000046   Code   RO         1829    CL$$btod_d2e_denorm_low  c_w.l(btod.o)
    0x08009ac8   0x08009ac8   0x00000060   Code   RO         1828    CL$$btod_d2e_norm_op1  c_w.l(btod.o)
    0x08009b28   0x08009b28   0x00000338   Code   RO         1837    CL$$btod_div_common  c_w.l(btod.o)
    0x08009e60   0x08009e60   0x000000dc   Code   RO         1834    CL$$btod_e2e        c_w.l(btod.o)
    0x08009f3c   0x08009f3c   0x0000002a   Code   RO         1831    CL$$btod_ediv       c_w.l(btod.o)
    0x08009f66   0x08009f66   0x0000002a   Code   RO         1830    CL$$btod_emul       c_w.l(btod.o)
    0x08009f90   0x08009f90   0x00000244   Code   RO         1836    CL$$btod_mult_common  c_w.l(btod.o)
    0x0800a1d4   0x0800a1d4   0x000000ac   Code   RO         1630    CODE                os_cpu_a.o
    0x0800a280   0x0800a280   0x00000030   Code   RO         1858    i.__ARM_fpclassify  m_wm.l(fpclassify.o)
    0x0800a2b0   0x0800a2b0   0x0000000e   Code   RO         1681    i._is_digit         c_w.l(__printf_wp.o)
    0x0800a2be   0x0800a2be   0x00000002   PAD
    0x0800a2c0   0x0800a2c0   0x0000002c   Code   RO         1854    locale$$code        c_w.l(lc_numeric_c.o)
    0x0800a2ec   0x0800a2ec   0x0000000c   Code   RO         1765    x$fpl$dretinf       fz_wm.l(dretinf.o)
    0x0800a2f8   0x0800a2f8   0x00000056   Code   RO         1721    x$fpl$f2d           fz_wm.l(f2d.o)
    0x0800a34e   0x0800a34e   0x0000008c   Code   RO         1767    x$fpl$fnaninf       fz_wm.l(fnaninf.o)
    0x0800a3da   0x0800a3da   0x0000000a   Code   RO         1936    x$fpl$fpinit        fz_wm.l(fpinit.o)
    0x0800a3e4   0x0800a3e4   0x00000004   Code   RO         1723    x$fpl$printf1       fz_wm.l(printf1.o)
    0x0800a3e8   0x0800a3e8   0x00000000   Code   RO         1771    x$fpl$usenofp       fz_wm.l(usenofp.o)
    0x0800a3e8   0x0800a3e8   0x00000104   Data   RO         1298    .constdata          cpu_core.o
    0x0800a4ec   0x0800a4ec   0x00000094   Data   RO         1333    .constdata          os_cfg_app.o
    0x0800a580   0x0800a580   0x00000168   Data   RO         1367    .constdata          os_dbg.o
    0x0800a6e8   0x0800a6e8   0x00000094   Data   RO         1611    .constdata          lib_str.o
    0x0800a77c   0x0800a77c   0x00000094   Data   RO         1825    .constdata          c_w.l(bigflt0.o)
    0x0800a810   0x0800a810   0x00000020   Data   RO         2001    Region$$Table       anon$$obj.o
    0x0800a830   0x0800a830   0x0000001c   Data   RO         1853    locale$$data        c_w.l(lc_numeric_c.o)


    Execution Region RW_IRAM1 (Exec base: 0x20000000, Load base: 0x0800a84c, Size: 0x00003300, Max: 0x00020000, ABSOLUTE)

    Exec Addr    Load Addr    Size         Type   Attr      Idx    E Section Name        Object

    0x20000000   0x0800a84c   0x00000004   Data   RW            5    .data               main.o
    0x20000004   0x0800a850   0x00000014   Data   RW          283    .data               system_stm32f4xx.o
    0x20000018   0x0800a864   0x00000010   Data   RW          828    .data               stm32f4xx_rcc.o
    0x20000028   0x0800a874   0x00000004   Data   RW         1033    .data               delay.o
    0x2000002c   0x0800a878   0x00000006   Data   RW         1096    .data               usart.o
    0x20000032   0x0800a87e   0x00000002   PAD
    0x20000034   0x0800a880   0x00000004   Data   RW         1299    .data               cpu_core.o
    0x20000038   0x0800a884   0x00000008   Data   RW         1442    .data               os_prio.o
    0x20000040   0x0800a88c   0x000000c4   Data   RW         1545    .data               os_var.o
    0x20000104   0x0800a950   0x00000004   Data   RW         1593    .data               lib_mem.o
    0x20000108   0x0800a954   0x00000004   Data   RW         1636    .data               os_cpu_c.o
    0x2000010c   0x0800a958   0x00000004   PAD
    0x20000110        -       0x000010e0   Zero   RW            4    .bss                main.o
    0x200011f0        -       0x00000010   Zero   RW         1297    .bss                cpu_core.o
    0x20001200        -       0x00001040   Zero   RW         1332    .bss                os_cfg_app.o
    0x20002240        -       0x00000618   Zero   RW         1544    .bss                os_var.o
    0x20002858        -       0x00000448   Zero   RW         1592    .bss                lib_mem.o
    0x20002ca0        -       0x00000060   Zero   RW         1861    .bss                c_w.l(libspace.o)
    0x20002d00        -       0x00000200   Zero   RW          307    HEAP                startup_stm32f40_41xxx.o
    0x20002f00        -       0x00000400   Zero   RW          306    STACK               startup_stm32f40_41xxx.o


==============================================================================

Image component sizes


      Code (inc. data)   RO Data    RW Data    ZI Data      Debug   Object Name

       132         14          0          0          0      10456   bsp.o
        52          0          0          0          0        348   cpu_a.o
       680         14        260          4         16       7091   cpu_core.o
       328         24          0          4          0       1917   delay.o
       220         10          0          0          0       1500   init.o
       598          0          0          0          0       3988   lib_ascii.o
      2502         32          0          4       1096      22476   lib_mem.o
       544          0          0          0          0        492   lib_mem_a.o
      2348          6        148          0          0      13970   lib_str.o
       664        126          0          4       4320     302218   main.o
       224         20          0          0          0       1845   misc.o
         2          0        148          0       4160      19315   os_cfg_app.o
      2962        212          0          0          0      11157   os_core.o
       172         32          0          0          0        416   os_cpu_a.o
      1016         64          0          4          0       4173   os_cpu_c.o
       424        278        360          0          0       4805   os_dbg.o
      2796         86          0          0          0       8027   os_flag.o
       508         16          0          0          0       2928   os_mem.o
       552         14          0          0          0       2790   os_msg.o
      1932         84          0          0          0       5554   os_mutex.o
       124          4          0          8          0       1980   os_prio.o
      1752         58          0          0          0       6440   os_q.o
      1768         58          0          0          0       6496   os_sem.o
      1448        150          0          0          0       2857   os_stat.o
      4808        176          0          0          0      13242   os_task.o
      1064         66          0          0          0       3892   os_tick.o
      1068         44          0          0          0       3253   os_time.o
      1760        156          0          0          0       6359   os_tmr.o
         0          0          0        196       1560      17876   os_var.o
        64         26        392          0       1536        844   startup_stm32f40_41xxx.o
       660         44          0          0          0       4185   stm32f4xx_gpio.o
        22          0          0          0          0       1047   stm32f4xx_it.o
      1628         52          0         16          0      13076   stm32f4xx_rcc.o
      1108         34          0          0          0       7912   stm32f4xx_usart.o
       528         46          0         20          0       1819   system_stm32f4xx.o
       200         10          0          6          0       3120   usart.o

    ----------------------------------------------------------------------
     36668       1956       1340        268      12692     519864   Object Totals
         0          0         32          0          0          0   (incl. Generated)
        10          0          0          2          4          0   (incl. Padding)

    ----------------------------------------------------------------------

      Code (inc. data)   RO Data    RW Data    ZI Data      Debug   Library Member Name

         8          0          0          0          0         68   __main.o
       284          0          0          0          0        156   __printf_wp.o
         0          0          0          0          0          0   __rtentry.o
        12          0          0          0          0          0   __rtentry2.o
         6          0          0          0          0          0   __rtentry4.o
        52          8          0          0          0          0   __scatter.o
        26          0          0          0          0          0   __scatter_copy.o
        28          0          0          0          0          0   __scatter_zi.o
        48          6          0          0          0         96   _printf_char_common.o
        36          4          0          0          0         80   _printf_char_file.o
         6          0          0          0          0          0   _printf_f.o
      1054          0          0          0          0        216   _printf_fp_dec.o
       128         16          0          0          0         84   _printf_fp_infnan.o
         0          0          0          0          0          0   _printf_percent.o
         4          0          0          0          0          0   _printf_percent_end.o
       228          4        148          0          0         96   bigflt0.o
      1936        128          0          0          0        672   btod.o
        18          0          0          0          0         80   exit.o
         8          0          0          0          0         68   ferror.o
         6          0          0          0          0        152   heapauxi.o
        44         10         28          0          0         76   lc_numeric_c.o
         2          0          0          0          0          0   libinit.o
        22          0          0          0          0          0   libinit2.o
         2          0          0          0          0          0   libshutdown.o
         2          0          0          0          0          0   libshutdown2.o
         8          4          0          0         96         68   libspace.o
       138          0          0          0          0         80   lludiv10.o
       238          0          0          0          0        100   lludivv7m.o
        24          4          0          0          0         84   noretval__2printf.o
         8          4          0          0          0         68   rt_locale_intlibspace.o
         2          0          0          0          0          0   rtexit.o
        10          0          0          0          0          0   rtexit2.o
       128          0          0          0          0         68   strcmpv7m.o
        74          0          0          0          0         80   sys_stackheap_outer.o
         2          0          0          0          0         68   use_no_semi.o
         2          0          0          0          0         68   use_no_semi_2.o
        12          0          0          0          0        116   dretinf.o
        86          4          0          0          0        132   f2d.o
       140          4          0          0          0        132   fnaninf.o
        10          0          0          0          0        116   fpinit.o
         4          0          0          0          0        116   printf1.o
         0          0          0          0          0          0   usenofp.o
        48          0          0          0          0        124   fpclassify.o

    ----------------------------------------------------------------------
      4900        196        176          0         96       3264   Library Totals
         6          0          0          0          0          0   (incl. Padding)

    ----------------------------------------------------------------------

      Code (inc. data)   RO Data    RW Data    ZI Data      Debug   Library Name

      4594        188        176          0         96       2528   c_w.l
       252          8          0          0          0        612   fz_wm.l
        48          0          0          0          0        124   m_wm.l

    ----------------------------------------------------------------------
      4900        196        176          0         96       3264   Library Totals

    ----------------------------------------------------------------------

==============================================================================


      Code (inc. data)   RO Data    RW Data    ZI Data      Debug   

     41568       2152       1516        268      12788     513676   Grand Totals
     41568       2152       1516        268      12788     513676   ELF Image Totals
     41568       2152       1516        268          0          0   ROM Totals

==============================================================================

    Total RO  Size (Code + RO Data)                43084 (  42.07kB)
    Total RW  Size (RW Data + ZI Data)             13056 (  12.75kB)
    Total ROM Size (Code + RO Data + RW Data)      43352 (  42.34kB)

==============================================================================

